
> shakeit@1.0.0 test
> jest --coverage=false

FAIL src/screens/PerfilSorteado/components/PerfilSorteadoContent/PerfilSorteadoContent.test.tsx
  ● PerfilSorteadoContent Component › deve renderizar as medidas do usuário corretamente

    Unable to find an element with text: Camisa: M

    [36m<View>[39m
      [36m<View>[39m
        [36m<Text>[39m
          [0mMinhas Medidas[0m
        [36m</Text>[39m
        [36m<View>[39m
          [36m<View>[39m
            [36m<Image />[39m
            [36m<Text>[39m
              [0mCamisa[0m
            [36m</Text>[39m
            [36m<Text>[39m
              [0mM[0m
            [36m</Text>[39m
          [36m</View>[39m
          [36m<View>[39m
            [36m<Image />[39m
            [36m<Text>[39m
              [0mCalça[0m
            [36m</Text>[39m
            [36m<Text>[39m
              [0m42[0m
            [36m</Text>[39m
          [36m</View>[39m
          [36m<View>[39m
            [36m<Image />[39m
            [36m<Text>[39m
              [0mCalçado[0m
            [36m</Text>[39m
            [36m<Text>[39m
              [0m40[0m
            [36m</Text>[39m
          [36m</View>[39m
        [36m</View>[39m
      [36m</View>[39m
      [36m<View>[39m
        [36m<Text>[39m
          [0mMinhas Preferências[0m
        [36m</Text>[39m
        [36m<Text>[39m
          [0mCoisas que eu amo:[0m
        [36m</Text>[39m
        [36m<View>[39m
          [36m<Text>[39m
            [0mChocolate[0m
          [36m</Text>[39m
          [36m<Text>[39m
            [0mLivros[0m
          [36m</Text>[39m
          [36m<Text>[39m
            [0mCafé[0m
          [36m</Text>[39m
        [36m</View>[39m
        [36m<Text>[39m
          [0mMelhor evitar:[0m
        [36m</Text>[39m
        [36m<View>[39m
          [36m<Text>[39m
            [0mPimenta[0m
          [36m</Text>[39m
          [36m<Text>[39m
            [0mBarulho[0m
          [36m</Text>[39m
        [36m</View>[39m
      [36m</View>[39m
    [36m</View>[39m

      29 |     );
      30 |
    > 31 |     expect(getByText('Camisa: M')).toBeTruthy();
         |            ^
      32 |     expect(getByText('Calça: 42')).toBeTruthy();
      33 |     expect(getByText('Calçado: 40')).toBeTruthy();
      34 |   });

      at Object.getByText (src/screens/PerfilSorteado/components/PerfilSorteadoContent/PerfilSorteadoContent.test.tsx:31:12)

FAIL src/components/ParticipanteCard/ParticipanteCard.test.tsx
  ● ParticipanteCard Component › deve renderizar o nome do participante corretamente

    Objects are not valid as a React child (found: object with keys {testUri}). If you meant to render a collection of children, use an array instead.

      45 |
      46 |     it('deve renderizar o nome do participante corretamente', () => {
    > 47 |         const { getByText } = render(
         |                                     ^
      48 |             <ParticipanteCard participante={mockParticipante} />
      49 |         );
      50 |

      at throwOnInvalidObjectType (node_modules/react-test-renderer/cjs/react-test-renderer.development.js:4260:13)
      at reconcileChildFibersImpl (node_modules/react-test-renderer/cjs/react-test-renderer.development.js:5187:11)
      at node_modules/react-test-renderer/cjs/react-test-renderer.development.js:5227:33
      at reconcileChildren (node_modules/react-test-renderer/cjs/react-test-renderer.development.js:5735:13)
      at beginWork (node_modules/react-test-renderer/cjs/react-test-renderer.development.js:7551:13)
      at runWithFiberInDEV (node_modules/react-test-renderer/cjs/react-test-renderer.development.js:1574:13)
      at performUnitOfWork (node_modules/react-test-renderer/cjs/react-test-renderer.development.js:10972:22)
      at workLoopSync (node_modules/react-test-renderer/cjs/react-test-renderer.development.js:10816:41)
      at renderRootSync (node_modules/react-test-renderer/cjs/react-test-renderer.development.js:10797:11)
      at performWorkOnRoot (node_modules/react-test-renderer/cjs/react-test-renderer.development.js:10384:39)
      at performWorkOnRootViaSchedulerTask (node_modules/react-test-renderer/cjs/react-test-renderer.development.js:2094:7)
      at flushActQueue (node_modules/react/cjs/react.development.js:566:34)
      at Object.<anonymous>.process.env.NODE_ENV.exports.act (node_modules/react/cjs/react.development.js:859:10)
      at actImplementation (node_modules/@testing-library/react-native/src/act.ts:30:25)
      at renderWithAct (node_modules/@testing-library/react-native/src/render-act.ts:13:11)
      at renderInternal (node_modules/@testing-library/react-native/src/render.tsx:69:33)
      at renderInternal (node_modules/@testing-library/react-native/src/render.tsx:44:10)
      at Object.<anonymous> (src/components/ParticipanteCard/ParticipanteCard.test.tsx:47:37)

  ● ParticipanteCard Component › deve exibir o status "pendente" e o cadeado aberto quando não estiver confirmado

    Objects are not valid as a React child (found: object with keys {testUri}). If you meant to render a collection of children, use an array instead.

      53 |
      54 |     it('deve exibir o status "pendente" e o cadeado aberto quando não estiver confirmado', () => {
    > 55 |         const { getByText, UNSAFE_getByType } = render(
         |                                                       ^
      56 |             <ParticipanteCard participante={mockParticipante} />
      57 |         );
      58 |

      at throwOnInvalidObjectType (node_modules/react-test-renderer/cjs/react-test-renderer.development.js:4260:13)
      at reconcileChildFibersImpl (node_modules/react-test-renderer/cjs/react-test-renderer.development.js:5187:11)
      at node_modules/react-test-renderer/cjs/react-test-renderer.development.js:5227:33
      at reconcileChildren (node_modules/react-test-renderer/cjs/react-test-renderer.development.js:5735:13)
      at beginWork (node_modules/react-test-renderer/cjs/react-test-renderer.development.js:7551:13)
      at runWithFiberInDEV (node_modules/react-test-renderer/cjs/react-test-renderer.development.js:1574:13)
      at performUnitOfWork (node_modules/react-test-renderer/cjs/react-test-renderer.development.js:10972:22)
      at workLoopSync (node_modules/react-test-renderer/cjs/react-test-renderer.development.js:10816:41)
      at renderRootSync (node_modules/react-test-renderer/cjs/react-test-renderer.development.js:10797:11)
      at performWorkOnRoot (node_modules/react-test-renderer/cjs/react-test-renderer.development.js:10384:39)
      at performWorkOnRootViaSchedulerTask (node_modules/react-test-renderer/cjs/react-test-renderer.development.js:2094:7)
      at flushActQueue (node_modules/react/cjs/react.development.js:566:34)
      at Object.<anonymous>.process.env.NODE_ENV.exports.act (node_modules/react/cjs/react.development.js:859:10)
      at actImplementation (node_modules/@testing-library/react-native/src/act.ts:30:25)
      at renderWithAct (node_modules/@testing-library/react-native/src/render-act.ts:13:11)
      at renderInternal (node_modules/@testing-library/react-native/src/render.tsx:69:33)
      at renderInternal (node_modules/@testing-library/react-native/src/render.tsx:44:10)
      at Object.<anonymous> (src/components/ParticipanteCard/ParticipanteCard.test.tsx:55:55)

  ● ParticipanteCard Component › deve exibir apenas o cadeado fechado quando o participante estiver confirmado

    Objects are not valid as a React child (found: object with keys {testUri}). If you meant to render a collection of children, use an array instead.

      71 |         };
      72 |
    > 73 |         const { queryByText, UNSAFE_getByType } = render(
         |                                                         ^
      74 |             <ParticipanteCard participante={participanteConfirmado} />
      75 |         );
      76 |

      at throwOnInvalidObjectType (node_modules/react-test-renderer/cjs/react-test-renderer.development.js:4260:13)
      at reconcileChildFibersImpl (node_modules/react-test-renderer/cjs/react-test-renderer.development.js:5187:11)
      at node_modules/react-test-renderer/cjs/react-test-renderer.development.js:5227:33
      at reconcileChildren (node_modules/react-test-renderer/cjs/react-test-renderer.development.js:5735:13)
      at beginWork (node_modules/react-test-renderer/cjs/react-test-renderer.development.js:7551:13)
      at runWithFiberInDEV (node_modules/react-test-renderer/cjs/react-test-renderer.development.js:1574:13)
      at performUnitOfWork (node_modules/react-test-renderer/cjs/react-test-renderer.development.js:10972:22)
      at workLoopSync (node_modules/react-test-renderer/cjs/react-test-renderer.development.js:10816:41)
      at renderRootSync (node_modules/react-test-renderer/cjs/react-test-renderer.development.js:10797:11)
      at performWorkOnRoot (node_modules/react-test-renderer/cjs/react-test-renderer.development.js:10384:39)
      at performWorkOnRootViaSchedulerTask (node_modules/react-test-renderer/cjs/react-test-renderer.development.js:2094:7)
      at flushActQueue (node_modules/react/cjs/react.development.js:566:34)
      at Object.<anonymous>.process.env.NODE_ENV.exports.act (node_modules/react/cjs/react.development.js:859:10)
      at actImplementation (node_modules/@testing-library/react-native/src/act.ts:30:25)
      at renderWithAct (node_modules/@testing-library/react-native/src/render-act.ts:13:11)
      at renderInternal (node_modules/@testing-library/react-native/src/render.tsx:69:33)
      at renderInternal (node_modules/@testing-library/react-native/src/render.tsx:44:10)
      at Object.<anonymous> (src/components/ParticipanteCard/ParticipanteCard.test.tsx:73:57)

FAIL src/screens/ShakeReveal/ShakeReveal.test.tsx
  ● Ecrã ShakeReveal (Tela 6) › deve renderizar os textos de instrução visual e a caixa de presente

    ReferenceError: getByTestId is not defined

      55 |     expect(getByText('O Sorteio realizado!')).toBeTruthy();
      56 |     expect(getByText('Chacoalhe o celular para descobrir o seu amigo secreto...')).toBeTruthy();
    > 57 |     expect(getByTestId('present-image')).toBeTruthy();
         |     ^
      58 |   });
      59 |
      60 |   it('deve vibrar, acionar explosao e navegar para a Tela 7 ao detetar shake real pelo sensor', async () => {

      at Object.expect (src/screens/ShakeReveal/ShakeReveal.test.tsx:57:5)

(node:360661) [DEP0040] DeprecationWarning: The `punycode` module is deprecated. Please use a userland alternative instead.
(Use `node --trace-deprecation ...` to show where the warning was created)
PASS src/screens/PartyAdmin/PartyAdmin.test.tsx
  ● Console

    console.error
      Each child in a list should have a unique "key" prop.
      
      Check the render method of `View`. It was passed a child from VirtualizedList. See https://react.dev/link/warning-keys for more information.

      41 |
      42 |   it('deve renderizar o título do header corretamente', () => {
    > 43 |     render(<PartyAdminScreen />);
         |           ^
      44 |     expect(screen.getByText('Painel do Evento')).toBeTruthy();
      45 |   });
      46 |

      at node_modules/react-test-renderer/cjs/react-test-renderer.development.js:14140:21
      at runWithFiberInDEV (node_modules/react-test-renderer/cjs/react-test-renderer.development.js:1574:13)
      at warnForMissingKey (node_modules/react-test-renderer/cjs/react-test-renderer.development.js:14139:11)
      at warnOnInvalidKey (node_modules/react-test-renderer/cjs/react-test-renderer.development.js:4728:13)
      at reconcileChildrenArray (node_modules/react-test-renderer/cjs/react-test-renderer.development.js:4807:31)
      at reconcileChildFibersImpl (node_modules/react-test-renderer/cjs/react-test-renderer.development.js:5122:30)
      at node_modules/react-test-renderer/cjs/react-test-renderer.development.js:5227:33
      at reconcileChildren (node_modules/react-test-renderer/cjs/react-test-renderer.development.js:5735:13)
      at beginWork (node_modules/react-test-renderer/cjs/react-test-renderer.development.js:7551:13)
      at runWithFiberInDEV (node_modules/react-test-renderer/cjs/react-test-renderer.development.js:1574:13)
      at performUnitOfWork (node_modules/react-test-renderer/cjs/react-test-renderer.development.js:10972:22)
      at workLoopSync (node_modules/react-test-renderer/cjs/react-test-renderer.development.js:10816:41)
      at renderRootSync (node_modules/react-test-renderer/cjs/react-test-renderer.development.js:10797:11)
      at performWorkOnRoot (node_modules/react-test-renderer/cjs/react-test-renderer.development.js:10349:13)
      at performWorkOnRootViaSchedulerTask (node_modules/react-test-renderer/cjs/react-test-renderer.development.js:2094:7)
      at flushActQueue (node_modules/react/cjs/react.development.js:566:34)
      at Object.<anonymous>.process.env.NODE_ENV.exports.act (node_modules/react/cjs/react.development.js:859:10)
      at actImplementation (node_modules/@testing-library/react-native/src/act.ts:30:25)
      at renderWithAct (node_modules/@testing-library/react-native/src/render-act.ts:13:11)
      at renderInternal (node_modules/@testing-library/react-native/src/render.tsx:69:33)
      at renderInternal (node_modules/@testing-library/react-native/src/render.tsx:44:10)
      at Object.<anonymous> (src/screens/PartyAdmin/PartyAdmin.test.tsx:43:11)

PASS src/screens/FormDependente/FormDependente.test.tsx
  ● Console

    console.error
      An update to HookContainer inside a test was not wrapped in act(...).
      
      When testing, code that causes React state updates should be wrapped into act(...):
      
      act(() => {
        /* fire events that update state */
      });
      /* assert on the output */
      
      This ensures that you're testing the behavior the user would see in the browser. Learn more at https://react.dev/link/wrap-tests-with-act

      90 |             // Buscar Wishlist do dependente
      91 |             getOrCreateWishlist(dependentToEdit.id, "dependent").then(wishlist => {
    > 92 |                 setGostos(wishlist.likes_tags || []);
         |                 ^
      93 |                 setOriginalGostos(wishlist.likes_tags || []);
      94 |                 setEvitar(wishlist.avoids_tags || []);
      95 |                 setOriginalEvitar(wishlist.avoids_tags || []);

      at node_modules/react-test-renderer/cjs/react-test-renderer.development.js:11801:19
      at runWithFiberInDEV (node_modules/react-test-renderer/cjs/react-test-renderer.development.js:1574:13)
      at warnIfUpdatesNotWrappedWithActDEV (node_modules/react-test-renderer/cjs/react-test-renderer.development.js:11800:9)
      at scheduleUpdateOnFiber (node_modules/react-test-renderer/cjs/react-test-renderer.development.js:10326:9)
      at dispatchSetStateInternal (node_modules/react-test-renderer/cjs/react-test-renderer.development.js:4148:13)
      at dispatchSetState (node_modules/react-test-renderer/cjs/react-test-renderer.development.js:4107:7)
      at setGostos (src/screens/FormDependente/FormDependenteViewModel.ts:92:17)

    console.error
      An update to HookContainer inside a test was not wrapped in act(...).
      
      When testing, code that causes React state updates should be wrapped into act(...):
      
      act(() => {
        /* fire events that update state */
      });
      /* assert on the output */
      
      This ensures that you're testing the behavior the user would see in the browser. Learn more at https://react.dev/link/wrap-tests-with-act

      91 |             getOrCreateWishlist(dependentToEdit.id, "dependent").then(wishlist => {
      92 |                 setGostos(wishlist.likes_tags || []);
    > 93 |                 setOriginalGostos(wishlist.likes_tags || []);
         |                 ^
      94 |                 setEvitar(wishlist.avoids_tags || []);
      95 |                 setOriginalEvitar(wishlist.avoids_tags || []);
      96 |             });

      at node_modules/react-test-renderer/cjs/react-test-renderer.development.js:11801:19
      at runWithFiberInDEV (node_modules/react-test-renderer/cjs/react-test-renderer.development.js:1574:13)
      at warnIfUpdatesNotWrappedWithActDEV (node_modules/react-test-renderer/cjs/react-test-renderer.development.js:11800:9)
      at scheduleUpdateOnFiber (node_modules/react-test-renderer/cjs/react-test-renderer.development.js:10326:9)
      at dispatchSetStateInternal (node_modules/react-test-renderer/cjs/react-test-renderer.development.js:4148:13)
      at dispatchSetState (node_modules/react-test-renderer/cjs/react-test-renderer.development.js:4107:7)
      at setOriginalGostos (src/screens/FormDependente/FormDependenteViewModel.ts:93:17)

    console.error
      An update to HookContainer inside a test was not wrapped in act(...).
      
      When testing, code that causes React state updates should be wrapped into act(...):
      
      act(() => {
        /* fire events that update state */
      });
      /* assert on the output */
      
      This ensures that you're testing the behavior the user would see in the browser. Learn more at https://react.dev/link/wrap-tests-with-act

      92 |                 setGostos(wishlist.likes_tags || []);
      93 |                 setOriginalGostos(wishlist.likes_tags || []);
    > 94 |                 setEvitar(wishlist.avoids_tags || []);
         |                 ^
      95 |                 setOriginalEvitar(wishlist.avoids_tags || []);
      96 |             });
      97 |         }

      at node_modules/react-test-renderer/cjs/react-test-renderer.development.js:11801:19
      at runWithFiberInDEV (node_modules/react-test-renderer/cjs/react-test-renderer.development.js:1574:13)
      at warnIfUpdatesNotWrappedWithActDEV (node_modules/react-test-renderer/cjs/react-test-renderer.development.js:11800:9)
      at scheduleUpdateOnFiber (node_modules/react-test-renderer/cjs/react-test-renderer.development.js:10326:9)
      at dispatchSetStateInternal (node_modules/react-test-renderer/cjs/react-test-renderer.development.js:4148:13)
      at dispatchSetState (node_modules/react-test-renderer/cjs/react-test-renderer.development.js:4107:7)
      at setEvitar (src/screens/FormDependente/FormDependenteViewModel.ts:94:17)

    console.error
      An update to HookContainer inside a test was not wrapped in act(...).
      
      When testing, code that causes React state updates should be wrapped into act(...):
      
      act(() => {
        /* fire events that update state */
      });
      /* assert on the output */
      
      This ensures that you're testing the behavior the user would see in the browser. Learn more at https://react.dev/link/wrap-tests-with-act

      93 |                 setOriginalGostos(wishlist.likes_tags || []);
      94 |                 setEvitar(wishlist.avoids_tags || []);
    > 95 |                 setOriginalEvitar(wishlist.avoids_tags || []);
         |                 ^
      96 |             });
      97 |         }
      98 |     }, [dependentToEdit]);

      at node_modules/react-test-renderer/cjs/react-test-renderer.development.js:11801:19
      at runWithFiberInDEV (node_modules/react-test-renderer/cjs/react-test-renderer.development.js:1574:13)
      at warnIfUpdatesNotWrappedWithActDEV (node_modules/react-test-renderer/cjs/react-test-renderer.development.js:11800:9)
      at scheduleUpdateOnFiber (node_modules/react-test-renderer/cjs/react-test-renderer.development.js:10326:9)
      at dispatchSetStateInternal (node_modules/react-test-renderer/cjs/react-test-renderer.development.js:4148:13)
      at dispatchSetState (node_modules/react-test-renderer/cjs/react-test-renderer.development.js:4107:7)
      at setOriginalEvitar (src/screens/FormDependente/FormDependenteViewModel.ts:95:17)

PASS src/screens/MeuPerfil/MeuPerfil.test.tsx
  ● Console

    console.warn
      A function to advance timers was called but the timers APIs are not replaced with fake timers. Call `jest.useFakeTimers()` in this test file or enable fake timers for all tests by setting 'fakeTimers': {'enableGlobally': true} in Jest configuration file.
      Stack Trace:
      
            127 |
            128 |     afterEach(() => {
          > 129 |         jest.runOnlyPendingTimers();
                |              ^
            130 |         jest.useRealTimers();
            131 |     });
            132 |
      
            Error: 
            at FakeTimers._checkFakeTimers (node_modules/@jest/fake-timers/build/modernFakeTimers.js:158:13)
            at FakeTimers.runOnlyPendingTimers (node_modules/@jest/fake-timers/build/modernFakeTimers.js:59:14)
            at Object.runOnlyPendingTimers (src/screens/MeuPerfil/MeuPerfil.test.tsx:129:14)

      127 |
      128 |     afterEach(() => {
    > 129 |         jest.runOnlyPendingTimers();
          |              ^
      130 |         jest.useRealTimers();
      131 |     });
      132 |

      at FakeTimers._checkFakeTimers (node_modules/@jest/fake-timers/build/modernFakeTimers.js:152:28)
      at FakeTimers.runOnlyPendingTimers (node_modules/@jest/fake-timers/build/modernFakeTimers.js:59:14)
      at Object.runOnlyPendingTimers (src/screens/MeuPerfil/MeuPerfil.test.tsx:129:14)

    console.warn
      A function to advance timers was called but the timers APIs are not replaced with fake timers. Call `jest.useFakeTimers()` in this test file or enable fake timers for all tests by setting 'fakeTimers': {'enableGlobally': true} in Jest configuration file.
      Stack Trace:
      
            127 |
            128 |     afterEach(() => {
          > 129 |         jest.runOnlyPendingTimers();
                |              ^
            130 |         jest.useRealTimers();
            131 |     });
            132 |
      
            Error: 
            at FakeTimers._checkFakeTimers (node_modules/@jest/fake-timers/build/modernFakeTimers.js:158:13)
            at FakeTimers.runOnlyPendingTimers (node_modules/@jest/fake-timers/build/modernFakeTimers.js:59:14)
            at Object.runOnlyPendingTimers (src/screens/MeuPerfil/MeuPerfil.test.tsx:129:14)

      127 |
      128 |     afterEach(() => {
    > 129 |         jest.runOnlyPendingTimers();
          |              ^
      130 |         jest.useRealTimers();
      131 |     });
      132 |

      at FakeTimers._checkFakeTimers (node_modules/@jest/fake-timers/build/modernFakeTimers.js:152:28)
      at FakeTimers.runOnlyPendingTimers (node_modules/@jest/fake-timers/build/modernFakeTimers.js:59:14)
      at Object.runOnlyPendingTimers (src/screens/MeuPerfil/MeuPerfil.test.tsx:129:14)

    console.warn
      A function to advance timers was called but the timers APIs are not replaced with fake timers. Call `jest.useFakeTimers()` in this test file or enable fake timers for all tests by setting 'fakeTimers': {'enableGlobally': true} in Jest configuration file.
      Stack Trace:
      
            127 |
            128 |     afterEach(() => {
          > 129 |         jest.runOnlyPendingTimers();
                |              ^
            130 |         jest.useRealTimers();
            131 |     });
            132 |
      
            Error: 
            at FakeTimers._checkFakeTimers (node_modules/@jest/fake-timers/build/modernFakeTimers.js:158:13)
            at FakeTimers.runOnlyPendingTimers (node_modules/@jest/fake-timers/build/modernFakeTimers.js:59:14)
            at Object.runOnlyPendingTimers (src/screens/MeuPerfil/MeuPerfil.test.tsx:129:14)

      127 |
      128 |     afterEach(() => {
    > 129 |         jest.runOnlyPendingTimers();
          |              ^
      130 |         jest.useRealTimers();
      131 |     });
      132 |

      at FakeTimers._checkFakeTimers (node_modules/@jest/fake-timers/build/modernFakeTimers.js:152:28)
      at FakeTimers.runOnlyPendingTimers (node_modules/@jest/fake-timers/build/modernFakeTimers.js:59:14)
      at Object.runOnlyPendingTimers (src/screens/MeuPerfil/MeuPerfil.test.tsx:129:14)

    console.warn
      A function to advance timers was called but the timers APIs are not replaced with fake timers. Call `jest.useFakeTimers()` in this test file or enable fake timers for all tests by setting 'fakeTimers': {'enableGlobally': true} in Jest configuration file.
      Stack Trace:
      
            127 |
            128 |     afterEach(() => {
          > 129 |         jest.runOnlyPendingTimers();
                |              ^
            130 |         jest.useRealTimers();
            131 |     });
            132 |
      
            Error: 
            at FakeTimers._checkFakeTimers (node_modules/@jest/fake-timers/build/modernFakeTimers.js:158:13)
            at FakeTimers.runOnlyPendingTimers (node_modules/@jest/fake-timers/build/modernFakeTimers.js:59:14)
            at Object.runOnlyPendingTimers (src/screens/MeuPerfil/MeuPerfil.test.tsx:129:14)

      127 |
      128 |     afterEach(() => {
    > 129 |         jest.runOnlyPendingTimers();
          |              ^
      130 |         jest.useRealTimers();
      131 |     });
      132 |

      at FakeTimers._checkFakeTimers (node_modules/@jest/fake-timers/build/modernFakeTimers.js:152:28)
      at FakeTimers.runOnlyPendingTimers (node_modules/@jest/fake-timers/build/modernFakeTimers.js:59:14)
      at Object.runOnlyPendingTimers (src/screens/MeuPerfil/MeuPerfil.test.tsx:129:14)

    console.warn
      A function to advance timers was called but the timers APIs are not replaced with fake timers. Call `jest.useFakeTimers()` in this test file or enable fake timers for all tests by setting 'fakeTimers': {'enableGlobally': true} in Jest configuration file.
      Stack Trace:
      
            127 |
            128 |     afterEach(() => {
          > 129 |         jest.runOnlyPendingTimers();
                |              ^
            130 |         jest.useRealTimers();
            131 |     });
            132 |
      
            Error: 
            at FakeTimers._checkFakeTimers (node_modules/@jest/fake-timers/build/modernFakeTimers.js:158:13)
            at FakeTimers.runOnlyPendingTimers (node_modules/@jest/fake-timers/build/modernFakeTimers.js:59:14)
            at Object.runOnlyPendingTimers (src/screens/MeuPerfil/MeuPerfil.test.tsx:129:14)

      127 |
      128 |     afterEach(() => {
    > 129 |         jest.runOnlyPendingTimers();
          |              ^
      130 |         jest.useRealTimers();
      131 |     });
      132 |

      at FakeTimers._checkFakeTimers (node_modules/@jest/fake-timers/build/modernFakeTimers.js:152:28)
      at FakeTimers.runOnlyPendingTimers (node_modules/@jest/fake-timers/build/modernFakeTimers.js:59:14)
      at Object.runOnlyPendingTimers (src/screens/MeuPerfil/MeuPerfil.test.tsx:129:14)

    console.warn
      A function to advance timers was called but the timers APIs are not replaced with fake timers. Call `jest.useFakeTimers()` in this test file or enable fake timers for all tests by setting 'fakeTimers': {'enableGlobally': true} in Jest configuration file.
      Stack Trace:
      
            127 |
            128 |     afterEach(() => {
          > 129 |         jest.runOnlyPendingTimers();
                |              ^
            130 |         jest.useRealTimers();
            131 |     });
            132 |
      
            Error: 
            at FakeTimers._checkFakeTimers (node_modules/@jest/fake-timers/build/modernFakeTimers.js:158:13)
            at FakeTimers.runOnlyPendingTimers (node_modules/@jest/fake-timers/build/modernFakeTimers.js:59:14)
            at Object.runOnlyPendingTimers (src/screens/MeuPerfil/MeuPerfil.test.tsx:129:14)

      127 |
      128 |     afterEach(() => {
    > 129 |         jest.runOnlyPendingTimers();
          |              ^
      130 |         jest.useRealTimers();
      131 |     });
      132 |

      at FakeTimers._checkFakeTimers (node_modules/@jest/fake-timers/build/modernFakeTimers.js:152:28)
      at FakeTimers.runOnlyPendingTimers (node_modules/@jest/fake-timers/build/modernFakeTimers.js:59:14)
      at Object.runOnlyPendingTimers (src/screens/MeuPerfil/MeuPerfil.test.tsx:129:14)

    console.warn
      A function to advance timers was called but the timers APIs are not replaced with fake timers. Call `jest.useFakeTimers()` in this test file or enable fake timers for all tests by setting 'fakeTimers': {'enableGlobally': true} in Jest configuration file.
      Stack Trace:
      
            127 |
            128 |     afterEach(() => {
          > 129 |         jest.runOnlyPendingTimers();
                |              ^
            130 |         jest.useRealTimers();
            131 |     });
            132 |
      
            Error: 
            at FakeTimers._checkFakeTimers (node_modules/@jest/fake-timers/build/modernFakeTimers.js:158:13)
            at FakeTimers.runOnlyPendingTimers (node_modules/@jest/fake-timers/build/modernFakeTimers.js:59:14)
            at Object.runOnlyPendingTimers (src/screens/MeuPerfil/MeuPerfil.test.tsx:129:14)

      127 |
      128 |     afterEach(() => {
    > 129 |         jest.runOnlyPendingTimers();
          |              ^
      130 |         jest.useRealTimers();
      131 |     });
      132 |

      at FakeTimers._checkFakeTimers (node_modules/@jest/fake-timers/build/modernFakeTimers.js:152:28)
      at FakeTimers.runOnlyPendingTimers (node_modules/@jest/fake-timers/build/modernFakeTimers.js:59:14)
      at Object.runOnlyPendingTimers (src/screens/MeuPerfil/MeuPerfil.test.tsx:129:14)

    console.warn
      A function to advance timers was called but the timers APIs are not replaced with fake timers. Call `jest.useFakeTimers()` in this test file or enable fake timers for all tests by setting 'fakeTimers': {'enableGlobally': true} in Jest configuration file.
      Stack Trace:
      
            127 |
            128 |     afterEach(() => {
          > 129 |         jest.runOnlyPendingTimers();
                |              ^
            130 |         jest.useRealTimers();
            131 |     });
            132 |
      
            Error: 
            at FakeTimers._checkFakeTimers (node_modules/@jest/fake-timers/build/modernFakeTimers.js:158:13)
            at FakeTimers.runOnlyPendingTimers (node_modules/@jest/fake-timers/build/modernFakeTimers.js:59:14)
            at Object.runOnlyPendingTimers (src/screens/MeuPerfil/MeuPerfil.test.tsx:129:14)

      127 |
      128 |     afterEach(() => {
    > 129 |         jest.runOnlyPendingTimers();
          |              ^
      130 |         jest.useRealTimers();
      131 |     });
      132 |

      at FakeTimers._checkFakeTimers (node_modules/@jest/fake-timers/build/modernFakeTimers.js:152:28)
      at FakeTimers.runOnlyPendingTimers (node_modules/@jest/fake-timers/build/modernFakeTimers.js:59:14)
      at Object.runOnlyPendingTimers (src/screens/MeuPerfil/MeuPerfil.test.tsx:129:14)

    console.warn
      A function to advance timers was called but the timers APIs are not replaced with fake timers. Call `jest.useFakeTimers()` in this test file or enable fake timers for all tests by setting 'fakeTimers': {'enableGlobally': true} in Jest configuration file.
      Stack Trace:
      
            127 |
            128 |     afterEach(() => {
          > 129 |         jest.runOnlyPendingTimers();
                |              ^
            130 |         jest.useRealTimers();
            131 |     });
            132 |
      
            Error: 
            at FakeTimers._checkFakeTimers (node_modules/@jest/fake-timers/build/modernFakeTimers.js:158:13)
            at FakeTimers.runOnlyPendingTimers (node_modules/@jest/fake-timers/build/modernFakeTimers.js:59:14)
            at Object.runOnlyPendingTimers (src/screens/MeuPerfil/MeuPerfil.test.tsx:129:14)

      127 |
      128 |     afterEach(() => {
    > 129 |         jest.runOnlyPendingTimers();
          |              ^
      130 |         jest.useRealTimers();
      131 |     });
      132 |

      at FakeTimers._checkFakeTimers (node_modules/@jest/fake-timers/build/modernFakeTimers.js:152:28)
      at FakeTimers.runOnlyPendingTimers (node_modules/@jest/fake-timers/build/modernFakeTimers.js:59:14)
      at Object.runOnlyPendingTimers (src/screens/MeuPerfil/MeuPerfil.test.tsx:129:14)

FAIL src/screens/ParticipantLobby/ParticipantLobbyScreen.test.tsx
  ● Console

    console.warn
      An error occurred in the <Text> component.
      
      Consider adding an error boundary to your tree to customize error handling behavior.
      Visit https://react.dev/link/error-boundaries to learn more about error boundaries.

      at defaultOnUncaughtError (node_modules/react-test-renderer/cjs/react-test-renderer.development.js:5452:15)
      at logUncaughtError (node_modules/react-test-renderer/cjs/react-test-renderer.development.js:5512:11)
      at runWithFiberInDEV (node_modules/react-test-renderer/cjs/react-test-renderer.development.js:1574:13)
      at lane.callback (node_modules/react-test-renderer/cjs/react-test-renderer.development.js:5542:9)
      at callCallback (node_modules/react-test-renderer/cjs/react-test-renderer.development.js:2700:16)
      at commitCallbacks (node_modules/react-test-renderer/cjs/react-test-renderer.development.js:2720:11)
      at runWithFiberInDEV (node_modules/react-test-renderer/cjs/react-test-renderer.development.js:1574:13)
      at commitLayoutEffectOnFiber (node_modules/react-test-renderer/cjs/react-test-renderer.development.js:8936:15)
      at flushLayoutEffects (node_modules/react-test-renderer/cjs/react-test-renderer.development.js:11356:13)
      at commitRoot (node_modules/react-test-renderer/cjs/react-test-renderer.development.js:11310:9)
      at commitRootWhenReady (node_modules/react-test-renderer/cjs/react-test-renderer.development.js:10532:7)
      at performWorkOnRoot (node_modules/react-test-renderer/cjs/react-test-renderer.development.js:10494:15)
      at performWorkOnRootViaSchedulerTask (node_modules/react-test-renderer/cjs/react-test-renderer.development.js:2094:7)
      at Immediate.performWorkUntilDeadline [as _onImmediate] (node_modules/scheduler/cjs/scheduler.native.development.js:45:48)

    console.warn
      An error occurred in the <Text> component.
      
      Consider adding an error boundary to your tree to customize error handling behavior.
      Visit https://react.dev/link/error-boundaries to learn more about error boundaries.

      at defaultOnUncaughtError (node_modules/react-test-renderer/cjs/react-test-renderer.development.js:5452:15)
      at logUncaughtError (node_modules/react-test-renderer/cjs/react-test-renderer.development.js:5512:11)
      at runWithFiberInDEV (node_modules/react-test-renderer/cjs/react-test-renderer.development.js:1574:13)
      at lane.callback (node_modules/react-test-renderer/cjs/react-test-renderer.development.js:5542:9)
      at callCallback (node_modules/react-test-renderer/cjs/react-test-renderer.development.js:2700:16)
      at commitCallbacks (node_modules/react-test-renderer/cjs/react-test-renderer.development.js:2720:11)
      at runWithFiberInDEV (node_modules/react-test-renderer/cjs/react-test-renderer.development.js:1574:13)
      at commitLayoutEffectOnFiber (node_modules/react-test-renderer/cjs/react-test-renderer.development.js:8936:15)
      at flushLayoutEffects (node_modules/react-test-renderer/cjs/react-test-renderer.development.js:11356:13)
      at commitRoot (node_modules/react-test-renderer/cjs/react-test-renderer.development.js:11310:9)
      at commitRootWhenReady (node_modules/react-test-renderer/cjs/react-test-renderer.development.js:10532:7)
      at performWorkOnRoot (node_modules/react-test-renderer/cjs/react-test-renderer.development.js:10494:15)
      at performWorkOnRootViaSchedulerTask (node_modules/react-test-renderer/cjs/react-test-renderer.development.js:2094:7)
      at Immediate.performWorkUntilDeadline [as _onImmediate] (node_modules/scheduler/cjs/scheduler.native.development.js:45:48)

  ● Tela ParticipantLobby › deve renderizar a sala de espera com cabeçalho e contagem de participantes correta

    Unable to find node on an unmounted component.

      35 |
      36 |     // 1 confirmado de 2 totais no mock
    > 37 |     expect(await findByText(/Participantes \(1\/2\)/)).toBeTruthy();
         |                  ^
      38 |   });
      39 |
      40 |   it('garante segurança de UI não renderizando botão de Sorteio ou QR Code do Admin', async () => {

      at Object.findByText (src/screens/ParticipantLobby/ParticipantLobbyScreen.test.tsx:37:18)
      at asyncGeneratorStep (node_modules/@babel/runtime/helpers/asyncToGenerator.js:3:17)
      at _next (node_modules/@babel/runtime/helpers/asyncToGenerator.js:17:9)
      at node_modules/@babel/runtime/helpers/asyncToGenerator.js:22:7
      at Object.<anonymous> (node_modules/@babel/runtime/helpers/asyncToGenerator.js:14:12)

  ● Tela ParticipantLobby › garante segurança de UI não renderizando botão de Sorteio ou QR Code do Admin

    Unable to find node on an unmounted component.

      41 |     const { queryByText, findByText } = render(<ParticipantLobbyScreen />);
      42 |
    > 43 |     await findByText(/Participantes \(1\/2\)/);
         |           ^
      44 |
      45 |     // Não deve existir botões ou convites do PartyAdmin
      46 |     expect(queryByText('Realizar Sorteio')).toBeNull();

      at Object.findByText (src/screens/ParticipantLobby/ParticipantLobbyScreen.test.tsx:43:11)
      at asyncGeneratorStep (node_modules/@babel/runtime/helpers/asyncToGenerator.js:3:17)
      at _next (node_modules/@babel/runtime/helpers/asyncToGenerator.js:17:9)
      at node_modules/@babel/runtime/helpers/asyncToGenerator.js:22:7
      at Object.<anonymous> (node_modules/@babel/runtime/helpers/asyncToGenerator.js:14:12)

PASS src/screens/PartyPreview/PartyPreviewScreen.test.tsx
PASS src/screens/CreateParty/CreateParty.test.tsx
  ● Console

    console.log
      Party criada no Firebase: {
        id: 'mockPartyId',
        name: 'Natal 2026',
        minPrice: 10,
        maxPrice: 50,
        idAdmin: 1,
        inviteCode: '#XYZ123',
        eventDate: '2026-12-25T00:00:00.000Z',
        status: 'Aguardando Sorteio'
      }

      at log (src/screens/CreateParty/CreatePartyViewModel.ts:130:15)

    console.log
      Criador da party registrado como participante: {}

      at log (src/screens/CreateParty/CreatePartyViewModel.ts:133:15)

PASS src/screens/PartyDrawRestrictions/PartyDrawRestrictions.test.tsx
PASS src/screens/Home/Home.test.tsx
PASS src/screens/Scan/ScanScreen.test.tsx
PASS src/screens/Settings/Settings.test.tsx
PASS src/screens/Login/Login.test.tsx
PASS src/screens/Registration/Registration.test.tsx
PASS src/screens/GestaoDependentes/GestaoDependentes.test.tsx
  ● Console

    console.error
      An update to HookContainer inside a test was not wrapped in act(...).
      
      When testing, code that causes React state updates should be wrapped into act(...):
      
      act(() => {
        /* fire events that update state */
      });
      /* assert on the output */
      
      This ensures that you're testing the behavior the user would see in the browser. Learn more at https://react.dev/link/wrap-tests-with-act

      30 |                 };
      31 |             }));
    > 32 |             setDependents(depsWithWishlist as Dependent[]);
         |             ^
      33 |         } catch (error) {
      34 |             console.error("Erro ao carregar dependentes:", error);
      35 |             setErrorMessage("Não foi possível carregar os dependentes.");

      at node_modules/react-test-renderer/cjs/react-test-renderer.development.js:11801:19
      at runWithFiberInDEV (node_modules/react-test-renderer/cjs/react-test-renderer.development.js:1574:13)
      at warnIfUpdatesNotWrappedWithActDEV (node_modules/react-test-renderer/cjs/react-test-renderer.development.js:11800:9)
      at scheduleUpdateOnFiber (node_modules/react-test-renderer/cjs/react-test-renderer.development.js:10326:9)
      at dispatchSetStateInternal (node_modules/react-test-renderer/cjs/react-test-renderer.development.js:4148:13)
      at dispatchSetState (node_modules/react-test-renderer/cjs/react-test-renderer.development.js:4107:7)
      at setDependents (src/screens/GestaoDependentes/GestaoDependentesViewModel.ts:32:13)
      at asyncGeneratorStep (node_modules/@babel/runtime/helpers/asyncToGenerator.js:3:17)
      at _next (node_modules/@babel/runtime/helpers/asyncToGenerator.js:17:9)

    console.error
      An update to HookContainer inside a test was not wrapped in act(...).
      
      When testing, code that causes React state updates should be wrapped into act(...):
      
      act(() => {
        /* fire events that update state */
      });
      /* assert on the output */
      
      This ensures that you're testing the behavior the user would see in the browser. Learn more at https://react.dev/link/wrap-tests-with-act

      35 |             setErrorMessage("Não foi possível carregar os dependentes.");
      36 |         } finally {
    > 37 |             setIsLoading(false);
         |             ^
      38 |         }
      39 |     }, [usuarioAtual]);
      40 |

      at node_modules/react-test-renderer/cjs/react-test-renderer.development.js:11801:19
      at runWithFiberInDEV (node_modules/react-test-renderer/cjs/react-test-renderer.development.js:1574:13)
      at warnIfUpdatesNotWrappedWithActDEV (node_modules/react-test-renderer/cjs/react-test-renderer.development.js:11800:9)
      at scheduleUpdateOnFiber (node_modules/react-test-renderer/cjs/react-test-renderer.development.js:10326:9)
      at dispatchSetStateInternal (node_modules/react-test-renderer/cjs/react-test-renderer.development.js:4148:13)
      at dispatchSetState (node_modules/react-test-renderer/cjs/react-test-renderer.development.js:4107:7)
      at setIsLoading (src/screens/GestaoDependentes/GestaoDependentesViewModel.ts:37:13)
      at asyncGeneratorStep (node_modules/@babel/runtime/helpers/asyncToGenerator.js:3:17)
      at _next (node_modules/@babel/runtime/helpers/asyncToGenerator.js:17:9)

    console.error
      An update to HookContainer inside a test was not wrapped in act(...).
      
      When testing, code that causes React state updates should be wrapped into act(...):
      
      act(() => {
        /* fire events that update state */
      });
      /* assert on the output */
      
      This ensures that you're testing the behavior the user would see in the browser. Learn more at https://react.dev/link/wrap-tests-with-act

      30 |                 };
      31 |             }));
    > 32 |             setDependents(depsWithWishlist as Dependent[]);
         |             ^
      33 |         } catch (error) {
      34 |             console.error("Erro ao carregar dependentes:", error);
      35 |             setErrorMessage("Não foi possível carregar os dependentes.");

      at node_modules/react-test-renderer/cjs/react-test-renderer.development.js:11801:19
      at runWithFiberInDEV (node_modules/react-test-renderer/cjs/react-test-renderer.development.js:1574:13)
      at warnIfUpdatesNotWrappedWithActDEV (node_modules/react-test-renderer/cjs/react-test-renderer.development.js:11800:9)
      at scheduleUpdateOnFiber (node_modules/react-test-renderer/cjs/react-test-renderer.development.js:10326:9)
      at dispatchSetStateInternal (node_modules/react-test-renderer/cjs/react-test-renderer.development.js:4148:13)
      at dispatchSetState (node_modules/react-test-renderer/cjs/react-test-renderer.development.js:4107:7)
      at setDependents (src/screens/GestaoDependentes/GestaoDependentesViewModel.ts:32:13)
      at asyncGeneratorStep (node_modules/@babel/runtime/helpers/asyncToGenerator.js:3:17)
      at _next (node_modules/@babel/runtime/helpers/asyncToGenerator.js:17:9)

    console.error
      An update to HookContainer inside a test was not wrapped in act(...).
      
      When testing, code that causes React state updates should be wrapped into act(...):
      
      act(() => {
        /* fire events that update state */
      });
      /* assert on the output */
      
      This ensures that you're testing the behavior the user would see in the browser. Learn more at https://react.dev/link/wrap-tests-with-act

      35 |             setErrorMessage("Não foi possível carregar os dependentes.");
      36 |         } finally {
    > 37 |             setIsLoading(false);
         |             ^
      38 |         }
      39 |     }, [usuarioAtual]);
      40 |

      at node_modules/react-test-renderer/cjs/react-test-renderer.development.js:11801:19
      at runWithFiberInDEV (node_modules/react-test-renderer/cjs/react-test-renderer.development.js:1574:13)
      at warnIfUpdatesNotWrappedWithActDEV (node_modules/react-test-renderer/cjs/react-test-renderer.development.js:11800:9)
      at scheduleUpdateOnFiber (node_modules/react-test-renderer/cjs/react-test-renderer.development.js:10326:9)
      at dispatchSetStateInternal (node_modules/react-test-renderer/cjs/react-test-renderer.development.js:4148:13)
      at dispatchSetState (node_modules/react-test-renderer/cjs/react-test-renderer.development.js:4107:7)
      at setIsLoading (src/screens/GestaoDependentes/GestaoDependentesViewModel.ts:37:13)
      at asyncGeneratorStep (node_modules/@babel/runtime/helpers/asyncToGenerator.js:3:17)
      at _next (node_modules/@babel/runtime/helpers/asyncToGenerator.js:17:9)

PASS src/screens/PerfilSorteado/PerfilSorteado.test.tsx
PASS src/screens/Home/HomeViewModel.test.ts
PASS src/contexts/AuthContext/AuthContext.test.tsx
  ● Console

    console.log
      Usuário autenticado no Firebase Auth UID: 123_abc

      at log (src/contexts/AuthContext/AuthContext.tsx:28:25)

    console.error
      An update to AuthProvider inside a test was not wrapped in act(...).
      
      When testing, code that causes React state updates should be wrapped into act(...):
      
      act(() => {
        /* fire events that update state */
      });
      /* assert on the output */
      
      This ensures that you're testing the behavior the user would see in the browser. Learn more at https://react.dev/link/wrap-tests-with-act

      43 |                 setUsuarioAtual(null);
      44 |             } finally {
    > 45 |                 setLoading(false);
         |                 ^
      46 |             }
      47 |         });
      48 |         return () => limparListener();

      at node_modules/react-test-renderer/cjs/react-test-renderer.development.js:11801:19
      at runWithFiberInDEV (node_modules/react-test-renderer/cjs/react-test-renderer.development.js:1574:13)
      at warnIfUpdatesNotWrappedWithActDEV (node_modules/react-test-renderer/cjs/react-test-renderer.development.js:11800:9)
      at scheduleUpdateOnFiber (node_modules/react-test-renderer/cjs/react-test-renderer.development.js:10326:9)
      at dispatchSetStateInternal (node_modules/react-test-renderer/cjs/react-test-renderer.development.js:4148:13)
      at dispatchSetState (node_modules/react-test-renderer/cjs/react-test-renderer.development.js:4107:7)
      at setLoading (src/contexts/AuthContext/AuthContext.tsx:45:17)
      at asyncGeneratorStep (node_modules/@babel/runtime/helpers/asyncToGenerator.js:3:17)
      at _next (node_modules/@babel/runtime/helpers/asyncToGenerator.js:17:9)
      at node_modules/@babel/runtime/helpers/asyncToGenerator.js:22:7
      at node_modules/@babel/runtime/helpers/asyncToGenerator.js:14:12
      at apply (src/contexts/AuthContext/AuthContext.tsx:47:10)
      at Object.authCallback (src/contexts/AuthContext/AuthContext.test.tsx:93:5)
      at asyncGeneratorStep (node_modules/@babel/runtime/helpers/asyncToGenerator.js:3:17)
      at _next (node_modules/@babel/runtime/helpers/asyncToGenerator.js:17:9)
      at node_modules/@babel/runtime/helpers/asyncToGenerator.js:22:7
      at Object.<anonymous> (node_modules/@babel/runtime/helpers/asyncToGenerator.js:14:12)

    console.log
      Usuário autenticado no Firebase Auth UID: nao_existe_no_banco

      at log (src/contexts/AuthContext/AuthContext.tsx:28:25)

    console.log
      Usuário autenticado no Firebase Auth UID: uid_com_erro

      at log (src/contexts/AuthContext/AuthContext.tsx:28:25)

    console.error
      An update to AuthProvider inside a test was not wrapped in act(...).
      
      When testing, code that causes React state updates should be wrapped into act(...):
      
      act(() => {
        /* fire events that update state */
      });
      /* assert on the output */
      
      This ensures that you're testing the behavior the user would see in the browser. Learn more at https://react.dev/link/wrap-tests-with-act

      43 |                 setUsuarioAtual(null);
      44 |             } finally {
    > 45 |                 setLoading(false);
         |                 ^
      46 |             }
      47 |         });
      48 |         return () => limparListener();

      at node_modules/react-test-renderer/cjs/react-test-renderer.development.js:11801:19
      at runWithFiberInDEV (node_modules/react-test-renderer/cjs/react-test-renderer.development.js:1574:13)
      at warnIfUpdatesNotWrappedWithActDEV (node_modules/react-test-renderer/cjs/react-test-renderer.development.js:11800:9)
      at scheduleUpdateOnFiber (node_modules/react-test-renderer/cjs/react-test-renderer.development.js:10326:9)
      at dispatchSetStateInternal (node_modules/react-test-renderer/cjs/react-test-renderer.development.js:4148:13)
      at dispatchSetState (node_modules/react-test-renderer/cjs/react-test-renderer.development.js:4107:7)
      at setLoading (src/contexts/AuthContext/AuthContext.tsx:45:17)
      at asyncGeneratorStep (node_modules/@babel/runtime/helpers/asyncToGenerator.js:3:17)
      at _next (node_modules/@babel/runtime/helpers/asyncToGenerator.js:17:9)
      at node_modules/@babel/runtime/helpers/asyncToGenerator.js:22:7
      at node_modules/@babel/runtime/helpers/asyncToGenerator.js:14:12
      at apply (src/contexts/AuthContext/AuthContext.tsx:47:10)
      at Object.authCallback (src/contexts/AuthContext/AuthContext.test.tsx:157:5)
      at asyncGeneratorStep (node_modules/@babel/runtime/helpers/asyncToGenerator.js:3:17)
      at _next (node_modules/@babel/runtime/helpers/asyncToGenerator.js:17:9)
      at node_modules/@babel/runtime/helpers/asyncToGenerator.js:22:7
      at Object.<anonymous> (node_modules/@babel/runtime/helpers/asyncToGenerator.js:14:12)

PASS src/screens/ForgotMyPassword/ForgotMyPasswordViewModel.test.ts
  ● Console

    console.error
      Erro ao resetar senha: { code: 'auth/user-not-found' }

      46 |     } catch (error: any) {
      47 |       setSuccess("");
    > 48 |       console.error("Erro ao resetar senha:", error);
         |               ^
      49 |       if (error.code === "auth/user-not-found") {
      50 |         setErrors({ email: "Este e-mail não está cadastrado." });
      51 |       } else if (error.code === "auth/invalid-email") {

      at Object.error (src/screens/ForgotMyPassword/ForgotMyPasswordViewModel.ts:48:15)
          at Generator.throw (<anonymous>)
      at asyncGeneratorStep (node_modules/@babel/runtime/helpers/asyncToGenerator.js:3:17)
      at _throw (node_modules/@babel/runtime/helpers/asyncToGenerator.js:20:9)

    console.error
      Erro ao resetar senha: { code: 'auth/invalid-email' }

      46 |     } catch (error: any) {
      47 |       setSuccess("");
    > 48 |       console.error("Erro ao resetar senha:", error);
         |               ^
      49 |       if (error.code === "auth/user-not-found") {
      50 |         setErrors({ email: "Este e-mail não está cadastrado." });
      51 |       } else if (error.code === "auth/invalid-email") {

      at Object.error (src/screens/ForgotMyPassword/ForgotMyPasswordViewModel.ts:48:15)
          at Generator.throw (<anonymous>)
      at asyncGeneratorStep (node_modules/@babel/runtime/helpers/asyncToGenerator.js:3:17)
      at _throw (node_modules/@babel/runtime/helpers/asyncToGenerator.js:20:9)

PASS src/screens/ForgotMyPassword/ForgotMyPassword.test.tsx
PASS src/screens/Settings/SettingsViewModel.test.ts
PASS src/components/ImagePicker/ImagePickerViewModel.test.tsx
PASS src/components/RestrictionCard/RestrictionCard.test.tsx
PASS src/screens/Welcome/Welcome.test.tsx
  ● Console

    console.warn
      SafeAreaView has been deprecated and will be removed in a future release. Please use 'react-native-safe-area-context' instead. See https://github.com/th3rdwave/react-native-safe-area-context

      14 |
      15 |     return (
    > 16 |         <SafeAreaView style={styles.container}>
         |          ^
      17 |             <View style={styles.content}>
      18 |                 <View style={styles.iconWrapper}>
      19 |                     <Image source={require('../../../assets/logo-pixel.png')} style={{ width: 150, height: 150, resizeMode: 'contain' }} />

      at warn (node_modules/react-native/Libraries/Utilities/warnOnce.js:27:11)
      at Object.warnOnce [as SafeAreaView] (node_modules/react-native/index.js:92:5)
      at SafeAreaView (src/screens/Welcome/index.tsx:16:10)
      at Object.react-stack-bottom-frame (node_modules/react-test-renderer/cjs/react-test-renderer.development.js:13976:20)
      at renderWithHooks (node_modules/react-test-renderer/cjs/react-test-renderer.development.js:2866:22)
      at updateFunctionComponent (node_modules/react-test-renderer/cjs/react-test-renderer.development.js:6006:19)
      at beginWork (node_modules/react-test-renderer/cjs/react-test-renderer.development.js:7474:18)
      at runWithFiberInDEV (node_modules/react-test-renderer/cjs/react-test-renderer.development.js:1574:13)
      at performUnitOfWork (node_modules/react-test-renderer/cjs/react-test-renderer.development.js:10972:22)
      at workLoopSync (node_modules/react-test-renderer/cjs/react-test-renderer.development.js:10816:41)
      at renderRootSync (node_modules/react-test-renderer/cjs/react-test-renderer.development.js:10797:11)
      at performWorkOnRoot (node_modules/react-test-renderer/cjs/react-test-renderer.development.js:10349:13)
      at performWorkOnRootViaSchedulerTask (node_modules/react-test-renderer/cjs/react-test-renderer.development.js:2094:7)
      at flushActQueue (node_modules/react/cjs/react.development.js:566:34)
      at Object.<anonymous>.process.env.NODE_ENV.exports.act (node_modules/react/cjs/react.development.js:859:10)
      at actImplementation (node_modules/@testing-library/react-native/src/act.ts:30:25)
      at renderWithAct (node_modules/@testing-library/react-native/src/render-act.ts:13:11)
      at renderInternal (node_modules/@testing-library/react-native/src/render.tsx:69:33)
      at renderInternal (node_modules/@testing-library/react-native/src/render.tsx:44:10)
      at Object.<anonymous> (src/screens/Welcome/Welcome.test.tsx:27:37)

PASS src/components/AddDependentModal/AddDependentModalViewModel.test.ts
PASS src/screens/PerfilSorteado/components/PerfilSorteadoHeader/PerfilSorteadoHeader.test.tsx
PASS src/components/PartyCard/PartyCard.test.tsx
PASS src/components/AppFooter/AppFooter.test.tsx
PASS src/screens/PerfilSorteado/PerfilSorteadoViewModel.test.ts
PASS src/screens/PartyCreated/PartyCreated.test.tsx
PASS src/components/SettingsOption/SettingsOptionViewModel.test.ts
PASS src/services/cloud/Wishlist/WishlistDb.test.ts
PASS src/services/cloud/DrawAlgorithm/DrawAlgorithm.test.ts
PASS src/screens/PartyDrawRestrictions/PartyDrawRestrictionsViewModel.test.ts
  ● Console

    console.error
      An update to HookContainer inside a test was not wrapped in act(...).
      
      When testing, code that causes React state updates should be wrapped into act(...):
      
      act(() => {
        /* fire events that update state */
      });
      /* assert on the output */
      
      This ensures that you're testing the behavior the user would see in the browser. Learn more at https://react.dev/link/wrap-tests-with-act

      44 |         const cloudParty = await getPartyFromCloud(partyId);
      45 |         if (cloudParty) {
    > 46 |           setParty(cloudParty);
         |           ^
      47 |         } else {
      48 |           console.warn(`Festa com o ID ${partyId} não foi encontrada no banco.`);
      49 |         }

      at node_modules/react-test-renderer/cjs/react-test-renderer.development.js:11801:19
      at runWithFiberInDEV (node_modules/react-test-renderer/cjs/react-test-renderer.development.js:1574:13)
      at warnIfUpdatesNotWrappedWithActDEV (node_modules/react-test-renderer/cjs/react-test-renderer.development.js:11800:9)
      at scheduleUpdateOnFiber (node_modules/react-test-renderer/cjs/react-test-renderer.development.js:10326:9)
      at dispatchSetStateInternal (node_modules/react-test-renderer/cjs/react-test-renderer.development.js:4148:13)
      at dispatchSetState (node_modules/react-test-renderer/cjs/react-test-renderer.development.js:4107:7)
      at setParty (src/screens/PartyDrawRestrictions/PartyDrawRestrictionsViewModel.ts:46:11)
      at asyncGeneratorStep (node_modules/@babel/runtime/helpers/asyncToGenerator.js:3:17)
      at _next (node_modules/@babel/runtime/helpers/asyncToGenerator.js:17:9)

    console.error
      An update to HookContainer inside a test was not wrapped in act(...).
      
      When testing, code that causes React state updates should be wrapped into act(...):
      
      act(() => {
        /* fire events that update state */
      });
      /* assert on the output */
      
      This ensures that you're testing the behavior the user would see in the browser. Learn more at https://react.dev/link/wrap-tests-with-act

      62 |       try {
      63 |         const partyParticipants = await getParticipantsByPartyId(partyId);
    > 64 |         setParticipants(partyParticipants);
         |         ^
      65 |       } catch (error) {
      66 |         console.error("Erro ao buscar participantes no Firestore:", error);
      67 |       }

      at node_modules/react-test-renderer/cjs/react-test-renderer.development.js:11801:19
      at runWithFiberInDEV (node_modules/react-test-renderer/cjs/react-test-renderer.development.js:1574:13)
      at warnIfUpdatesNotWrappedWithActDEV (node_modules/react-test-renderer/cjs/react-test-renderer.development.js:11800:9)
      at scheduleUpdateOnFiber (node_modules/react-test-renderer/cjs/react-test-renderer.development.js:10326:9)
      at dispatchSetStateInternal (node_modules/react-test-renderer/cjs/react-test-renderer.development.js:4148:13)
      at dispatchSetState (node_modules/react-test-renderer/cjs/react-test-renderer.development.js:4107:7)
      at setParticipants (src/screens/PartyDrawRestrictions/PartyDrawRestrictionsViewModel.ts:64:9)
      at asyncGeneratorStep (node_modules/@babel/runtime/helpers/asyncToGenerator.js:3:17)
      at _next (node_modules/@babel/runtime/helpers/asyncToGenerator.js:17:9)

PASS src/components/SettingsOption/SettingsOption.test.tsx
PASS src/components/ImagePicker/ImagePicker.test.tsx
PASS src/screens/Registration/RegistrationViewModel.test.ts
  ● Console

    console.error
      Erro no processo de cadastro: { code: 'auth/email-already-in-use' }

      160 |
      161 |   } catch (error: any) {
    > 162 |     console.error("Erro no processo de cadastro:", error);
          |             ^
      163 |     if (error.code === "auth/email-already-in-use") {
      164 |       newErrors.email = "Este e-mail já está em uso por outra conta.";
      165 |     } else if (error.code === "auth/weak-password") {

      at Object.error (src/screens/Registration/RegistrationViewModel.ts:162:13)
          at Generator.throw (<anonymous>)
      at asyncGeneratorStep (node_modules/@babel/runtime/helpers/asyncToGenerator.js:3:17)
      at _throw (node_modules/@babel/runtime/helpers/asyncToGenerator.js:20:9)

PASS src/components/CurrencyInput/CurrencyInput.test.tsx
PASS src/components/Tag/Tag.test.tsx
PASS src/components/PopupModal/PopupModal.test.tsx
PASS src/components/DateInput/DateInput.test.tsx
PASS src/screens/PartyAdmin/PartyAdminViewModel.test.ts
  ● Console

    console.warn
      Festa com o ID mock-party-123 não foi encontrada no banco.

      36 |                     setParty(cloudParty);
      37 |                 } else {
    > 38 |                     console.warn(`Festa com o ID ${partyId} não foi encontrada no banco.`);
         |                             ^
      39 |                 }
      40 |             } catch (error) {
      41 |                 console.error("Erro ao buscar a festa no Firestore:", error);

      at warn (src/screens/PartyAdmin/PartyAdminViewModel.ts:38:29)
      at asyncGeneratorStep (node_modules/@babel/runtime/helpers/asyncToGenerator.js:3:17)
      at _next (node_modules/@babel/runtime/helpers/asyncToGenerator.js:17:9)

    console.error
      An update to HookContainer inside a test was not wrapped in act(...).
      
      When testing, code that causes React state updates should be wrapped into act(...):
      
      act(() => {
        /* fire events that update state */
      });
      /* assert on the output */
      
      This ensures that you're testing the behavior the user would see in the browser. Learn more at https://react.dev/link/wrap-tests-with-act

      34 |                 const cloudParty = await getPartyFromCloud(partyId);
      35 |                 if (cloudParty) {
    > 36 |                     setParty(cloudParty);
         |                     ^
      37 |                 } else {
      38 |                     console.warn(`Festa com o ID ${partyId} não foi encontrada no banco.`);
      39 |                 }

      at node_modules/react-test-renderer/cjs/react-test-renderer.development.js:11801:19
      at runWithFiberInDEV (node_modules/react-test-renderer/cjs/react-test-renderer.development.js:1574:13)
      at warnIfUpdatesNotWrappedWithActDEV (node_modules/react-test-renderer/cjs/react-test-renderer.development.js:11800:9)
      at scheduleUpdateOnFiber (node_modules/react-test-renderer/cjs/react-test-renderer.development.js:10326:9)
      at dispatchSetStateInternal (node_modules/react-test-renderer/cjs/react-test-renderer.development.js:4148:13)
      at dispatchSetState (node_modules/react-test-renderer/cjs/react-test-renderer.development.js:4107:7)
      at setParty (src/screens/PartyAdmin/PartyAdminViewModel.ts:36:21)
      at asyncGeneratorStep (node_modules/@babel/runtime/helpers/asyncToGenerator.js:3:17)
      at _next (node_modules/@babel/runtime/helpers/asyncToGenerator.js:17:9)

    console.error
      An update to HookContainer inside a test was not wrapped in act(...).
      
      When testing, code that causes React state updates should be wrapped into act(...):
      
      act(() => {
        /* fire events that update state */
      });
      /* assert on the output */
      
      This ensures that you're testing the behavior the user would see in the browser. Learn more at https://react.dev/link/wrap-tests-with-act

      51 |           try {
      52 |             const partyParticipants = await getParticipantsByPartyId(partyId);
    > 53 |             setParticipants(partyParticipants);
         |             ^
      54 |           } catch (error) {
      55 |             console.error("Erro ao buscar participantes no Firestore:", error);
      56 |           }

      at node_modules/react-test-renderer/cjs/react-test-renderer.development.js:11801:19
      at runWithFiberInDEV (node_modules/react-test-renderer/cjs/react-test-renderer.development.js:1574:13)
      at warnIfUpdatesNotWrappedWithActDEV (node_modules/react-test-renderer/cjs/react-test-renderer.development.js:11800:9)
      at scheduleUpdateOnFiber (node_modules/react-test-renderer/cjs/react-test-renderer.development.js:10326:9)
      at dispatchSetStateInternal (node_modules/react-test-renderer/cjs/react-test-renderer.development.js:4148:13)
      at dispatchSetState (node_modules/react-test-renderer/cjs/react-test-renderer.development.js:4107:7)
      at setParticipants (src/screens/PartyAdmin/PartyAdminViewModel.ts:53:13)
      at asyncGeneratorStep (node_modules/@babel/runtime/helpers/asyncToGenerator.js:3:17)
      at _next (node_modules/@babel/runtime/helpers/asyncToGenerator.js:17:9)

    console.error
      An update to HookContainer inside a test was not wrapped in act(...).
      
      When testing, code that causes React state updates should be wrapped into act(...):
      
      act(() => {
        /* fire events that update state */
      });
      /* assert on the output */
      
      This ensures that you're testing the behavior the user would see in the browser. Learn more at https://react.dev/link/wrap-tests-with-act

      34 |                 const cloudParty = await getPartyFromCloud(partyId);
      35 |                 if (cloudParty) {
    > 36 |                     setParty(cloudParty);
         |                     ^
      37 |                 } else {
      38 |                     console.warn(`Festa com o ID ${partyId} não foi encontrada no banco.`);
      39 |                 }

      at node_modules/react-test-renderer/cjs/react-test-renderer.development.js:11801:19
      at runWithFiberInDEV (node_modules/react-test-renderer/cjs/react-test-renderer.development.js:1574:13)
      at warnIfUpdatesNotWrappedWithActDEV (node_modules/react-test-renderer/cjs/react-test-renderer.development.js:11800:9)
      at scheduleUpdateOnFiber (node_modules/react-test-renderer/cjs/react-test-renderer.development.js:10326:9)
      at dispatchSetStateInternal (node_modules/react-test-renderer/cjs/react-test-renderer.development.js:4148:13)
      at dispatchSetState (node_modules/react-test-renderer/cjs/react-test-renderer.development.js:4107:7)
      at setParty (src/screens/PartyAdmin/PartyAdminViewModel.ts:36:21)
      at asyncGeneratorStep (node_modules/@babel/runtime/helpers/asyncToGenerator.js:3:17)
      at _next (node_modules/@babel/runtime/helpers/asyncToGenerator.js:17:9)

    console.error
      An update to HookContainer inside a test was not wrapped in act(...).
      
      When testing, code that causes React state updates should be wrapped into act(...):
      
      act(() => {
        /* fire events that update state */
      });
      /* assert on the output */
      
      This ensures that you're testing the behavior the user would see in the browser. Learn more at https://react.dev/link/wrap-tests-with-act

      51 |           try {
      52 |             const partyParticipants = await getParticipantsByPartyId(partyId);
    > 53 |             setParticipants(partyParticipants);
         |             ^
      54 |           } catch (error) {
      55 |             console.error("Erro ao buscar participantes no Firestore:", error);
      56 |           }

      at node_modules/react-test-renderer/cjs/react-test-renderer.development.js:11801:19
      at runWithFiberInDEV (node_modules/react-test-renderer/cjs/react-test-renderer.development.js:1574:13)
      at warnIfUpdatesNotWrappedWithActDEV (node_modules/react-test-renderer/cjs/react-test-renderer.development.js:11800:9)
      at scheduleUpdateOnFiber (node_modules/react-test-renderer/cjs/react-test-renderer.development.js:10326:9)
      at dispatchSetStateInternal (node_modules/react-test-renderer/cjs/react-test-renderer.development.js:4148:13)
      at dispatchSetState (node_modules/react-test-renderer/cjs/react-test-renderer.development.js:4107:7)
      at setParticipants (src/screens/PartyAdmin/PartyAdminViewModel.ts:53:13)
      at asyncGeneratorStep (node_modules/@babel/runtime/helpers/asyncToGenerator.js:3:17)
      at _next (node_modules/@babel/runtime/helpers/asyncToGenerator.js:17:9)

    console.log
      Sucesso Sucesso

      at Object.log (src/screens/PartyAdmin/PartyAdminViewModel.ts:90:21)

PASS src/components/IconButton/IconButton.test.tsx
PASS src/components/ParticipanteCard/ParticipanteCardViewModel.test.ts
PASS src/components/Input/Input.test.tsx
PASS src/screens/Welcome/WelcomeViewModel.test.ts
PASS src/screens/ShakeReveal/ShakeRevealViewModel.test.ts
PASS src/components/Input/InputViewModel.test.ts
PASS src/components/Button/Button.test.tsx
PASS src/components/SelectInput/SelectInput.test.tsx
PASS src/screens/PerfilSorteado/components/PerfilSorteadoContent/PerfilSorteadoContentViewModel.test.ts
PASS src/components/PartyQRCode/PartyQRCode.test.tsx
PASS src/services/cloud/Party/PartyDb.test.ts
PASS src/components/AppHeader/AppHeader.test.tsx
PASS src/components/Button/ButtonViewModel.test.ts
PASS src/components/RestrictionCard/RestrictionCardViewModel.test.ts
PASS src/components/IconButton/IconButtonViewModel.test.ts
PASS src/services/cloud/User/UserDb.test.ts
  ● Console

    console.log
      Populando banco com usuários mock...

      at log (src/services/cloud/User/UserDb.ts:30:17)

PASS src/utils/PartyCode/gerarPartyCode.test.ts
PASS src/screens/PerfilSorteado/components/PerfilSorteadoHeader/PerfilSorteadoHeaderViewModel.test.ts
PASS src/components/DateInput/DateInputViewModel.test.ts
PASS src/components/AppHeader/AppHeaderViewModel.test.ts
PASS src/screens/Login/LoginViewModel.test.ts
  ● Console

    console.error
      Erro ao autenticar no Firebase: { code: 'auth/invalid-credential' }

      60 |       }
      61 |     } catch (error: any) {
    > 62 |       console.error("Erro ao autenticar no Firebase:", error);
         |               ^
      63 |       
      64 |       switch (error.code) {
      65 |         case "auth/invalid-credential":

      at Object.error (src/screens/Login/LoginViewModel.ts:62:15)
          at Generator.throw (<anonymous>)
      at asyncGeneratorStep (node_modules/@babel/runtime/helpers/asyncToGenerator.js:3:17)
      at _throw (node_modules/@babel/runtime/helpers/asyncToGenerator.js:20:9)

    console.error
      Erro ao autenticar no Firebase: { code: 'auth/too-many-requests' }

      60 |       }
      61 |     } catch (error: any) {
    > 62 |       console.error("Erro ao autenticar no Firebase:", error);
         |               ^
      63 |       
      64 |       switch (error.code) {
      65 |         case "auth/invalid-credential":

      at Object.error (src/screens/Login/LoginViewModel.ts:62:15)
          at Generator.throw (<anonymous>)
      at asyncGeneratorStep (node_modules/@babel/runtime/helpers/asyncToGenerator.js:3:17)
      at _throw (node_modules/@babel/runtime/helpers/asyncToGenerator.js:20:9)

PASS src/components/Card/Card.test.tsx
PASS src/components/Tag/TagViewModel.test.ts
PASS src/components/CurrencyInput/CurrencyInputViewModel.test.ts
PASS src/components/SelectInput/SelectInputViewModel.test.ts
PASS src/components/PartyCard/PartyCardViewModel.test.ts
PASS src/utils/Formatting/isValidEmail.test.ts
PASS src/utils/Usuario/calcularIdade.test.ts
PASS src/services/cloud/DrawRestriction/DrawRestrictionDb.test.ts
PASS src/services/cloud/Dependent/DependentDb.test.ts
PASS src/utils/Formatting/formatCurrency.test.ts
PASS src/components/PartyQRCode/PartyQRCodeViewModel.test.ts
PASS src/utils/Formatting/formatDate.test.ts
PASS src/services/cloud/DrawResult/DrawResultDb.test.ts
PASS src/screens/PartyCreated/PartyCreatedViewModel.test.ts
PASS src/components/PopupModal/PopupModalViewModel.test.ts
PASS src/services/cloud/PartyParticipant/ParticipantDb.test.ts

Summary of all failing tests
FAIL src/screens/PerfilSorteado/components/PerfilSorteadoContent/PerfilSorteadoContent.test.tsx
  ● PerfilSorteadoContent Component › deve renderizar as medidas do usuário corretamente

    Unable to find an element with text: Camisa: M

    [36m<View>[39m
      [36m<View>[39m
        [36m<Text>[39m
          [0mMinhas Medidas[0m
        [36m</Text>[39m
        [36m<View>[39m
          [36m<View>[39m
            [36m<Image />[39m
            [36m<Text>[39m
              [0mCamisa[0m
            [36m</Text>[39m
            [36m<Text>[39m
              [0mM[0m
            [36m</Text>[39m
          [36m</View>[39m
          [36m<View>[39m
            [36m<Image />[39m
            [36m<Text>[39m
              [0mCalça[0m
            [36m</Text>[39m
            [36m<Text>[39m
              [0m42[0m
            [36m</Text>[39m
          [36m</View>[39m
          [36m<View>[39m
            [36m<Image />[39m
            [36m<Text>[39m
              [0mCalçado[0m
            [36m</Text>[39m
            [36m<Text>[39m
              [0m40[0m
            [36m</Text>[39m
          [36m</View>[39m
        [36m</View>[39m
      [36m</View>[39m
      [36m<View>[39m
        [36m<Text>[39m
          [0mMinhas Preferências[0m
        [36m</Text>[39m
        [36m<Text>[39m
          [0mCoisas que eu amo:[0m
        [36m</Text>[39m
        [36m<View>[39m
          [36m<Text>[39m
            [0mChocolate[0m
          [36m</Text>[39m
          [36m<Text>[39m
            [0mLivros[0m
          [36m</Text>[39m
          [36m<Text>[39m
            [0mCafé[0m
          [36m</Text>[39m
        [36m</View>[39m
        [36m<Text>[39m
          [0mMelhor evitar:[0m
        [36m</Text>[39m
        [36m<View>[39m
          [36m<Text>[39m
            [0mPimenta[0m
          [36m</Text>[39m
          [36m<Text>[39m
            [0mBarulho[0m
          [36m</Text>[39m
        [36m</View>[39m
      [36m</View>[39m
    [36m</View>[39m

      29 |     );
      30 |
    > 31 |     expect(getByText('Camisa: M')).toBeTruthy();
         |            ^
      32 |     expect(getByText('Calça: 42')).toBeTruthy();
      33 |     expect(getByText('Calçado: 40')).toBeTruthy();
      34 |   });

      at Object.getByText (src/screens/PerfilSorteado/components/PerfilSorteadoContent/PerfilSorteadoContent.test.tsx:31:12)

FAIL src/components/ParticipanteCard/ParticipanteCard.test.tsx
  ● ParticipanteCard Component › deve renderizar o nome do participante corretamente

    Objects are not valid as a React child (found: object with keys {testUri}). If you meant to render a collection of children, use an array instead.

      45 |
      46 |     it('deve renderizar o nome do participante corretamente', () => {
    > 47 |         const { getByText } = render(
         |                                     ^
      48 |             <ParticipanteCard participante={mockParticipante} />
      49 |         );
      50 |

      at throwOnInvalidObjectType (node_modules/react-test-renderer/cjs/react-test-renderer.development.js:4260:13)
      at reconcileChildFibersImpl (node_modules/react-test-renderer/cjs/react-test-renderer.development.js:5187:11)
      at node_modules/react-test-renderer/cjs/react-test-renderer.development.js:5227:33
      at reconcileChildren (node_modules/react-test-renderer/cjs/react-test-renderer.development.js:5735:13)
      at beginWork (node_modules/react-test-renderer/cjs/react-test-renderer.development.js:7551:13)
      at runWithFiberInDEV (node_modules/react-test-renderer/cjs/react-test-renderer.development.js:1574:13)
      at performUnitOfWork (node_modules/react-test-renderer/cjs/react-test-renderer.development.js:10972:22)
      at workLoopSync (node_modules/react-test-renderer/cjs/react-test-renderer.development.js:10816:41)
      at renderRootSync (node_modules/react-test-renderer/cjs/react-test-renderer.development.js:10797:11)
      at performWorkOnRoot (node_modules/react-test-renderer/cjs/react-test-renderer.development.js:10384:39)
      at performWorkOnRootViaSchedulerTask (node_modules/react-test-renderer/cjs/react-test-renderer.development.js:2094:7)
      at flushActQueue (node_modules/react/cjs/react.development.js:566:34)
      at Object.<anonymous>.process.env.NODE_ENV.exports.act (node_modules/react/cjs/react.development.js:859:10)
      at actImplementation (node_modules/@testing-library/react-native/src/act.ts:30:25)
      at renderWithAct (node_modules/@testing-library/react-native/src/render-act.ts:13:11)
      at renderInternal (node_modules/@testing-library/react-native/src/render.tsx:69:33)
      at renderInternal (node_modules/@testing-library/react-native/src/render.tsx:44:10)
      at Object.<anonymous> (src/components/ParticipanteCard/ParticipanteCard.test.tsx:47:37)

  ● ParticipanteCard Component › deve exibir o status "pendente" e o cadeado aberto quando não estiver confirmado

    Objects are not valid as a React child (found: object with keys {testUri}). If you meant to render a collection of children, use an array instead.

      53 |
      54 |     it('deve exibir o status "pendente" e o cadeado aberto quando não estiver confirmado', () => {
    > 55 |         const { getByText, UNSAFE_getByType } = render(
         |                                                       ^
      56 |             <ParticipanteCard participante={mockParticipante} />
      57 |         );
      58 |

      at throwOnInvalidObjectType (node_modules/react-test-renderer/cjs/react-test-renderer.development.js:4260:13)
      at reconcileChildFibersImpl (node_modules/react-test-renderer/cjs/react-test-renderer.development.js:5187:11)
      at node_modules/react-test-renderer/cjs/react-test-renderer.development.js:5227:33
      at reconcileChildren (node_modules/react-test-renderer/cjs/react-test-renderer.development.js:5735:13)
      at beginWork (node_modules/react-test-renderer/cjs/react-test-renderer.development.js:7551:13)
      at runWithFiberInDEV (node_modules/react-test-renderer/cjs/react-test-renderer.development.js:1574:13)
      at performUnitOfWork (node_modules/react-test-renderer/cjs/react-test-renderer.development.js:10972:22)
      at workLoopSync (node_modules/react-test-renderer/cjs/react-test-renderer.development.js:10816:41)
      at renderRootSync (node_modules/react-test-renderer/cjs/react-test-renderer.development.js:10797:11)
      at performWorkOnRoot (node_modules/react-test-renderer/cjs/react-test-renderer.development.js:10384:39)
      at performWorkOnRootViaSchedulerTask (node_modules/react-test-renderer/cjs/react-test-renderer.development.js:2094:7)
      at flushActQueue (node_modules/react/cjs/react.development.js:566:34)
      at Object.<anonymous>.process.env.NODE_ENV.exports.act (node_modules/react/cjs/react.development.js:859:10)
      at actImplementation (node_modules/@testing-library/react-native/src/act.ts:30:25)
      at renderWithAct (node_modules/@testing-library/react-native/src/render-act.ts:13:11)
      at renderInternal (node_modules/@testing-library/react-native/src/render.tsx:69:33)
      at renderInternal (node_modules/@testing-library/react-native/src/render.tsx:44:10)
      at Object.<anonymous> (src/components/ParticipanteCard/ParticipanteCard.test.tsx:55:55)

  ● ParticipanteCard Component › deve exibir apenas o cadeado fechado quando o participante estiver confirmado

    Objects are not valid as a React child (found: object with keys {testUri}). If you meant to render a collection of children, use an array instead.

      71 |         };
      72 |
    > 73 |         const { queryByText, UNSAFE_getByType } = render(
         |                                                         ^
      74 |             <ParticipanteCard participante={participanteConfirmado} />
      75 |         );
      76 |

      at throwOnInvalidObjectType (node_modules/react-test-renderer/cjs/react-test-renderer.development.js:4260:13)
      at reconcileChildFibersImpl (node_modules/react-test-renderer/cjs/react-test-renderer.development.js:5187:11)
      at node_modules/react-test-renderer/cjs/react-test-renderer.development.js:5227:33
      at reconcileChildren (node_modules/react-test-renderer/cjs/react-test-renderer.development.js:5735:13)
      at beginWork (node_modules/react-test-renderer/cjs/react-test-renderer.development.js:7551:13)
      at runWithFiberInDEV (node_modules/react-test-renderer/cjs/react-test-renderer.development.js:1574:13)
      at performUnitOfWork (node_modules/react-test-renderer/cjs/react-test-renderer.development.js:10972:22)
      at workLoopSync (node_modules/react-test-renderer/cjs/react-test-renderer.development.js:10816:41)
      at renderRootSync (node_modules/react-test-renderer/cjs/react-test-renderer.development.js:10797:11)
      at performWorkOnRoot (node_modules/react-test-renderer/cjs/react-test-renderer.development.js:10384:39)
      at performWorkOnRootViaSchedulerTask (node_modules/react-test-renderer/cjs/react-test-renderer.development.js:2094:7)
      at flushActQueue (node_modules/react/cjs/react.development.js:566:34)
      at Object.<anonymous>.process.env.NODE_ENV.exports.act (node_modules/react/cjs/react.development.js:859:10)
      at actImplementation (node_modules/@testing-library/react-native/src/act.ts:30:25)
      at renderWithAct (node_modules/@testing-library/react-native/src/render-act.ts:13:11)
      at renderInternal (node_modules/@testing-library/react-native/src/render.tsx:69:33)
      at renderInternal (node_modules/@testing-library/react-native/src/render.tsx:44:10)
      at Object.<anonymous> (src/components/ParticipanteCard/ParticipanteCard.test.tsx:73:57)

FAIL src/screens/ShakeReveal/ShakeReveal.test.tsx
  ● Ecrã ShakeReveal (Tela 6) › deve renderizar os textos de instrução visual e a caixa de presente

    ReferenceError: getByTestId is not defined

      55 |     expect(getByText('O Sorteio realizado!')).toBeTruthy();
      56 |     expect(getByText('Chacoalhe o celular para descobrir o seu amigo secreto...')).toBeTruthy();
    > 57 |     expect(getByTestId('present-image')).toBeTruthy();
         |     ^
      58 |   });
      59 |
      60 |   it('deve vibrar, acionar explosao e navegar para a Tela 7 ao detetar shake real pelo sensor', async () => {

      at Object.expect (src/screens/ShakeReveal/ShakeReveal.test.tsx:57:5)

FAIL src/screens/ParticipantLobby/ParticipantLobbyScreen.test.tsx
  ● Tela ParticipantLobby › deve renderizar a sala de espera com cabeçalho e contagem de participantes correta

    Unable to find node on an unmounted component.

      35 |
      36 |     // 1 confirmado de 2 totais no mock
    > 37 |     expect(await findByText(/Participantes \(1\/2\)/)).toBeTruthy();
         |                  ^
      38 |   });
      39 |
      40 |   it('garante segurança de UI não renderizando botão de Sorteio ou QR Code do Admin', async () => {

      at Object.findByText (src/screens/ParticipantLobby/ParticipantLobbyScreen.test.tsx:37:18)
      at asyncGeneratorStep (node_modules/@babel/runtime/helpers/asyncToGenerator.js:3:17)
      at _next (node_modules/@babel/runtime/helpers/asyncToGenerator.js:17:9)
      at node_modules/@babel/runtime/helpers/asyncToGenerator.js:22:7
      at Object.<anonymous> (node_modules/@babel/runtime/helpers/asyncToGenerator.js:14:12)

  ● Tela ParticipantLobby › garante segurança de UI não renderizando botão de Sorteio ou QR Code do Admin

    Unable to find node on an unmounted component.

      41 |     const { queryByText, findByText } = render(<ParticipantLobbyScreen />);
      42 |
    > 43 |     await findByText(/Participantes \(1\/2\)/);
         |           ^
      44 |
      45 |     // Não deve existir botões ou convites do PartyAdmin
      46 |     expect(queryByText('Realizar Sorteio')).toBeNull();

      at Object.findByText (src/screens/ParticipantLobby/ParticipantLobbyScreen.test.tsx:43:11)
      at asyncGeneratorStep (node_modules/@babel/runtime/helpers/asyncToGenerator.js:3:17)
      at _next (node_modules/@babel/runtime/helpers/asyncToGenerator.js:17:9)
      at node_modules/@babel/runtime/helpers/asyncToGenerator.js:22:7
      at Object.<anonymous> (node_modules/@babel/runtime/helpers/asyncToGenerator.js:14:12)


Test Suites: 4 failed, 76 passed, 80 total
Tests:       7 failed, 354 passed, 361 total
Snapshots:   0 total
Time:        14.788 s, estimated 18 s
Ran all test suites.
