
> shakeit@1.0.0 test
> jest

FAIL src/screens/PartyDrawRestrictions/PartyDrawRestrictions.test.tsx
  ● PartyDrawRestrictionsScreen › deve renderizar a tela corretamente com os elementos iniciais

    Unable to find an element with text: Impedir que Titulares e seus Dependentes se tirem

    [
      [36m<View[39m
        [33mtestID[39m=[32m"mock-header"[39m
      [36m>[39m
        [36m<Text>[39m
          [0mRegras de Sorteio[0m
        [36m</Text>[39m
      [36m</View>[39m,
      [36m<RCTScrollView>[39m
        [36m<View>[39m
          [36m<View>[39m
            [36m<View>[39m
              [36m<View>[39m
                [36m<View>[39m
                  [36m<Text>[39m
                    [0mEvite que pessoas específicas se tirem no sorteio (ex: casais).[0m
                  [36m</Text>[39m
                  [36m<View>[39m
                    [36m<Text>[39m
                      [0mPessoa A[0m
                    [36m</Text>[39m
                    [36m<View>[39m
                      [36m<View[39m
                        [33mpointerEvents[39m=[32m"none"[39m
                      [36m>[39m
                        [36m<Text>[39m
                          [0mSelecione...[0m
                        [36m</Text>[39m
                        [36m<Feather />[39m
                      [36m</View>[39m
                      [36m<View>[39m
                        [36m<RNCPicker />[39m
                      [36m</View>[39m
                    [36m</View>[39m
                  [36m</View>[39m
                  [36m<View>[39m
                    [36m<View[39m
                      [33maccessibilityState[39m=[32m{
                        {
                          "disabled": false,
                        }
                      }[39m
                      [33maccessible[39m=[32m{true}[39m
                    [36m>[39m
                      [36m<Text>[39m
                        [0mNão pode tirar[0m
                      [36m</Text>[39m
                    [36m</View>[39m
                    [36m<View>[39m
                      [36m<Feather />[39m
                    [36m</View>[39m
                  [36m</View>[39m
                  [36m<View>[39m
                    [36m<Text>[39m
                      [0mPessoa B[0m
                    [36m</Text>[39m
                    [36m<View>[39m
                      [36m<View[39m
                        [33mpointerEvents[39m=[32m"none"[39m
                      [36m>[39m
                        [36m<Text>[39m
                          [0mSelecione...[0m
                        [36m</Text>[39m
                        [36m<Feather />[39m
                      [36m</View>[39m
                      [36m<View>[39m
                        [36m<RNCPicker />[39m
                      [36m</View>[39m
                    [36m</View>[39m
                  [36m</View>[39m
                  [36m<View[39m
                    [33maccessibilityState[39m=[32m{
                      {
                        "disabled": false,
                      }
                    }[39m
                    [33maccessible[39m=[32m{true}[39m
                  [36m>[39m
                    [36m<Text>[39m
                      [0m+ Adicionar Regra[0m
                    [36m</Text>[39m
                  [36m</View>[39m
                [36m</View>[39m
                [36m<View>[39m
                  [36m<Text>[39m
                    [0mImpedir que titulares e dependentes se tirem no sorteio[0m
                  [36m</Text>[39m
                  [36m<RCTSwitch[39m
                    [33maccessibilityRole[39m=[32m"switch"[39m
                    [33mvalue[39m=[32m{false}[39m
                  [36m/>[39m
                [36m</View>[39m
              [36m</View>[39m
              [36m<View>[39m
                [36m<Text>[39m
                  [0mRegras Ativas[0m
                [36m</Text>[39m
              [36m</View>[39m
            [36m</View>[39m
          [36m</View>[39m
        [36m</View>[39m
      [36m</RCTScrollView>[39m,
    ]

      72 |     expect(getByText("Não pode tirar")).toBeTruthy();
      73 |     expect(getByText("+ Adicionar Regra")).toBeTruthy();
    > 74 |     expect(getByText("Impedir que Titulares e seus Dependentes se tirem")).toBeTruthy();
         |            ^
      75 |     expect(getByText("Regras Ativas")).toBeTruthy();
      76 |
      77 |     expect(queryByText("Titulares e dependentes não podem se tirar")).toBeNull();

      at Object.getByText (src/screens/PartyDrawRestrictions/PartyDrawRestrictions.test.tsx:74:12)

  ● PartyDrawRestrictionsScreen › deve chamar handleToggleBlockDependentDraw ao clicar no botão de bloqueio de dependentes

    Unable to find an element with text: Impedir que Titulares e seus Dependentes se tirem

    [
      [36m<View[39m
        [33mtestID[39m=[32m"mock-header"[39m
      [36m>[39m
        [36m<Text>[39m
          [0mRegras de Sorteio[0m
        [36m</Text>[39m
      [36m</View>[39m,
      [36m<RCTScrollView>[39m
        [36m<View>[39m
          [36m<View>[39m
            [36m<View>[39m
              [36m<View>[39m
                [36m<View>[39m
                  [36m<Text>[39m
                    [0mEvite que pessoas específicas se tirem no sorteio (ex: casais).[0m
                  [36m</Text>[39m
                  [36m<View>[39m
                    [36m<Text>[39m
                      [0mPessoa A[0m
                    [36m</Text>[39m
                    [36m<View>[39m
                      [36m<View[39m
                        [33mpointerEvents[39m=[32m"none"[39m
                      [36m>[39m
                        [36m<Text>[39m
                          [0mSelecione...[0m
                        [36m</Text>[39m
                        [36m<Feather />[39m
                      [36m</View>[39m
                      [36m<View>[39m
                        [36m<RNCPicker />[39m
                      [36m</View>[39m
                    [36m</View>[39m
                  [36m</View>[39m
                  [36m<View>[39m
                    [36m<View[39m
                      [33maccessibilityState[39m=[32m{
                        {
                          "disabled": false,
                        }
                      }[39m
                      [33maccessible[39m=[32m{true}[39m
                    [36m>[39m
                      [36m<Text>[39m
                        [0mNão pode tirar[0m
                      [36m</Text>[39m
                    [36m</View>[39m
                    [36m<View>[39m
                      [36m<Feather />[39m
                    [36m</View>[39m
                  [36m</View>[39m
                  [36m<View>[39m
                    [36m<Text>[39m
                      [0mPessoa B[0m
                    [36m</Text>[39m
                    [36m<View>[39m
                      [36m<View[39m
                        [33mpointerEvents[39m=[32m"none"[39m
                      [36m>[39m
                        [36m<Text>[39m
                          [0mSelecione...[0m
                        [36m</Text>[39m
                        [36m<Feather />[39m
                      [36m</View>[39m
                      [36m<View>[39m
                        [36m<RNCPicker />[39m
                      [36m</View>[39m
                    [36m</View>[39m
                  [36m</View>[39m
                  [36m<View[39m
                    [33maccessibilityState[39m=[32m{
                      {
                        "disabled": false,
                      }
                    }[39m
                    [33maccessible[39m=[32m{true}[39m
                  [36m>[39m
                    [36m<Text>[39m
                      [0m+ Adicionar Regra[0m
                    [36m</Text>[39m
                  [36m</View>[39m
                [36m</View>[39m
                [36m<View>[39m
                  [36m<Text>[39m
                    [0mImpedir que titulares e dependentes se tirem no sorteio[0m
                  [36m</Text>[39m
                  [36m<RCTSwitch[39m
                    [33maccessibilityRole[39m=[32m"switch"[39m
                    [33mvalue[39m=[32m{false}[39m
                  [36m/>[39m
                [36m</View>[39m
              [36m</View>[39m
              [36m<View>[39m
                [36m<Text>[39m
                  [0mRegras Ativas[0m
                [36m</Text>[39m
              [36m</View>[39m
            [36m</View>[39m
          [36m</View>[39m
        [36m</View>[39m
      [36m</RCTScrollView>[39m,
    ]

       99 |     const { getByText } = render(<PartyDrawRestrictionsScreen />);
      100 |     
    > 101 |     const toggleButton = getByText("Impedir que Titulares e seus Dependentes se tirem");
          |                          ^
      102 |     fireEvent.press(toggleButton);
      103 |
      104 |     expect(defaultViewModelMock.handleToggleBlockDependentDraw).toHaveBeenCalledTimes(1);

      at Object.getByText (src/screens/PartyDrawRestrictions/PartyDrawRestrictions.test.tsx:101:26)

FAIL src/screens/PerfilSorteado/PerfilSorteado.test.tsx
  ● Screen: PerfilSorteado › deve renderizar corretamente e passar as props para os componentes filhos

    TypeError: subscription.remove is not a function

      25 |
      26 |         return () => {
    > 27 |             subscription.remove();
         |                          ^
      28 |         };
      29 |     }, []);
      30 |

      at remove (src/screens/PerfilSorteado/index.tsx:27:26)
      at Object.react-stack-bottom-frame (node_modules/react-test-renderer/cjs/react-test-renderer.development.js:14074:13)
      at runWithFiberInDEV (node_modules/react-test-renderer/cjs/react-test-renderer.development.js:1574:13)
      at commitHookEffectListUnmount (node_modules/react-test-renderer/cjs/react-test-renderer.development.js:8443:17)
      at commitHookPassiveUnmountEffects (node_modules/react-test-renderer/cjs/react-test-renderer.development.js:8474:11)
      at commitPassiveUnmountEffectsInsideOfDeletedTree_begin (node_modules/react-test-renderer/cjs/react-test-renderer.development.js:10199:13)
      at recursivelyTraversePassiveUnmountEffects (node_modules/react-test-renderer/cjs/react-test-renderer.development.js:10098:13)
      at commitPassiveUnmountOnFiber (node_modules/react-test-renderer/cjs/react-test-renderer.development.js:10125:11)
      at flushPendingEffects (node_modules/react-test-renderer/cjs/react-test-renderer.development.js:11527:11)
      at performWorkOnRootViaSchedulerTask (node_modules/react-test-renderer/cjs/react-test-renderer.development.js:2082:11)
      at flushActQueue (node_modules/react/cjs/react.development.js:566:34)
      at node_modules/react/cjs/react.development.js:822:21

FAIL src/screens/CreateParty/CreateParty.test.tsx
  ● Tela CreateParty › deve validar os campos vazios, exibir erros vermelhos e não navegar

    TypeError: navigation.addListener is not a function

      38 |
      39 |   useEffect(() => {
    > 40 |     const unsubscribe = navigation.addListener('beforeRemove', (e: any) => {
         |                                    ^
      41 |       // If we don't have unsaved changes, don't intercept
      42 |       if (!hasChanges) {
      43 |         return;

      at addListener (src/screens/CreateParty/CreatePartyViewModel.ts:40:36)
      at Object.react-stack-bottom-frame (node_modules/react-test-renderer/cjs/react-test-renderer.development.js:14062:20)
      at runWithFiberInDEV (node_modules/react-test-renderer/cjs/react-test-renderer.development.js:1574:13)
      at commitHookEffectListMount (node_modules/react-test-renderer/cjs/react-test-renderer.development.js:8376:29)
      at commitHookPassiveMountEffects (node_modules/react-test-renderer/cjs/react-test-renderer.development.js:8463:11)
      at commitPassiveMountOnFiber (node_modules/react-test-renderer/cjs/react-test-renderer.development.js:9782:13)
      at recursivelyTraversePassiveMountEffects (node_modules/react-test-renderer/cjs/react-test-renderer.development.js:9756:11)
      at commitPassiveMountOnFiber (node_modules/react-test-renderer/cjs/react-test-renderer.development.js:9794:11)
      at flushPendingEffects (node_modules/react-test-renderer/cjs/react-test-renderer.development.js:11528:11)
      at performSyncWorkOnRoot (node_modules/react-test-renderer/cjs/react-test-renderer.development.js:2106:11)
      at flushSyncWorkAcrossRoots_impl (node_modules/react-test-renderer/cjs/react-test-renderer.development.js:1954:21)
      at flushSpawnedWork (node_modules/react-test-renderer/cjs/react-test-renderer.development.js:11467:9)
      at commitRoot (node_modules/react-test-renderer/cjs/react-test-renderer.development.js:11311:9)
      at performWorkOnRoot (node_modules/react-test-renderer/cjs/react-test-renderer.development.js:10445:15)
      at performWorkOnRootViaSchedulerTask (node_modules/react-test-renderer/cjs/react-test-renderer.development.js:2094:7)
      at flushActQueue (node_modules/react/cjs/react.development.js:566:34)
      at Object.<anonymous>.process.env.NODE_ENV.exports.act (node_modules/react/cjs/react.development.js:859:10)
      at actImplementation (node_modules/@testing-library/react-native/src/act.ts:30:25)
      at renderWithAct (node_modules/@testing-library/react-native/src/render-act.ts:13:11)
      at renderInternal (node_modules/@testing-library/react-native/src/render.tsx:69:33)
      at renderInternal (node_modules/@testing-library/react-native/src/render.tsx:44:10)
      at Object.<anonymous> (src/screens/CreateParty/CreateParty.test.tsx:87:55)
      at asyncGeneratorStep (node_modules/@babel/runtime/helpers/asyncToGenerator.js:3:17)
      at _next (node_modules/@babel/runtime/helpers/asyncToGenerator.js:17:9)
      at node_modules/@babel/runtime/helpers/asyncToGenerator.js:22:7
      at Object.<anonymous> (node_modules/@babel/runtime/helpers/asyncToGenerator.js:14:12)

  ● Tela CreateParty › deve instanciar o objeto Party e navegar com sucesso se tudo estiver correto

    TypeError: navigation.addListener is not a function

      38 |
      39 |   useEffect(() => {
    > 40 |     const unsubscribe = navigation.addListener('beforeRemove', (e: any) => {
         |                                    ^
      41 |       // If we don't have unsaved changes, don't intercept
      42 |       if (!hasChanges) {
      43 |         return;

      at addListener (src/screens/CreateParty/CreatePartyViewModel.ts:40:36)
      at Object.react-stack-bottom-frame (node_modules/react-test-renderer/cjs/react-test-renderer.development.js:14062:20)
      at runWithFiberInDEV (node_modules/react-test-renderer/cjs/react-test-renderer.development.js:1574:13)
      at commitHookEffectListMount (node_modules/react-test-renderer/cjs/react-test-renderer.development.js:8376:29)
      at commitHookPassiveMountEffects (node_modules/react-test-renderer/cjs/react-test-renderer.development.js:8463:11)
      at commitPassiveMountOnFiber (node_modules/react-test-renderer/cjs/react-test-renderer.development.js:9782:13)
      at recursivelyTraversePassiveMountEffects (node_modules/react-test-renderer/cjs/react-test-renderer.development.js:9756:11)
      at commitPassiveMountOnFiber (node_modules/react-test-renderer/cjs/react-test-renderer.development.js:9794:11)
      at flushPendingEffects (node_modules/react-test-renderer/cjs/react-test-renderer.development.js:11528:11)
      at performSyncWorkOnRoot (node_modules/react-test-renderer/cjs/react-test-renderer.development.js:2106:11)
      at flushSyncWorkAcrossRoots_impl (node_modules/react-test-renderer/cjs/react-test-renderer.development.js:1954:21)
      at flushSpawnedWork (node_modules/react-test-renderer/cjs/react-test-renderer.development.js:11467:9)
      at commitRoot (node_modules/react-test-renderer/cjs/react-test-renderer.development.js:11311:9)
      at performWorkOnRoot (node_modules/react-test-renderer/cjs/react-test-renderer.development.js:10445:15)
      at performWorkOnRootViaSchedulerTask (node_modules/react-test-renderer/cjs/react-test-renderer.development.js:2094:7)
      at flushActQueue (node_modules/react/cjs/react.development.js:566:34)
      at Object.<anonymous>.process.env.NODE_ENV.exports.act (node_modules/react/cjs/react.development.js:859:10)
      at actImplementation (node_modules/@testing-library/react-native/src/act.ts:30:25)
      at renderWithAct (node_modules/@testing-library/react-native/src/render-act.ts:13:11)
      at renderInternal (node_modules/@testing-library/react-native/src/render.tsx:69:33)
      at renderInternal (node_modules/@testing-library/react-native/src/render.tsx:44:10)
      at Object.<anonymous> (src/screens/CreateParty/CreateParty.test.tsx:104:68)
      at asyncGeneratorStep (node_modules/@babel/runtime/helpers/asyncToGenerator.js:3:17)
      at _next (node_modules/@babel/runtime/helpers/asyncToGenerator.js:17:9)
      at node_modules/@babel/runtime/helpers/asyncToGenerator.js:22:7
      at Object.<anonymous> (node_modules/@babel/runtime/helpers/asyncToGenerator.js:14:12)

  ● Tela CreateParty › não deve criar party se usuarioAtual for null

    TypeError: navigation.addListener is not a function

      38 |
      39 |   useEffect(() => {
    > 40 |     const unsubscribe = navigation.addListener('beforeRemove', (e: any) => {
         |                                    ^
      41 |       // If we don't have unsaved changes, don't intercept
      42 |       if (!hasChanges) {
      43 |         return;

      at addListener (src/screens/CreateParty/CreatePartyViewModel.ts:40:36)
      at Object.react-stack-bottom-frame (node_modules/react-test-renderer/cjs/react-test-renderer.development.js:14062:20)
      at runWithFiberInDEV (node_modules/react-test-renderer/cjs/react-test-renderer.development.js:1574:13)
      at commitHookEffectListMount (node_modules/react-test-renderer/cjs/react-test-renderer.development.js:8376:29)
      at commitHookPassiveMountEffects (node_modules/react-test-renderer/cjs/react-test-renderer.development.js:8463:11)
      at commitPassiveMountOnFiber (node_modules/react-test-renderer/cjs/react-test-renderer.development.js:9782:13)
      at recursivelyTraversePassiveMountEffects (node_modules/react-test-renderer/cjs/react-test-renderer.development.js:9756:11)
      at commitPassiveMountOnFiber (node_modules/react-test-renderer/cjs/react-test-renderer.development.js:9794:11)
      at flushPendingEffects (node_modules/react-test-renderer/cjs/react-test-renderer.development.js:11528:11)
      at performSyncWorkOnRoot (node_modules/react-test-renderer/cjs/react-test-renderer.development.js:2106:11)
      at flushSyncWorkAcrossRoots_impl (node_modules/react-test-renderer/cjs/react-test-renderer.development.js:1954:21)
      at flushSpawnedWork (node_modules/react-test-renderer/cjs/react-test-renderer.development.js:11467:9)
      at commitRoot (node_modules/react-test-renderer/cjs/react-test-renderer.development.js:11311:9)
      at performWorkOnRoot (node_modules/react-test-renderer/cjs/react-test-renderer.development.js:10445:15)
      at performWorkOnRootViaSchedulerTask (node_modules/react-test-renderer/cjs/react-test-renderer.development.js:2094:7)
      at flushActQueue (node_modules/react/cjs/react.development.js:566:34)
      at Object.<anonymous>.process.env.NODE_ENV.exports.act (node_modules/react/cjs/react.development.js:859:10)
      at actImplementation (node_modules/@testing-library/react-native/src/act.ts:30:25)
      at renderWithAct (node_modules/@testing-library/react-native/src/render-act.ts:13:11)
      at renderInternal (node_modules/@testing-library/react-native/src/render.tsx:69:33)
      at renderInternal (node_modules/@testing-library/react-native/src/render.tsx:44:10)
      at Object.<anonymous> (src/screens/CreateParty/CreateParty.test.tsx:136:68)
      at asyncGeneratorStep (node_modules/@babel/runtime/helpers/asyncToGenerator.js:3:17)
      at _next (node_modules/@babel/runtime/helpers/asyncToGenerator.js:17:9)
      at node_modules/@babel/runtime/helpers/asyncToGenerator.js:22:7
      at Object.<anonymous> (node_modules/@babel/runtime/helpers/asyncToGenerator.js:14:12)

  ● Tela CreateParty › deve voltar à tela anterior ao confirmar a saída no modal

    TypeError: navigation.addListener is not a function

      38 |
      39 |   useEffect(() => {
    > 40 |     const unsubscribe = navigation.addListener('beforeRemove', (e: any) => {
         |                                    ^
      41 |       // If we don't have unsaved changes, don't intercept
      42 |       if (!hasChanges) {
      43 |         return;

      at addListener (src/screens/CreateParty/CreatePartyViewModel.ts:40:36)
      at Object.react-stack-bottom-frame (node_modules/react-test-renderer/cjs/react-test-renderer.development.js:14062:20)
      at runWithFiberInDEV (node_modules/react-test-renderer/cjs/react-test-renderer.development.js:1574:13)
      at commitHookEffectListMount (node_modules/react-test-renderer/cjs/react-test-renderer.development.js:8376:29)
      at commitHookPassiveMountEffects (node_modules/react-test-renderer/cjs/react-test-renderer.development.js:8463:11)
      at commitPassiveMountOnFiber (node_modules/react-test-renderer/cjs/react-test-renderer.development.js:9782:13)
      at recursivelyTraversePassiveMountEffects (node_modules/react-test-renderer/cjs/react-test-renderer.development.js:9756:11)
      at commitPassiveMountOnFiber (node_modules/react-test-renderer/cjs/react-test-renderer.development.js:9794:11)
      at flushPendingEffects (node_modules/react-test-renderer/cjs/react-test-renderer.development.js:11528:11)
      at performSyncWorkOnRoot (node_modules/react-test-renderer/cjs/react-test-renderer.development.js:2106:11)
      at flushSyncWorkAcrossRoots_impl (node_modules/react-test-renderer/cjs/react-test-renderer.development.js:1954:21)
      at flushSpawnedWork (node_modules/react-test-renderer/cjs/react-test-renderer.development.js:11467:9)
      at commitRoot (node_modules/react-test-renderer/cjs/react-test-renderer.development.js:11311:9)
      at performWorkOnRoot (node_modules/react-test-renderer/cjs/react-test-renderer.development.js:10445:15)
      at performWorkOnRootViaSchedulerTask (node_modules/react-test-renderer/cjs/react-test-renderer.development.js:2094:7)
      at flushActQueue (node_modules/react/cjs/react.development.js:566:34)
      at Object.<anonymous>.process.env.NODE_ENV.exports.act (node_modules/react/cjs/react.development.js:859:10)
      at actImplementation (node_modules/@testing-library/react-native/src/act.ts:30:25)
      at renderWithAct (node_modules/@testing-library/react-native/src/render-act.ts:13:11)
      at renderInternal (node_modules/@testing-library/react-native/src/render.tsx:69:33)
      at renderInternal (node_modules/@testing-library/react-native/src/render.tsx:44:10)
      at Object.<anonymous> (src/screens/CreateParty/CreateParty.test.tsx:155:68)
      at asyncGeneratorStep (node_modules/@babel/runtime/helpers/asyncToGenerator.js:3:17)
      at _next (node_modules/@babel/runtime/helpers/asyncToGenerator.js:17:9)
      at node_modules/@babel/runtime/helpers/asyncToGenerator.js:22:7
      at Object.<anonymous> (node_modules/@babel/runtime/helpers/asyncToGenerator.js:14:12)

  ● Tela CreateParty › deve navegar silenciosamente se não houver alterações

    TypeError: navigation.addListener is not a function

      38 |
      39 |   useEffect(() => {
    > 40 |     const unsubscribe = navigation.addListener('beforeRemove', (e: any) => {
         |                                    ^
      41 |       // If we don't have unsaved changes, don't intercept
      42 |       if (!hasChanges) {
      43 |         return;

      at addListener (src/screens/CreateParty/CreatePartyViewModel.ts:40:36)
      at Object.react-stack-bottom-frame (node_modules/react-test-renderer/cjs/react-test-renderer.development.js:14062:20)
      at runWithFiberInDEV (node_modules/react-test-renderer/cjs/react-test-renderer.development.js:1574:13)
      at commitHookEffectListMount (node_modules/react-test-renderer/cjs/react-test-renderer.development.js:8376:29)
      at commitHookPassiveMountEffects (node_modules/react-test-renderer/cjs/react-test-renderer.development.js:8463:11)
      at commitPassiveMountOnFiber (node_modules/react-test-renderer/cjs/react-test-renderer.development.js:9782:13)
      at recursivelyTraversePassiveMountEffects (node_modules/react-test-renderer/cjs/react-test-renderer.development.js:9756:11)
      at commitPassiveMountOnFiber (node_modules/react-test-renderer/cjs/react-test-renderer.development.js:9794:11)
      at flushPendingEffects (node_modules/react-test-renderer/cjs/react-test-renderer.development.js:11528:11)
      at performSyncWorkOnRoot (node_modules/react-test-renderer/cjs/react-test-renderer.development.js:2106:11)
      at flushSyncWorkAcrossRoots_impl (node_modules/react-test-renderer/cjs/react-test-renderer.development.js:1954:21)
      at flushSpawnedWork (node_modules/react-test-renderer/cjs/react-test-renderer.development.js:11467:9)
      at commitRoot (node_modules/react-test-renderer/cjs/react-test-renderer.development.js:11311:9)
      at performWorkOnRoot (node_modules/react-test-renderer/cjs/react-test-renderer.development.js:10445:15)
      at performWorkOnRootViaSchedulerTask (node_modules/react-test-renderer/cjs/react-test-renderer.development.js:2094:7)
      at flushActQueue (node_modules/react/cjs/react.development.js:566:34)
      at Object.<anonymous>.process.env.NODE_ENV.exports.act (node_modules/react/cjs/react.development.js:859:10)
      at actImplementation (node_modules/@testing-library/react-native/src/act.ts:30:25)
      at renderWithAct (node_modules/@testing-library/react-native/src/render-act.ts:13:11)
      at renderInternal (node_modules/@testing-library/react-native/src/render.tsx:69:33)
      at renderInternal (node_modules/@testing-library/react-native/src/render.tsx:44:10)
      at Object.<anonymous> (src/screens/CreateParty/CreateParty.test.tsx:171:35)

  ● Tela CreateParty › deve interceptar navegação do footer e exibir modal se houver alterações

    TypeError: navigation.addListener is not a function

      38 |
      39 |   useEffect(() => {
    > 40 |     const unsubscribe = navigation.addListener('beforeRemove', (e: any) => {
         |                                    ^
      41 |       // If we don't have unsaved changes, don't intercept
      42 |       if (!hasChanges) {
      43 |         return;

      at addListener (src/screens/CreateParty/CreatePartyViewModel.ts:40:36)
      at Object.react-stack-bottom-frame (node_modules/react-test-renderer/cjs/react-test-renderer.development.js:14062:20)
      at runWithFiberInDEV (node_modules/react-test-renderer/cjs/react-test-renderer.development.js:1574:13)
      at commitHookEffectListMount (node_modules/react-test-renderer/cjs/react-test-renderer.development.js:8376:29)
      at commitHookPassiveMountEffects (node_modules/react-test-renderer/cjs/react-test-renderer.development.js:8463:11)
      at commitPassiveMountOnFiber (node_modules/react-test-renderer/cjs/react-test-renderer.development.js:9782:13)
      at recursivelyTraversePassiveMountEffects (node_modules/react-test-renderer/cjs/react-test-renderer.development.js:9756:11)
      at commitPassiveMountOnFiber (node_modules/react-test-renderer/cjs/react-test-renderer.development.js:9794:11)
      at flushPendingEffects (node_modules/react-test-renderer/cjs/react-test-renderer.development.js:11528:11)
      at performSyncWorkOnRoot (node_modules/react-test-renderer/cjs/react-test-renderer.development.js:2106:11)
      at flushSyncWorkAcrossRoots_impl (node_modules/react-test-renderer/cjs/react-test-renderer.development.js:1954:21)
      at flushSpawnedWork (node_modules/react-test-renderer/cjs/react-test-renderer.development.js:11467:9)
      at commitRoot (node_modules/react-test-renderer/cjs/react-test-renderer.development.js:11311:9)
      at performWorkOnRoot (node_modules/react-test-renderer/cjs/react-test-renderer.development.js:10445:15)
      at performWorkOnRootViaSchedulerTask (node_modules/react-test-renderer/cjs/react-test-renderer.development.js:2094:7)
      at flushActQueue (node_modules/react/cjs/react.development.js:566:34)
      at Object.<anonymous>.process.env.NODE_ENV.exports.act (node_modules/react/cjs/react.development.js:859:10)
      at actImplementation (node_modules/@testing-library/react-native/src/act.ts:30:25)
      at renderWithAct (node_modules/@testing-library/react-native/src/render-act.ts:13:11)
      at renderInternal (node_modules/@testing-library/react-native/src/render.tsx:69:33)
      at renderInternal (node_modules/@testing-library/react-native/src/render.tsx:44:10)
      at Object.<anonymous> (src/screens/CreateParty/CreateParty.test.tsx:181:55)
      at asyncGeneratorStep (node_modules/@babel/runtime/helpers/asyncToGenerator.js:3:17)
      at _next (node_modules/@babel/runtime/helpers/asyncToGenerator.js:17:9)
      at node_modules/@babel/runtime/helpers/asyncToGenerator.js:22:7
      at Object.<anonymous> (node_modules/@babel/runtime/helpers/asyncToGenerator.js:14:12)

FAIL src/components/IconButton/IconButtonViewModel.test.ts
  ● useIconButtonViewModel › deve retornar valores padrão quando o variant é 'transparent'

    TypeError: (0 , _styles.createStyles) is not a function

      14 | export function useIconButtonViewModel({ iconName, variant = "transparent", color, size, style, ...touchableOpacityProps }: Props) {
      15 |     const { theme } = useAppTheme();
    > 16 |     const styles = createStyles(theme);
         |                                ^
      17 |     const defaultColor = variant === "fab" ? theme.colors.surface : theme.colors.text;
      18 |
      19 |     const defaultSize = variant === "fab" ? 32 : 24;

      at useIconButtonViewModel (src/components/IconButton/IconButtonViewModel.ts:16:32)
      at src/components/IconButton/IconButtonViewModel.test.ts:19:63
      at hookToRender (node_modules/@testing-library/react-native/src/render-hook.tsx:46:26)
      at Object.react-stack-bottom-frame (node_modules/react-test-renderer/cjs/react-test-renderer.development.js:13976:20)
      at renderWithHooks (node_modules/react-test-renderer/cjs/react-test-renderer.development.js:2866:22)
      at updateFunctionComponent (node_modules/react-test-renderer/cjs/react-test-renderer.development.js:6006:19)
      at beginWork (node_modules/react-test-renderer/cjs/react-test-renderer.development.js:7474:18)
      at runWithFiberInDEV (node_modules/react-test-renderer/cjs/react-test-renderer.development.js:1574:13)
      at performUnitOfWork (node_modules/react-test-renderer/cjs/react-test-renderer.development.js:10972:22)
      at workLoopSync (node_modules/react-test-renderer/cjs/react-test-renderer.development.js:10816:41)
      at renderRootSync (node_modules/react-test-renderer/cjs/react-test-renderer.development.js:10797:11)
      at performWorkOnRoot (node_modules/react-test-renderer/cjs/react-test-renderer.development.js:10384:39)
      at performWorkOnRootViaSchedulerTask (node_modules/react-test-renderer/cjs/react-test-renderer.development.js:2094:7)
      at flushActQueue (node_modules/react/cjs/react.development.js:566:34)
      at Object.<anonymous>.process.env.NODE_ENV.exports.act (node_modules/react/cjs/react.development.js:859:10)
      at actImplementation (node_modules/@testing-library/react-native/src/act.ts:30:25)
      at renderWithAct (node_modules/@testing-library/react-native/src/render-act.ts:13:11)
      at renderInternal (node_modules/@testing-library/react-native/src/render.tsx:69:33)
      at renderInternal (node_modules/@testing-library/react-native/src/render.tsx:44:10)
      at renderHook (node_modules/@testing-library/react-native/src/render-hook.tsx:55:58)
      at Object.<anonymous> (src/components/IconButton/IconButtonViewModel.test.ts:19:34)

  ● useIconButtonViewModel › deve retornar valores específicos quando o variant é 'fab'

    TypeError: (0 , _styles.createStyles) is not a function

      14 | export function useIconButtonViewModel({ iconName, variant = "transparent", color, size, style, ...touchableOpacityProps }: Props) {
      15 |     const { theme } = useAppTheme();
    > 16 |     const styles = createStyles(theme);
         |                                ^
      17 |     const defaultColor = variant === "fab" ? theme.colors.surface : theme.colors.text;
      18 |
      19 |     const defaultSize = variant === "fab" ? 32 : 24;

      at useIconButtonViewModel (src/components/IconButton/IconButtonViewModel.ts:16:32)
      at src/components/IconButton/IconButtonViewModel.test.ts:28:29
      at hookToRender (node_modules/@testing-library/react-native/src/render-hook.tsx:46:26)
      at Object.react-stack-bottom-frame (node_modules/react-test-renderer/cjs/react-test-renderer.development.js:13976:20)
      at renderWithHooks (node_modules/react-test-renderer/cjs/react-test-renderer.development.js:2866:22)
      at updateFunctionComponent (node_modules/react-test-renderer/cjs/react-test-renderer.development.js:6006:19)
      at beginWork (node_modules/react-test-renderer/cjs/react-test-renderer.development.js:7474:18)
      at runWithFiberInDEV (node_modules/react-test-renderer/cjs/react-test-renderer.development.js:1574:13)
      at performUnitOfWork (node_modules/react-test-renderer/cjs/react-test-renderer.development.js:10972:22)
      at workLoopSync (node_modules/react-test-renderer/cjs/react-test-renderer.development.js:10816:41)
      at renderRootSync (node_modules/react-test-renderer/cjs/react-test-renderer.development.js:10797:11)
      at performWorkOnRoot (node_modules/react-test-renderer/cjs/react-test-renderer.development.js:10384:39)
      at performWorkOnRootViaSchedulerTask (node_modules/react-test-renderer/cjs/react-test-renderer.development.js:2094:7)
      at flushActQueue (node_modules/react/cjs/react.development.js:566:34)
      at Object.<anonymous>.process.env.NODE_ENV.exports.act (node_modules/react/cjs/react.development.js:859:10)
      at actImplementation (node_modules/@testing-library/react-native/src/act.ts:30:25)
      at renderWithAct (node_modules/@testing-library/react-native/src/render-act.ts:13:11)
      at renderInternal (node_modules/@testing-library/react-native/src/render.tsx:69:33)
      at renderInternal (node_modules/@testing-library/react-native/src/render.tsx:44:10)
      at renderHook (node_modules/@testing-library/react-native/src/render-hook.tsx:55:58)
      at Object.<anonymous> (src/components/IconButton/IconButtonViewModel.test.ts:27:34)

  ● useIconButtonViewModel › deve priorizar a cor e o tamanho passados via props

    TypeError: (0 , _styles.createStyles) is not a function

      14 | export function useIconButtonViewModel({ iconName, variant = "transparent", color, size, style, ...touchableOpacityProps }: Props) {
      15 |     const { theme } = useAppTheme();
    > 16 |     const styles = createStyles(theme);
         |                                ^
      17 |     const defaultColor = variant === "fab" ? theme.colors.surface : theme.colors.text;
      18 |
      19 |     const defaultSize = variant === "fab" ? 32 : 24;

      at useIconButtonViewModel (src/components/IconButton/IconButtonViewModel.ts:16:32)
      at src/components/IconButton/IconButtonViewModel.test.ts:42:63
      at hookToRender (node_modules/@testing-library/react-native/src/render-hook.tsx:46:26)
      at Object.react-stack-bottom-frame (node_modules/react-test-renderer/cjs/react-test-renderer.development.js:13976:20)
      at renderWithHooks (node_modules/react-test-renderer/cjs/react-test-renderer.development.js:2866:22)
      at updateFunctionComponent (node_modules/react-test-renderer/cjs/react-test-renderer.development.js:6006:19)
      at beginWork (node_modules/react-test-renderer/cjs/react-test-renderer.development.js:7474:18)
      at runWithFiberInDEV (node_modules/react-test-renderer/cjs/react-test-renderer.development.js:1574:13)
      at performUnitOfWork (node_modules/react-test-renderer/cjs/react-test-renderer.development.js:10972:22)
      at workLoopSync (node_modules/react-test-renderer/cjs/react-test-renderer.development.js:10816:41)
      at renderRootSync (node_modules/react-test-renderer/cjs/react-test-renderer.development.js:10797:11)
      at performWorkOnRoot (node_modules/react-test-renderer/cjs/react-test-renderer.development.js:10384:39)
      at performWorkOnRootViaSchedulerTask (node_modules/react-test-renderer/cjs/react-test-renderer.development.js:2094:7)
      at flushActQueue (node_modules/react/cjs/react.development.js:566:34)
      at Object.<anonymous>.process.env.NODE_ENV.exports.act (node_modules/react/cjs/react.development.js:859:10)
      at actImplementation (node_modules/@testing-library/react-native/src/act.ts:30:25)
      at renderWithAct (node_modules/@testing-library/react-native/src/render-act.ts:13:11)
      at renderInternal (node_modules/@testing-library/react-native/src/render.tsx:69:33)
      at renderInternal (node_modules/@testing-library/react-native/src/render.tsx:44:10)
      at renderHook (node_modules/@testing-library/react-native/src/render-hook.tsx:55:58)
      at Object.<anonymous> (src/components/IconButton/IconButtonViewModel.test.ts:42:34)

  ● useIconButtonViewModel › deve compor os estilos corretamente baseado no variant

    TypeError: (0 , _styles.createStyles) is not a function

      14 | export function useIconButtonViewModel({ iconName, variant = "transparent", color, size, style, ...touchableOpacityProps }: Props) {
      15 |     const { theme } = useAppTheme();
    > 16 |     const styles = createStyles(theme);
         |                                ^
      17 |     const defaultColor = variant === "fab" ? theme.colors.surface : theme.colors.text;
      18 |
      19 |     const defaultSize = variant === "fab" ? 32 : 24;

      at useIconButtonViewModel (src/components/IconButton/IconButtonViewModel.ts:16:32)
      at src/components/IconButton/IconButtonViewModel.test.ts:50:29
      at hookToRender (node_modules/@testing-library/react-native/src/render-hook.tsx:46:26)
      at Object.react-stack-bottom-frame (node_modules/react-test-renderer/cjs/react-test-renderer.development.js:13976:20)
      at renderWithHooks (node_modules/react-test-renderer/cjs/react-test-renderer.development.js:2866:22)
      at updateFunctionComponent (node_modules/react-test-renderer/cjs/react-test-renderer.development.js:6006:19)
      at beginWork (node_modules/react-test-renderer/cjs/react-test-renderer.development.js:7474:18)
      at runWithFiberInDEV (node_modules/react-test-renderer/cjs/react-test-renderer.development.js:1574:13)
      at performUnitOfWork (node_modules/react-test-renderer/cjs/react-test-renderer.development.js:10972:22)
      at workLoopSync (node_modules/react-test-renderer/cjs/react-test-renderer.development.js:10816:41)
      at renderRootSync (node_modules/react-test-renderer/cjs/react-test-renderer.development.js:10797:11)
      at performWorkOnRoot (node_modules/react-test-renderer/cjs/react-test-renderer.development.js:10384:39)
      at performWorkOnRootViaSchedulerTask (node_modules/react-test-renderer/cjs/react-test-renderer.development.js:2094:7)
      at flushActQueue (node_modules/react/cjs/react.development.js:566:34)
      at Object.<anonymous>.process.env.NODE_ENV.exports.act (node_modules/react/cjs/react.development.js:859:10)
      at actImplementation (node_modules/@testing-library/react-native/src/act.ts:30:25)
      at renderWithAct (node_modules/@testing-library/react-native/src/render-act.ts:13:11)
      at renderInternal (node_modules/@testing-library/react-native/src/render.tsx:69:33)
      at renderInternal (node_modules/@testing-library/react-native/src/render.tsx:44:10)
      at renderHook (node_modules/@testing-library/react-native/src/render-hook.tsx:55:58)
      at Object.<anonymous> (src/components/IconButton/IconButtonViewModel.test.ts:49:34)

  ● useIconButtonViewModel › deve repassar as demais propriedades do TouchableOpacity

    TypeError: (0 , _styles.createStyles) is not a function

      14 | export function useIconButtonViewModel({ iconName, variant = "transparent", color, size, style, ...touchableOpacityProps }: Props) {
      15 |     const { theme } = useAppTheme();
    > 16 |     const styles = createStyles(theme);
         |                                ^
      17 |     const defaultColor = variant === "fab" ? theme.colors.surface : theme.colors.text;
      18 |
      19 |     const defaultSize = variant === "fab" ? 32 : 24;

      at useIconButtonViewModel (src/components/IconButton/IconButtonViewModel.ts:16:32)
      at src/components/IconButton/IconButtonViewModel.test.ts:60:29
      at hookToRender (node_modules/@testing-library/react-native/src/render-hook.tsx:46:26)
      at Object.react-stack-bottom-frame (node_modules/react-test-renderer/cjs/react-test-renderer.development.js:13976:20)
      at renderWithHooks (node_modules/react-test-renderer/cjs/react-test-renderer.development.js:2866:22)
      at updateFunctionComponent (node_modules/react-test-renderer/cjs/react-test-renderer.development.js:6006:19)
      at beginWork (node_modules/react-test-renderer/cjs/react-test-renderer.development.js:7474:18)
      at runWithFiberInDEV (node_modules/react-test-renderer/cjs/react-test-renderer.development.js:1574:13)
      at performUnitOfWork (node_modules/react-test-renderer/cjs/react-test-renderer.development.js:10972:22)
      at workLoopSync (node_modules/react-test-renderer/cjs/react-test-renderer.development.js:10816:41)
      at renderRootSync (node_modules/react-test-renderer/cjs/react-test-renderer.development.js:10797:11)
      at performWorkOnRoot (node_modules/react-test-renderer/cjs/react-test-renderer.development.js:10384:39)
      at performWorkOnRootViaSchedulerTask (node_modules/react-test-renderer/cjs/react-test-renderer.development.js:2094:7)
      at flushActQueue (node_modules/react/cjs/react.development.js:566:34)
      at Object.<anonymous>.process.env.NODE_ENV.exports.act (node_modules/react/cjs/react.development.js:859:10)
      at actImplementation (node_modules/@testing-library/react-native/src/act.ts:30:25)
      at renderWithAct (node_modules/@testing-library/react-native/src/render-act.ts:13:11)
      at renderInternal (node_modules/@testing-library/react-native/src/render.tsx:69:33)
      at renderInternal (node_modules/@testing-library/react-native/src/render.tsx:44:10)
      at renderHook (node_modules/@testing-library/react-native/src/render-hook.tsx:55:58)
      at Object.<anonymous> (src/components/IconButton/IconButtonViewModel.test.ts:59:34)

FAIL src/components/Input/InputViewModel.test.ts
  ● useInputViewModel › deve retornar o label corretamente

    TypeError: (0 , _styles.createStyles) is not a function

      13 | export function useInputViewModel({ label, containerStyle, inputContainerStyle, style, isPassword, secureTextEntry, ...textInputProps }: Props) {
      14 |     const { theme } = useAppTheme();
    > 15 |     const styles = createStyles(theme);
         |                                ^
      16 |     const [isPasswordVisible, setIsPasswordVisible] = useState(false);
      17 |     const textInputStyle = [styles.input, style];
      18 |     

      at useInputViewModel (src/components/Input/InputViewModel.ts:15:32)
      at src/components/Input/InputViewModel.test.ts:20:58
      at hookToRender (node_modules/@testing-library/react-native/src/render-hook.tsx:46:26)
      at Object.react-stack-bottom-frame (node_modules/react-test-renderer/cjs/react-test-renderer.development.js:13976:20)
      at renderWithHooks (node_modules/react-test-renderer/cjs/react-test-renderer.development.js:2866:22)
      at updateFunctionComponent (node_modules/react-test-renderer/cjs/react-test-renderer.development.js:6006:19)
      at beginWork (node_modules/react-test-renderer/cjs/react-test-renderer.development.js:7474:18)
      at runWithFiberInDEV (node_modules/react-test-renderer/cjs/react-test-renderer.development.js:1574:13)
      at performUnitOfWork (node_modules/react-test-renderer/cjs/react-test-renderer.development.js:10972:22)
      at workLoopSync (node_modules/react-test-renderer/cjs/react-test-renderer.development.js:10816:41)
      at renderRootSync (node_modules/react-test-renderer/cjs/react-test-renderer.development.js:10797:11)
      at performWorkOnRoot (node_modules/react-test-renderer/cjs/react-test-renderer.development.js:10384:39)
      at performWorkOnRootViaSchedulerTask (node_modules/react-test-renderer/cjs/react-test-renderer.development.js:2094:7)
      at flushActQueue (node_modules/react/cjs/react.development.js:566:34)
      at Object.<anonymous>.process.env.NODE_ENV.exports.act (node_modules/react/cjs/react.development.js:859:10)
      at actImplementation (node_modules/@testing-library/react-native/src/act.ts:30:25)
      at renderWithAct (node_modules/@testing-library/react-native/src/render-act.ts:13:11)
      at renderInternal (node_modules/@testing-library/react-native/src/render.tsx:69:33)
      at renderInternal (node_modules/@testing-library/react-native/src/render.tsx:44:10)
      at renderHook (node_modules/@testing-library/react-native/src/render-hook.tsx:55:58)
      at Object.<anonymous> (src/components/Input/InputViewModel.test.ts:20:34)

  ● useInputViewModel › deve compor o array de estilos do TextInput com o estilo base e o estilo customizado

    TypeError: (0 , _styles.createStyles) is not a function

      13 | export function useInputViewModel({ label, containerStyle, inputContainerStyle, style, isPassword, secureTextEntry, ...textInputProps }: Props) {
      14 |     const { theme } = useAppTheme();
    > 15 |     const styles = createStyles(theme);
         |                                ^
      16 |     const [isPasswordVisible, setIsPasswordVisible] = useState(false);
      17 |     const textInputStyle = [styles.input, style];
      18 |     

      at useInputViewModel (src/components/Input/InputViewModel.ts:15:32)
      at src/components/Input/InputViewModel.test.ts:28:24
      at hookToRender (node_modules/@testing-library/react-native/src/render-hook.tsx:46:26)
      at Object.react-stack-bottom-frame (node_modules/react-test-renderer/cjs/react-test-renderer.development.js:13976:20)
      at renderWithHooks (node_modules/react-test-renderer/cjs/react-test-renderer.development.js:2866:22)
      at updateFunctionComponent (node_modules/react-test-renderer/cjs/react-test-renderer.development.js:6006:19)
      at beginWork (node_modules/react-test-renderer/cjs/react-test-renderer.development.js:7474:18)
      at runWithFiberInDEV (node_modules/react-test-renderer/cjs/react-test-renderer.development.js:1574:13)
      at performUnitOfWork (node_modules/react-test-renderer/cjs/react-test-renderer.development.js:10972:22)
      at workLoopSync (node_modules/react-test-renderer/cjs/react-test-renderer.development.js:10816:41)
      at renderRootSync (node_modules/react-test-renderer/cjs/react-test-renderer.development.js:10797:11)
      at performWorkOnRoot (node_modules/react-test-renderer/cjs/react-test-renderer.development.js:10384:39)
      at performWorkOnRootViaSchedulerTask (node_modules/react-test-renderer/cjs/react-test-renderer.development.js:2094:7)
      at flushActQueue (node_modules/react/cjs/react.development.js:566:34)
      at Object.<anonymous>.process.env.NODE_ENV.exports.act (node_modules/react/cjs/react.development.js:859:10)
      at actImplementation (node_modules/@testing-library/react-native/src/act.ts:30:25)
      at renderWithAct (node_modules/@testing-library/react-native/src/render-act.ts:13:11)
      at renderInternal (node_modules/@testing-library/react-native/src/render.tsx:69:33)
      at renderInternal (node_modules/@testing-library/react-native/src/render.tsx:44:10)
      at renderHook (node_modules/@testing-library/react-native/src/render-hook.tsx:55:58)
      at Object.<anonymous> (src/components/Input/InputViewModel.test.ts:27:34)

  ● useInputViewModel › deve retornar o containerStyle quando fornecido

    TypeError: (0 , _styles.createStyles) is not a function

      13 | export function useInputViewModel({ label, containerStyle, inputContainerStyle, style, isPassword, secureTextEntry, ...textInputProps }: Props) {
      14 |     const { theme } = useAppTheme();
    > 15 |     const styles = createStyles(theme);
         |                                ^
      16 |     const [isPasswordVisible, setIsPasswordVisible] = useState(false);
      17 |     const textInputStyle = [styles.input, style];
      18 |     

      at useInputViewModel (src/components/Input/InputViewModel.ts:15:32)
      at src/components/Input/InputViewModel.test.ts:43:24
      at hookToRender (node_modules/@testing-library/react-native/src/render-hook.tsx:46:26)
      at Object.react-stack-bottom-frame (node_modules/react-test-renderer/cjs/react-test-renderer.development.js:13976:20)
      at renderWithHooks (node_modules/react-test-renderer/cjs/react-test-renderer.development.js:2866:22)
      at updateFunctionComponent (node_modules/react-test-renderer/cjs/react-test-renderer.development.js:6006:19)
      at beginWork (node_modules/react-test-renderer/cjs/react-test-renderer.development.js:7474:18)
      at runWithFiberInDEV (node_modules/react-test-renderer/cjs/react-test-renderer.development.js:1574:13)
      at performUnitOfWork (node_modules/react-test-renderer/cjs/react-test-renderer.development.js:10972:22)
      at workLoopSync (node_modules/react-test-renderer/cjs/react-test-renderer.development.js:10816:41)
      at renderRootSync (node_modules/react-test-renderer/cjs/react-test-renderer.development.js:10797:11)
      at performWorkOnRoot (node_modules/react-test-renderer/cjs/react-test-renderer.development.js:10384:39)
      at performWorkOnRootViaSchedulerTask (node_modules/react-test-renderer/cjs/react-test-renderer.development.js:2094:7)
      at flushActQueue (node_modules/react/cjs/react.development.js:566:34)
      at Object.<anonymous>.process.env.NODE_ENV.exports.act (node_modules/react/cjs/react.development.js:859:10)
      at actImplementation (node_modules/@testing-library/react-native/src/act.ts:30:25)
      at renderWithAct (node_modules/@testing-library/react-native/src/render-act.ts:13:11)
      at renderInternal (node_modules/@testing-library/react-native/src/render.tsx:69:33)
      at renderInternal (node_modules/@testing-library/react-native/src/render.tsx:44:10)
      at renderHook (node_modules/@testing-library/react-native/src/render-hook.tsx:55:58)
      at Object.<anonymous> (src/components/Input/InputViewModel.test.ts:42:34)

  ● useInputViewModel › deve repassar as demais propriedades do TextInput (rest props)

    TypeError: (0 , _styles.createStyles) is not a function

      13 | export function useInputViewModel({ label, containerStyle, inputContainerStyle, style, isPassword, secureTextEntry, ...textInputProps }: Props) {
      14 |     const { theme } = useAppTheme();
    > 15 |     const styles = createStyles(theme);
         |                                ^
      16 |     const [isPasswordVisible, setIsPasswordVisible] = useState(false);
      17 |     const textInputStyle = [styles.input, style];
      18 |     

      at useInputViewModel (src/components/Input/InputViewModel.ts:15:32)
      at src/components/Input/InputViewModel.test.ts:51:24
      at hookToRender (node_modules/@testing-library/react-native/src/render-hook.tsx:46:26)
      at Object.react-stack-bottom-frame (node_modules/react-test-renderer/cjs/react-test-renderer.development.js:13976:20)
      at renderWithHooks (node_modules/react-test-renderer/cjs/react-test-renderer.development.js:2866:22)
      at updateFunctionComponent (node_modules/react-test-renderer/cjs/react-test-renderer.development.js:6006:19)
      at beginWork (node_modules/react-test-renderer/cjs/react-test-renderer.development.js:7474:18)
      at runWithFiberInDEV (node_modules/react-test-renderer/cjs/react-test-renderer.development.js:1574:13)
      at performUnitOfWork (node_modules/react-test-renderer/cjs/react-test-renderer.development.js:10972:22)
      at workLoopSync (node_modules/react-test-renderer/cjs/react-test-renderer.development.js:10816:41)
      at renderRootSync (node_modules/react-test-renderer/cjs/react-test-renderer.development.js:10797:11)
      at performWorkOnRoot (node_modules/react-test-renderer/cjs/react-test-renderer.development.js:10384:39)
      at performWorkOnRootViaSchedulerTask (node_modules/react-test-renderer/cjs/react-test-renderer.development.js:2094:7)
      at flushActQueue (node_modules/react/cjs/react.development.js:566:34)
      at Object.<anonymous>.process.env.NODE_ENV.exports.act (node_modules/react/cjs/react.development.js:859:10)
      at actImplementation (node_modules/@testing-library/react-native/src/act.ts:30:25)
      at renderWithAct (node_modules/@testing-library/react-native/src/render-act.ts:13:11)
      at renderInternal (node_modules/@testing-library/react-native/src/render.tsx:69:33)
      at renderInternal (node_modules/@testing-library/react-native/src/render.tsx:44:10)
      at renderHook (node_modules/@testing-library/react-native/src/render-hook.tsx:55:58)
      at Object.<anonymous> (src/components/Input/InputViewModel.test.ts:50:34)

  ● useInputViewModel › deve manter a referência de funções passadas via props

    TypeError: (0 , _styles.createStyles) is not a function

      13 | export function useInputViewModel({ label, containerStyle, inputContainerStyle, style, isPassword, secureTextEntry, ...textInputProps }: Props) {
      14 |     const { theme } = useAppTheme();
    > 15 |     const styles = createStyles(theme);
         |                                ^
      16 |     const [isPasswordVisible, setIsPasswordVisible] = useState(false);
      17 |     const textInputStyle = [styles.input, style];
      18 |     

      at useInputViewModel (src/components/Input/InputViewModel.ts:15:32)
      at src/components/Input/InputViewModel.test.ts:67:24
      at hookToRender (node_modules/@testing-library/react-native/src/render-hook.tsx:46:26)
      at Object.react-stack-bottom-frame (node_modules/react-test-renderer/cjs/react-test-renderer.development.js:13976:20)
      at renderWithHooks (node_modules/react-test-renderer/cjs/react-test-renderer.development.js:2866:22)
      at updateFunctionComponent (node_modules/react-test-renderer/cjs/react-test-renderer.development.js:6006:19)
      at beginWork (node_modules/react-test-renderer/cjs/react-test-renderer.development.js:7474:18)
      at runWithFiberInDEV (node_modules/react-test-renderer/cjs/react-test-renderer.development.js:1574:13)
      at performUnitOfWork (node_modules/react-test-renderer/cjs/react-test-renderer.development.js:10972:22)
      at workLoopSync (node_modules/react-test-renderer/cjs/react-test-renderer.development.js:10816:41)
      at renderRootSync (node_modules/react-test-renderer/cjs/react-test-renderer.development.js:10797:11)
      at performWorkOnRoot (node_modules/react-test-renderer/cjs/react-test-renderer.development.js:10384:39)
      at performWorkOnRootViaSchedulerTask (node_modules/react-test-renderer/cjs/react-test-renderer.development.js:2094:7)
      at flushActQueue (node_modules/react/cjs/react.development.js:566:34)
      at Object.<anonymous>.process.env.NODE_ENV.exports.act (node_modules/react/cjs/react.development.js:859:10)
      at actImplementation (node_modules/@testing-library/react-native/src/act.ts:30:25)
      at renderWithAct (node_modules/@testing-library/react-native/src/render-act.ts:13:11)
      at renderInternal (node_modules/@testing-library/react-native/src/render.tsx:69:33)
      at renderInternal (node_modules/@testing-library/react-native/src/render.tsx:44:10)
      at renderHook (node_modules/@testing-library/react-native/src/render-hook.tsx:55:58)
      at Object.<anonymous> (src/components/Input/InputViewModel.test.ts:66:34)

FAIL src/screens/Scan/ScanScreen.test.tsx
  ● Tela Scan › deve renderizar a CameraView caso a permissão seja concedida

    Unable to find an element with text: Aponte a câmera para o QR Code para entrar na Party

    [
      [36m<Text[39m
        [33mtestID[39m=[32m"app-header"[39m
      [36m>[39m
        [0mEscanear Party[0m
      [36m</Text>[39m,
      [36m<View>[39m
        [36m<View[39m
          [33mtestID[39m=[32m"camera-view"[39m
        [36m/>[39m
        [36m<View[39m
          [33mpointerEvents[39m=[32m"box-none"[39m
        [36m>[39m
          [36m<View[39m
            [33mpointerEvents[39m=[32m"box-none"[39m
          [36m>[39m
            [36m<Text>[39m
              [0mAponte a câmera para o QR Code[0m
            [36m</Text>[39m
          [36m</View>[39m
          [36m<View[39m
            [33mpointerEvents[39m=[32m"none"[39m
          [36m>[39m
            [36m<View />[39m
          [36m</View>[39m
          [36m<View[39m
            [33mpointerEvents[39m=[32m"box-none"[39m
          [36m>[39m
            [36m<View[39m
              [33maccessibilityState[39m=[32m{
                {
                  "disabled": false,
                }
              }[39m
              [33maccessible[39m=[32m{true}[39m
            [36m>[39m
              [36m<Text>[39m
                [0mDigitar Código Manualmente[0m
              [36m</Text>[39m
            [36m</View>[39m
          [36m</View>[39m
        [36m</View>[39m
      [36m</View>[39m,
      [36m<View[39m
        [33mtestID[39m=[32m"app-footer"[39m
      [36m/>[39m,
    ]

      81 |     expect(getByTestId('camera-view')).toBeTruthy();
      82 |
    > 83 |     expect(getByText('Aponte a câmera para o QR Code para entrar na Party')).toBeTruthy();
         |            ^
      84 |     
      85 |     expect(queryByText('Acesso à Câmera Necessário')).toBeNull();
      86 |   });

      at Object.getByText (src/screens/Scan/ScanScreen.test.tsx:83:12)

FAIL src/components/Button/ButtonViewModel.test.ts
  ● useButtonViewModel › deve compor os estilos corretamente baseados na variante

    expect(received).toContain(expected) // indexOf

    Expected value: {"alignItems": "center", "borderRadius": 8, "height": 50, "justifyContent": "center", "paddingHorizontal": 20, "width": "100%"}
    Received array: [{"alignItems": "center", "borderRadius": 8, "height": 50, "justifyContent": "center", "paddingHorizontal": 20, "width": "100%"}, {"backgroundColor": "#FFCA3A"}, undefined]

    Looks like you wanted to test for object/array equality with the stricter `toContain` matcher. You probably need to use `toContainEqual` instead.

      45 |     );
      46 |
    > 47 |     expect(result.current.touchableOpacityStyles).toContain(styles.base);
         |                                                   ^
      48 |     expect(result.current.touchableOpacityStyles).toContain(styles.accent);
      49 |     
      50 |     expect(result.current.textStyles).toContain(styles.textBase);

      at Object.toContain (src/components/Button/ButtonViewModel.test.ts:47:51)

PASS src/screens/FormDependente/FormDependente.test.tsx
  ● Console

    console.error
      An update to HookContainer inside a test was not wrapped in act(...).
      
      When testing, code that causes React state updates should be wrapped into act(...):
      
      act(() => {
        /* fire events that update state */
      });
      /* assert on the output */
      
      This ensures that you're testing the behavior the user would see in the browser. Learn more at https://react.dev/link/wrap-tests-with-act

      79 |             // Buscar Wishlist do dependente
      80 |             getOrCreateWishlist(dependentToEdit.id, "dependent").then(wishlist => {
    > 81 |                 setGostos(wishlist.likes_tags || []);
         |                 ^
      82 |                 setOriginalGostos(wishlist.likes_tags || []);
      83 |                 setEvitar(wishlist.avoids_tags || []);
      84 |                 setOriginalEvitar(wishlist.avoids_tags || []);

      at node_modules/react-test-renderer/cjs/react-test-renderer.development.js:11801:19
      at runWithFiberInDEV (node_modules/react-test-renderer/cjs/react-test-renderer.development.js:1574:13)
      at warnIfUpdatesNotWrappedWithActDEV (node_modules/react-test-renderer/cjs/react-test-renderer.development.js:11800:9)
      at scheduleUpdateOnFiber (node_modules/react-test-renderer/cjs/react-test-renderer.development.js:10326:9)
      at dispatchSetStateInternal (node_modules/react-test-renderer/cjs/react-test-renderer.development.js:4148:13)
      at dispatchSetState (node_modules/react-test-renderer/cjs/react-test-renderer.development.js:4107:7)
      at setGostos (src/screens/FormDependente/FormDependenteViewModel.ts:81:17)

    console.error
      An update to HookContainer inside a test was not wrapped in act(...).
      
      When testing, code that causes React state updates should be wrapped into act(...):
      
      act(() => {
        /* fire events that update state */
      });
      /* assert on the output */
      
      This ensures that you're testing the behavior the user would see in the browser. Learn more at https://react.dev/link/wrap-tests-with-act

      80 |             getOrCreateWishlist(dependentToEdit.id, "dependent").then(wishlist => {
      81 |                 setGostos(wishlist.likes_tags || []);
    > 82 |                 setOriginalGostos(wishlist.likes_tags || []);
         |                 ^
      83 |                 setEvitar(wishlist.avoids_tags || []);
      84 |                 setOriginalEvitar(wishlist.avoids_tags || []);
      85 |             });

      at node_modules/react-test-renderer/cjs/react-test-renderer.development.js:11801:19
      at runWithFiberInDEV (node_modules/react-test-renderer/cjs/react-test-renderer.development.js:1574:13)
      at warnIfUpdatesNotWrappedWithActDEV (node_modules/react-test-renderer/cjs/react-test-renderer.development.js:11800:9)
      at scheduleUpdateOnFiber (node_modules/react-test-renderer/cjs/react-test-renderer.development.js:10326:9)
      at dispatchSetStateInternal (node_modules/react-test-renderer/cjs/react-test-renderer.development.js:4148:13)
      at dispatchSetState (node_modules/react-test-renderer/cjs/react-test-renderer.development.js:4107:7)
      at setOriginalGostos (src/screens/FormDependente/FormDependenteViewModel.ts:82:17)

    console.error
      An update to HookContainer inside a test was not wrapped in act(...).
      
      When testing, code that causes React state updates should be wrapped into act(...):
      
      act(() => {
        /* fire events that update state */
      });
      /* assert on the output */
      
      This ensures that you're testing the behavior the user would see in the browser. Learn more at https://react.dev/link/wrap-tests-with-act

      81 |                 setGostos(wishlist.likes_tags || []);
      82 |                 setOriginalGostos(wishlist.likes_tags || []);
    > 83 |                 setEvitar(wishlist.avoids_tags || []);
         |                 ^
      84 |                 setOriginalEvitar(wishlist.avoids_tags || []);
      85 |             });
      86 |         }

      at node_modules/react-test-renderer/cjs/react-test-renderer.development.js:11801:19
      at runWithFiberInDEV (node_modules/react-test-renderer/cjs/react-test-renderer.development.js:1574:13)
      at warnIfUpdatesNotWrappedWithActDEV (node_modules/react-test-renderer/cjs/react-test-renderer.development.js:11800:9)
      at scheduleUpdateOnFiber (node_modules/react-test-renderer/cjs/react-test-renderer.development.js:10326:9)
      at dispatchSetStateInternal (node_modules/react-test-renderer/cjs/react-test-renderer.development.js:4148:13)
      at dispatchSetState (node_modules/react-test-renderer/cjs/react-test-renderer.development.js:4107:7)
      at setEvitar (src/screens/FormDependente/FormDependenteViewModel.ts:83:17)

    console.error
      An update to HookContainer inside a test was not wrapped in act(...).
      
      When testing, code that causes React state updates should be wrapped into act(...):
      
      act(() => {
        /* fire events that update state */
      });
      /* assert on the output */
      
      This ensures that you're testing the behavior the user would see in the browser. Learn more at https://react.dev/link/wrap-tests-with-act

      82 |                 setOriginalGostos(wishlist.likes_tags || []);
      83 |                 setEvitar(wishlist.avoids_tags || []);
    > 84 |                 setOriginalEvitar(wishlist.avoids_tags || []);
         |                 ^
      85 |             });
      86 |         }
      87 |     }, [dependentToEdit]);

      at node_modules/react-test-renderer/cjs/react-test-renderer.development.js:11801:19
      at runWithFiberInDEV (node_modules/react-test-renderer/cjs/react-test-renderer.development.js:1574:13)
      at warnIfUpdatesNotWrappedWithActDEV (node_modules/react-test-renderer/cjs/react-test-renderer.development.js:11800:9)
      at scheduleUpdateOnFiber (node_modules/react-test-renderer/cjs/react-test-renderer.development.js:10326:9)
      at dispatchSetStateInternal (node_modules/react-test-renderer/cjs/react-test-renderer.development.js:4148:13)
      at dispatchSetState (node_modules/react-test-renderer/cjs/react-test-renderer.development.js:4107:7)
      at setOriginalEvitar (src/screens/FormDependente/FormDependenteViewModel.ts:84:17)

(node:75805) [DEP0040] DeprecationWarning: The `punycode` module is deprecated. Please use a userland alternative instead.
(Use `node --trace-deprecation ...` to show where the warning was created)
PASS src/screens/ShakeReveal/ShakeReveal.test.tsx
PASS src/screens/PartyPreview/PartyPreviewScreen.test.tsx
PASS src/screens/MeuPerfil/MeuPerfil.test.tsx
  ● Console

    console.warn
      A function to advance timers was called but the timers APIs are not replaced with fake timers. Call `jest.useFakeTimers()` in this test file or enable fake timers for all tests by setting 'fakeTimers': {'enableGlobally': true} in Jest configuration file.
      Stack Trace:
      
            127 |
            128 |     afterEach(() => {
          > 129 |         jest.runOnlyPendingTimers();
                |              ^
            130 |         jest.useRealTimers();
            131 |     });
            132 |
      
            Error: 
            at FakeTimers._checkFakeTimers (node_modules/@jest/fake-timers/build/modernFakeTimers.js:158:13)
            at FakeTimers.runOnlyPendingTimers (node_modules/@jest/fake-timers/build/modernFakeTimers.js:59:14)
            at Object.runOnlyPendingTimers (src/screens/MeuPerfil/MeuPerfil.test.tsx:129:14)

      127 |
      128 |     afterEach(() => {
    > 129 |         jest.runOnlyPendingTimers();
          |              ^
      130 |         jest.useRealTimers();
      131 |     });
      132 |

      at FakeTimers._checkFakeTimers (node_modules/@jest/fake-timers/build/modernFakeTimers.js:152:28)
      at FakeTimers.runOnlyPendingTimers (node_modules/@jest/fake-timers/build/modernFakeTimers.js:59:14)
      at Object.runOnlyPendingTimers (src/screens/MeuPerfil/MeuPerfil.test.tsx:129:14)

    console.warn
      A function to advance timers was called but the timers APIs are not replaced with fake timers. Call `jest.useFakeTimers()` in this test file or enable fake timers for all tests by setting 'fakeTimers': {'enableGlobally': true} in Jest configuration file.
      Stack Trace:
      
            127 |
            128 |     afterEach(() => {
          > 129 |         jest.runOnlyPendingTimers();
                |              ^
            130 |         jest.useRealTimers();
            131 |     });
            132 |
      
            Error: 
            at FakeTimers._checkFakeTimers (node_modules/@jest/fake-timers/build/modernFakeTimers.js:158:13)
            at FakeTimers.runOnlyPendingTimers (node_modules/@jest/fake-timers/build/modernFakeTimers.js:59:14)
            at Object.runOnlyPendingTimers (src/screens/MeuPerfil/MeuPerfil.test.tsx:129:14)

      127 |
      128 |     afterEach(() => {
    > 129 |         jest.runOnlyPendingTimers();
          |              ^
      130 |         jest.useRealTimers();
      131 |     });
      132 |

      at FakeTimers._checkFakeTimers (node_modules/@jest/fake-timers/build/modernFakeTimers.js:152:28)
      at FakeTimers.runOnlyPendingTimers (node_modules/@jest/fake-timers/build/modernFakeTimers.js:59:14)
      at Object.runOnlyPendingTimers (src/screens/MeuPerfil/MeuPerfil.test.tsx:129:14)

    console.warn
      A function to advance timers was called but the timers APIs are not replaced with fake timers. Call `jest.useFakeTimers()` in this test file or enable fake timers for all tests by setting 'fakeTimers': {'enableGlobally': true} in Jest configuration file.
      Stack Trace:
      
            127 |
            128 |     afterEach(() => {
          > 129 |         jest.runOnlyPendingTimers();
                |              ^
            130 |         jest.useRealTimers();
            131 |     });
            132 |
      
            Error: 
            at FakeTimers._checkFakeTimers (node_modules/@jest/fake-timers/build/modernFakeTimers.js:158:13)
            at FakeTimers.runOnlyPendingTimers (node_modules/@jest/fake-timers/build/modernFakeTimers.js:59:14)
            at Object.runOnlyPendingTimers (src/screens/MeuPerfil/MeuPerfil.test.tsx:129:14)

      127 |
      128 |     afterEach(() => {
    > 129 |         jest.runOnlyPendingTimers();
          |              ^
      130 |         jest.useRealTimers();
      131 |     });
      132 |

      at FakeTimers._checkFakeTimers (node_modules/@jest/fake-timers/build/modernFakeTimers.js:152:28)
      at FakeTimers.runOnlyPendingTimers (node_modules/@jest/fake-timers/build/modernFakeTimers.js:59:14)
      at Object.runOnlyPendingTimers (src/screens/MeuPerfil/MeuPerfil.test.tsx:129:14)

    console.warn
      A function to advance timers was called but the timers APIs are not replaced with fake timers. Call `jest.useFakeTimers()` in this test file or enable fake timers for all tests by setting 'fakeTimers': {'enableGlobally': true} in Jest configuration file.
      Stack Trace:
      
            127 |
            128 |     afterEach(() => {
          > 129 |         jest.runOnlyPendingTimers();
                |              ^
            130 |         jest.useRealTimers();
            131 |     });
            132 |
      
            Error: 
            at FakeTimers._checkFakeTimers (node_modules/@jest/fake-timers/build/modernFakeTimers.js:158:13)
            at FakeTimers.runOnlyPendingTimers (node_modules/@jest/fake-timers/build/modernFakeTimers.js:59:14)
            at Object.runOnlyPendingTimers (src/screens/MeuPerfil/MeuPerfil.test.tsx:129:14)

      127 |
      128 |     afterEach(() => {
    > 129 |         jest.runOnlyPendingTimers();
          |              ^
      130 |         jest.useRealTimers();
      131 |     });
      132 |

      at FakeTimers._checkFakeTimers (node_modules/@jest/fake-timers/build/modernFakeTimers.js:152:28)
      at FakeTimers.runOnlyPendingTimers (node_modules/@jest/fake-timers/build/modernFakeTimers.js:59:14)
      at Object.runOnlyPendingTimers (src/screens/MeuPerfil/MeuPerfil.test.tsx:129:14)

    console.warn
      A function to advance timers was called but the timers APIs are not replaced with fake timers. Call `jest.useFakeTimers()` in this test file or enable fake timers for all tests by setting 'fakeTimers': {'enableGlobally': true} in Jest configuration file.
      Stack Trace:
      
            127 |
            128 |     afterEach(() => {
          > 129 |         jest.runOnlyPendingTimers();
                |              ^
            130 |         jest.useRealTimers();
            131 |     });
            132 |
      
            Error: 
            at FakeTimers._checkFakeTimers (node_modules/@jest/fake-timers/build/modernFakeTimers.js:158:13)
            at FakeTimers.runOnlyPendingTimers (node_modules/@jest/fake-timers/build/modernFakeTimers.js:59:14)
            at Object.runOnlyPendingTimers (src/screens/MeuPerfil/MeuPerfil.test.tsx:129:14)

      127 |
      128 |     afterEach(() => {
    > 129 |         jest.runOnlyPendingTimers();
          |              ^
      130 |         jest.useRealTimers();
      131 |     });
      132 |

      at FakeTimers._checkFakeTimers (node_modules/@jest/fake-timers/build/modernFakeTimers.js:152:28)
      at FakeTimers.runOnlyPendingTimers (node_modules/@jest/fake-timers/build/modernFakeTimers.js:59:14)
      at Object.runOnlyPendingTimers (src/screens/MeuPerfil/MeuPerfil.test.tsx:129:14)

    console.warn
      A function to advance timers was called but the timers APIs are not replaced with fake timers. Call `jest.useFakeTimers()` in this test file or enable fake timers for all tests by setting 'fakeTimers': {'enableGlobally': true} in Jest configuration file.
      Stack Trace:
      
            127 |
            128 |     afterEach(() => {
          > 129 |         jest.runOnlyPendingTimers();
                |              ^
            130 |         jest.useRealTimers();
            131 |     });
            132 |
      
            Error: 
            at FakeTimers._checkFakeTimers (node_modules/@jest/fake-timers/build/modernFakeTimers.js:158:13)
            at FakeTimers.runOnlyPendingTimers (node_modules/@jest/fake-timers/build/modernFakeTimers.js:59:14)
            at Object.runOnlyPendingTimers (src/screens/MeuPerfil/MeuPerfil.test.tsx:129:14)

      127 |
      128 |     afterEach(() => {
    > 129 |         jest.runOnlyPendingTimers();
          |              ^
      130 |         jest.useRealTimers();
      131 |     });
      132 |

      at FakeTimers._checkFakeTimers (node_modules/@jest/fake-timers/build/modernFakeTimers.js:152:28)
      at FakeTimers.runOnlyPendingTimers (node_modules/@jest/fake-timers/build/modernFakeTimers.js:59:14)
      at Object.runOnlyPendingTimers (src/screens/MeuPerfil/MeuPerfil.test.tsx:129:14)

    console.warn
      A function to advance timers was called but the timers APIs are not replaced with fake timers. Call `jest.useFakeTimers()` in this test file or enable fake timers for all tests by setting 'fakeTimers': {'enableGlobally': true} in Jest configuration file.
      Stack Trace:
      
            127 |
            128 |     afterEach(() => {
          > 129 |         jest.runOnlyPendingTimers();
                |              ^
            130 |         jest.useRealTimers();
            131 |     });
            132 |
      
            Error: 
            at FakeTimers._checkFakeTimers (node_modules/@jest/fake-timers/build/modernFakeTimers.js:158:13)
            at FakeTimers.runOnlyPendingTimers (node_modules/@jest/fake-timers/build/modernFakeTimers.js:59:14)
            at Object.runOnlyPendingTimers (src/screens/MeuPerfil/MeuPerfil.test.tsx:129:14)

      127 |
      128 |     afterEach(() => {
    > 129 |         jest.runOnlyPendingTimers();
          |              ^
      130 |         jest.useRealTimers();
      131 |     });
      132 |

      at FakeTimers._checkFakeTimers (node_modules/@jest/fake-timers/build/modernFakeTimers.js:152:28)
      at FakeTimers.runOnlyPendingTimers (node_modules/@jest/fake-timers/build/modernFakeTimers.js:59:14)
      at Object.runOnlyPendingTimers (src/screens/MeuPerfil/MeuPerfil.test.tsx:129:14)

    console.warn
      A function to advance timers was called but the timers APIs are not replaced with fake timers. Call `jest.useFakeTimers()` in this test file or enable fake timers for all tests by setting 'fakeTimers': {'enableGlobally': true} in Jest configuration file.
      Stack Trace:
      
            127 |
            128 |     afterEach(() => {
          > 129 |         jest.runOnlyPendingTimers();
                |              ^
            130 |         jest.useRealTimers();
            131 |     });
            132 |
      
            Error: 
            at FakeTimers._checkFakeTimers (node_modules/@jest/fake-timers/build/modernFakeTimers.js:158:13)
            at FakeTimers.runOnlyPendingTimers (node_modules/@jest/fake-timers/build/modernFakeTimers.js:59:14)
            at Object.runOnlyPendingTimers (src/screens/MeuPerfil/MeuPerfil.test.tsx:129:14)

      127 |
      128 |     afterEach(() => {
    > 129 |         jest.runOnlyPendingTimers();
          |              ^
      130 |         jest.useRealTimers();
      131 |     });
      132 |

      at FakeTimers._checkFakeTimers (node_modules/@jest/fake-timers/build/modernFakeTimers.js:152:28)
      at FakeTimers.runOnlyPendingTimers (node_modules/@jest/fake-timers/build/modernFakeTimers.js:59:14)
      at Object.runOnlyPendingTimers (src/screens/MeuPerfil/MeuPerfil.test.tsx:129:14)

    console.warn
      A function to advance timers was called but the timers APIs are not replaced with fake timers. Call `jest.useFakeTimers()` in this test file or enable fake timers for all tests by setting 'fakeTimers': {'enableGlobally': true} in Jest configuration file.
      Stack Trace:
      
            127 |
            128 |     afterEach(() => {
          > 129 |         jest.runOnlyPendingTimers();
                |              ^
            130 |         jest.useRealTimers();
            131 |     });
            132 |
      
            Error: 
            at FakeTimers._checkFakeTimers (node_modules/@jest/fake-timers/build/modernFakeTimers.js:158:13)
            at FakeTimers.runOnlyPendingTimers (node_modules/@jest/fake-timers/build/modernFakeTimers.js:59:14)
            at Object.runOnlyPendingTimers (src/screens/MeuPerfil/MeuPerfil.test.tsx:129:14)

      127 |
      128 |     afterEach(() => {
    > 129 |         jest.runOnlyPendingTimers();
          |              ^
      130 |         jest.useRealTimers();
      131 |     });
      132 |

      at FakeTimers._checkFakeTimers (node_modules/@jest/fake-timers/build/modernFakeTimers.js:152:28)
      at FakeTimers.runOnlyPendingTimers (node_modules/@jest/fake-timers/build/modernFakeTimers.js:59:14)
      at Object.runOnlyPendingTimers (src/screens/MeuPerfil/MeuPerfil.test.tsx:129:14)

PASS src/screens/Settings/Settings.test.tsx
PASS src/screens/Login/Login.test.tsx
PASS src/screens/PartyAdmin/PartyAdmin.test.tsx
PASS src/contexts/AuthContext/AuthContext.test.tsx
  ● Console

    console.log
      Usuário autenticado no Firebase Auth UID: 123_abc

      at log (src/contexts/AuthContext/AuthContext.tsx:28:25)

    console.error
      An update to AuthProvider inside a test was not wrapped in act(...).
      
      When testing, code that causes React state updates should be wrapped into act(...):
      
      act(() => {
        /* fire events that update state */
      });
      /* assert on the output */
      
      This ensures that you're testing the behavior the user would see in the browser. Learn more at https://react.dev/link/wrap-tests-with-act

      43 |                 setUsuarioAtual(null);
      44 |             } finally {
    > 45 |                 setLoading(false);
         |                 ^
      46 |             }
      47 |         });
      48 |         return () => limparListener();

      at node_modules/react-test-renderer/cjs/react-test-renderer.development.js:11801:19
      at runWithFiberInDEV (node_modules/react-test-renderer/cjs/react-test-renderer.development.js:1574:13)
      at warnIfUpdatesNotWrappedWithActDEV (node_modules/react-test-renderer/cjs/react-test-renderer.development.js:11800:9)
      at scheduleUpdateOnFiber (node_modules/react-test-renderer/cjs/react-test-renderer.development.js:10326:9)
      at dispatchSetStateInternal (node_modules/react-test-renderer/cjs/react-test-renderer.development.js:4148:13)
      at dispatchSetState (node_modules/react-test-renderer/cjs/react-test-renderer.development.js:4107:7)
      at setLoading (src/contexts/AuthContext/AuthContext.tsx:45:17)
      at asyncGeneratorStep (node_modules/@babel/runtime/helpers/asyncToGenerator.js:3:17)
      at _next (node_modules/@babel/runtime/helpers/asyncToGenerator.js:17:9)
      at node_modules/@babel/runtime/helpers/asyncToGenerator.js:22:7
      at node_modules/@babel/runtime/helpers/asyncToGenerator.js:14:12
      at apply (src/contexts/AuthContext/AuthContext.tsx:47:10)
      at Object.authCallback (src/contexts/AuthContext/AuthContext.test.tsx:93:5)
      at asyncGeneratorStep (node_modules/@babel/runtime/helpers/asyncToGenerator.js:3:17)
      at _next (node_modules/@babel/runtime/helpers/asyncToGenerator.js:17:9)
      at node_modules/@babel/runtime/helpers/asyncToGenerator.js:22:7
      at Object.<anonymous> (node_modules/@babel/runtime/helpers/asyncToGenerator.js:14:12)

    console.log
      Usuário autenticado no Firebase Auth UID: nao_existe_no_banco

      at log (src/contexts/AuthContext/AuthContext.tsx:28:25)

    console.log
      Usuário autenticado no Firebase Auth UID: uid_com_erro

      at log (src/contexts/AuthContext/AuthContext.tsx:28:25)

    console.error
      An update to AuthProvider inside a test was not wrapped in act(...).
      
      When testing, code that causes React state updates should be wrapped into act(...):
      
      act(() => {
        /* fire events that update state */
      });
      /* assert on the output */
      
      This ensures that you're testing the behavior the user would see in the browser. Learn more at https://react.dev/link/wrap-tests-with-act

      43 |                 setUsuarioAtual(null);
      44 |             } finally {
    > 45 |                 setLoading(false);
         |                 ^
      46 |             }
      47 |         });
      48 |         return () => limparListener();

      at node_modules/react-test-renderer/cjs/react-test-renderer.development.js:11801:19
      at runWithFiberInDEV (node_modules/react-test-renderer/cjs/react-test-renderer.development.js:1574:13)
      at warnIfUpdatesNotWrappedWithActDEV (node_modules/react-test-renderer/cjs/react-test-renderer.development.js:11800:9)
      at scheduleUpdateOnFiber (node_modules/react-test-renderer/cjs/react-test-renderer.development.js:10326:9)
      at dispatchSetStateInternal (node_modules/react-test-renderer/cjs/react-test-renderer.development.js:4148:13)
      at dispatchSetState (node_modules/react-test-renderer/cjs/react-test-renderer.development.js:4107:7)
      at setLoading (src/contexts/AuthContext/AuthContext.tsx:45:17)
      at asyncGeneratorStep (node_modules/@babel/runtime/helpers/asyncToGenerator.js:3:17)
      at _next (node_modules/@babel/runtime/helpers/asyncToGenerator.js:17:9)
      at node_modules/@babel/runtime/helpers/asyncToGenerator.js:22:7
      at node_modules/@babel/runtime/helpers/asyncToGenerator.js:14:12
      at apply (src/contexts/AuthContext/AuthContext.tsx:47:10)
      at Object.authCallback (src/contexts/AuthContext/AuthContext.test.tsx:157:5)
      at asyncGeneratorStep (node_modules/@babel/runtime/helpers/asyncToGenerator.js:3:17)
      at _next (node_modules/@babel/runtime/helpers/asyncToGenerator.js:17:9)
      at node_modules/@babel/runtime/helpers/asyncToGenerator.js:22:7
      at Object.<anonymous> (node_modules/@babel/runtime/helpers/asyncToGenerator.js:14:12)

PASS src/screens/Registration/Registration.test.tsx
PASS src/screens/GestaoDependentes/GestaoDependentes.test.tsx
  ● Console

    console.error
      An update to HookContainer inside a test was not wrapped in act(...).
      
      When testing, code that causes React state updates should be wrapped into act(...):
      
      act(() => {
        /* fire events that update state */
      });
      /* assert on the output */
      
      This ensures that you're testing the behavior the user would see in the browser. Learn more at https://react.dev/link/wrap-tests-with-act

      30 |                 };
      31 |             }));
    > 32 |             setDependents(depsWithWishlist as Dependent[]);
         |             ^
      33 |         } catch (error) {
      34 |             console.error("Erro ao carregar dependentes:", error);
      35 |             setErrorMessage("Não foi possível carregar os dependentes.");

      at node_modules/react-test-renderer/cjs/react-test-renderer.development.js:11801:19
      at runWithFiberInDEV (node_modules/react-test-renderer/cjs/react-test-renderer.development.js:1574:13)
      at warnIfUpdatesNotWrappedWithActDEV (node_modules/react-test-renderer/cjs/react-test-renderer.development.js:11800:9)
      at scheduleUpdateOnFiber (node_modules/react-test-renderer/cjs/react-test-renderer.development.js:10326:9)
      at dispatchSetStateInternal (node_modules/react-test-renderer/cjs/react-test-renderer.development.js:4148:13)
      at dispatchSetState (node_modules/react-test-renderer/cjs/react-test-renderer.development.js:4107:7)
      at setDependents (src/screens/GestaoDependentes/GestaoDependentesViewModel.ts:32:13)
      at asyncGeneratorStep (node_modules/@babel/runtime/helpers/asyncToGenerator.js:3:17)
      at _next (node_modules/@babel/runtime/helpers/asyncToGenerator.js:17:9)

    console.error
      An update to HookContainer inside a test was not wrapped in act(...).
      
      When testing, code that causes React state updates should be wrapped into act(...):
      
      act(() => {
        /* fire events that update state */
      });
      /* assert on the output */
      
      This ensures that you're testing the behavior the user would see in the browser. Learn more at https://react.dev/link/wrap-tests-with-act

      35 |             setErrorMessage("Não foi possível carregar os dependentes.");
      36 |         } finally {
    > 37 |             setIsLoading(false);
         |             ^
      38 |         }
      39 |     }, [usuarioAtual]);
      40 |

      at node_modules/react-test-renderer/cjs/react-test-renderer.development.js:11801:19
      at runWithFiberInDEV (node_modules/react-test-renderer/cjs/react-test-renderer.development.js:1574:13)
      at warnIfUpdatesNotWrappedWithActDEV (node_modules/react-test-renderer/cjs/react-test-renderer.development.js:11800:9)
      at scheduleUpdateOnFiber (node_modules/react-test-renderer/cjs/react-test-renderer.development.js:10326:9)
      at dispatchSetStateInternal (node_modules/react-test-renderer/cjs/react-test-renderer.development.js:4148:13)
      at dispatchSetState (node_modules/react-test-renderer/cjs/react-test-renderer.development.js:4107:7)
      at setIsLoading (src/screens/GestaoDependentes/GestaoDependentesViewModel.ts:37:13)
      at asyncGeneratorStep (node_modules/@babel/runtime/helpers/asyncToGenerator.js:3:17)
      at _next (node_modules/@babel/runtime/helpers/asyncToGenerator.js:17:9)

    console.error
      An update to HookContainer inside a test was not wrapped in act(...).
      
      When testing, code that causes React state updates should be wrapped into act(...):
      
      act(() => {
        /* fire events that update state */
      });
      /* assert on the output */
      
      This ensures that you're testing the behavior the user would see in the browser. Learn more at https://react.dev/link/wrap-tests-with-act

      30 |                 };
      31 |             }));
    > 32 |             setDependents(depsWithWishlist as Dependent[]);
         |             ^
      33 |         } catch (error) {
      34 |             console.error("Erro ao carregar dependentes:", error);
      35 |             setErrorMessage("Não foi possível carregar os dependentes.");

      at node_modules/react-test-renderer/cjs/react-test-renderer.development.js:11801:19
      at runWithFiberInDEV (node_modules/react-test-renderer/cjs/react-test-renderer.development.js:1574:13)
      at warnIfUpdatesNotWrappedWithActDEV (node_modules/react-test-renderer/cjs/react-test-renderer.development.js:11800:9)
      at scheduleUpdateOnFiber (node_modules/react-test-renderer/cjs/react-test-renderer.development.js:10326:9)
      at dispatchSetStateInternal (node_modules/react-test-renderer/cjs/react-test-renderer.development.js:4148:13)
      at dispatchSetState (node_modules/react-test-renderer/cjs/react-test-renderer.development.js:4107:7)
      at setDependents (src/screens/GestaoDependentes/GestaoDependentesViewModel.ts:32:13)
      at asyncGeneratorStep (node_modules/@babel/runtime/helpers/asyncToGenerator.js:3:17)
      at _next (node_modules/@babel/runtime/helpers/asyncToGenerator.js:17:9)

    console.error
      An update to HookContainer inside a test was not wrapped in act(...).
      
      When testing, code that causes React state updates should be wrapped into act(...):
      
      act(() => {
        /* fire events that update state */
      });
      /* assert on the output */
      
      This ensures that you're testing the behavior the user would see in the browser. Learn more at https://react.dev/link/wrap-tests-with-act

      35 |             setErrorMessage("Não foi possível carregar os dependentes.");
      36 |         } finally {
    > 37 |             setIsLoading(false);
         |             ^
      38 |         }
      39 |     }, [usuarioAtual]);
      40 |

      at node_modules/react-test-renderer/cjs/react-test-renderer.development.js:11801:19
      at runWithFiberInDEV (node_modules/react-test-renderer/cjs/react-test-renderer.development.js:1574:13)
      at warnIfUpdatesNotWrappedWithActDEV (node_modules/react-test-renderer/cjs/react-test-renderer.development.js:11800:9)
      at scheduleUpdateOnFiber (node_modules/react-test-renderer/cjs/react-test-renderer.development.js:10326:9)
      at dispatchSetStateInternal (node_modules/react-test-renderer/cjs/react-test-renderer.development.js:4148:13)
      at dispatchSetState (node_modules/react-test-renderer/cjs/react-test-renderer.development.js:4107:7)
      at setIsLoading (src/screens/GestaoDependentes/GestaoDependentesViewModel.ts:37:13)
      at asyncGeneratorStep (node_modules/@babel/runtime/helpers/asyncToGenerator.js:3:17)
      at _next (node_modules/@babel/runtime/helpers/asyncToGenerator.js:17:9)

PASS src/screens/Home/Home.test.tsx
PASS src/screens/PerfilSorteado/components/PerfilSorteadoContent/PerfilSorteadoContent.test.tsx
PASS src/components/DateInput/DateInput.test.tsx
PASS src/components/PopupModal/PopupModal.test.tsx
PASS src/screens/PartyCreated/PartyCreated.test.tsx
PASS src/components/RestrictionCard/RestrictionCard.test.tsx
PASS src/screens/ForgotMyPassword/ForgotMyPassword.test.tsx
PASS src/screens/Registration/RegistrationViewModel.test.ts
  ● Console

    console.error
      Erro no processo de cadastro: { code: 'auth/email-already-in-use' }

      160 |
      161 |   } catch (error: any) {
    > 162 |     console.error("Erro no processo de cadastro:", error);
          |             ^
      163 |     if (error.code === "auth/email-already-in-use") {
      164 |       newErrors.email = "Este e-mail já está em uso por outra conta.";
      165 |     } else if (error.code === "auth/weak-password") {

      at Object.error (src/screens/Registration/RegistrationViewModel.ts:162:13)
          at Generator.throw (<anonymous>)
      at asyncGeneratorStep (node_modules/@babel/runtime/helpers/asyncToGenerator.js:3:17)
      at _throw (node_modules/@babel/runtime/helpers/asyncToGenerator.js:20:9)

PASS src/screens/ShakeReveal/ShakeRevealViewModel.test.ts
PASS src/screens/ParticipantLobby/ParticipantLobbyScreen.test.tsx
PASS src/screens/Welcome/Welcome.test.tsx
  ● Console

    console.warn
      SafeAreaView has been deprecated and will be removed in a future release. Please use 'react-native-safe-area-context' instead. See https://github.com/th3rdwave/react-native-safe-area-context

      14 |
      15 |     return (
    > 16 |         <SafeAreaView style={styles.container}>
         |          ^
      17 |             <View style={styles.content}>
      18 |                 <View style={styles.iconWrapper}>
      19 |                     <Feather name="gift" size={56} color={theme.colors.primary} />

      at warn (node_modules/react-native/Libraries/Utilities/warnOnce.js:27:11)
      at Object.warnOnce [as SafeAreaView] (node_modules/react-native/index.js:92:5)
      at SafeAreaView (src/screens/Welcome/index.tsx:16:10)
      at Object.react-stack-bottom-frame (node_modules/react-test-renderer/cjs/react-test-renderer.development.js:13976:20)
      at renderWithHooks (node_modules/react-test-renderer/cjs/react-test-renderer.development.js:2866:22)
      at updateFunctionComponent (node_modules/react-test-renderer/cjs/react-test-renderer.development.js:6006:19)
      at beginWork (node_modules/react-test-renderer/cjs/react-test-renderer.development.js:7474:18)
      at runWithFiberInDEV (node_modules/react-test-renderer/cjs/react-test-renderer.development.js:1574:13)
      at performUnitOfWork (node_modules/react-test-renderer/cjs/react-test-renderer.development.js:10972:22)
      at workLoopSync (node_modules/react-test-renderer/cjs/react-test-renderer.development.js:10816:41)
      at renderRootSync (node_modules/react-test-renderer/cjs/react-test-renderer.development.js:10797:11)
      at performWorkOnRoot (node_modules/react-test-renderer/cjs/react-test-renderer.development.js:10349:13)
      at performWorkOnRootViaSchedulerTask (node_modules/react-test-renderer/cjs/react-test-renderer.development.js:2094:7)
      at flushActQueue (node_modules/react/cjs/react.development.js:566:34)
      at Object.<anonymous>.process.env.NODE_ENV.exports.act (node_modules/react/cjs/react.development.js:859:10)
      at actImplementation (node_modules/@testing-library/react-native/src/act.ts:30:25)
      at renderWithAct (node_modules/@testing-library/react-native/src/render-act.ts:13:11)
      at renderInternal (node_modules/@testing-library/react-native/src/render.tsx:69:33)
      at renderInternal (node_modules/@testing-library/react-native/src/render.tsx:44:10)
      at Object.<anonymous> (src/screens/Welcome/Welcome.test.tsx:27:37)

PASS src/screens/Login/LoginViewModel.test.ts
  ● Console

    console.error
      Erro ao autenticar no Firebase: { code: 'auth/invalid-credential' }

      60 |       }
      61 |     } catch (error: any) {
    > 62 |       console.error("Erro ao autenticar no Firebase:", error);
         |               ^
      63 |       
      64 |       switch (error.code) {
      65 |         case "auth/invalid-credential":

      at Object.error (src/screens/Login/LoginViewModel.ts:62:15)
          at Generator.throw (<anonymous>)
      at asyncGeneratorStep (node_modules/@babel/runtime/helpers/asyncToGenerator.js:3:17)
      at _throw (node_modules/@babel/runtime/helpers/asyncToGenerator.js:20:9)

    console.error
      Erro ao autenticar no Firebase: { code: 'auth/too-many-requests' }

      60 |       }
      61 |     } catch (error: any) {
    > 62 |       console.error("Erro ao autenticar no Firebase:", error);
         |               ^
      63 |       
      64 |       switch (error.code) {
      65 |         case "auth/invalid-credential":

      at Object.error (src/screens/Login/LoginViewModel.ts:62:15)
          at Generator.throw (<anonymous>)
      at asyncGeneratorStep (node_modules/@babel/runtime/helpers/asyncToGenerator.js:3:17)
      at _throw (node_modules/@babel/runtime/helpers/asyncToGenerator.js:20:9)

PASS src/screens/PerfilSorteado/PerfilSorteadoViewModel.test.ts
PASS src/screens/ForgotMyPassword/ForgotMyPasswordViewModel.test.ts
  ● Console

    console.error
      Erro ao resetar senha: { code: 'auth/user-not-found' }

      46 |     } catch (error: any) {
      47 |       setSuccess("");
    > 48 |       console.error("Erro ao resetar senha:", error);
         |               ^
      49 |       if (error.code === "auth/user-not-found") {
      50 |         setErrors({ email: "Este e-mail não está cadastrado." });
      51 |       } else if (error.code === "auth/invalid-email") {

      at Object.error (src/screens/ForgotMyPassword/ForgotMyPasswordViewModel.ts:48:15)
          at Generator.throw (<anonymous>)
      at asyncGeneratorStep (node_modules/@babel/runtime/helpers/asyncToGenerator.js:3:17)
      at _throw (node_modules/@babel/runtime/helpers/asyncToGenerator.js:20:9)

    console.error
      Erro ao resetar senha: { code: 'auth/invalid-email' }

      46 |     } catch (error: any) {
      47 |       setSuccess("");
    > 48 |       console.error("Erro ao resetar senha:", error);
         |               ^
      49 |       if (error.code === "auth/user-not-found") {
      50 |         setErrors({ email: "Este e-mail não está cadastrado." });
      51 |       } else if (error.code === "auth/invalid-email") {

      at Object.error (src/screens/ForgotMyPassword/ForgotMyPasswordViewModel.ts:48:15)
          at Generator.throw (<anonymous>)
      at asyncGeneratorStep (node_modules/@babel/runtime/helpers/asyncToGenerator.js:3:17)
      at _throw (node_modules/@babel/runtime/helpers/asyncToGenerator.js:20:9)

PASS src/components/ImagePicker/ImagePicker.test.tsx
PASS src/screens/PartyDrawRestrictions/PartyDrawRestrictionsViewModel.test.ts
  ● Console

    console.error
      An update to HookContainer inside a test was not wrapped in act(...).
      
      When testing, code that causes React state updates should be wrapped into act(...):
      
      act(() => {
        /* fire events that update state */
      });
      /* assert on the output */
      
      This ensures that you're testing the behavior the user would see in the browser. Learn more at https://react.dev/link/wrap-tests-with-act

      44 |         const cloudParty = await getPartyFromCloud(partyId);
      45 |         if (cloudParty) {
    > 46 |           setParty(cloudParty);
         |           ^
      47 |         } else {
      48 |           console.warn(`Festa com o ID ${partyId} não foi encontrada no banco.`);
      49 |         }

      at node_modules/react-test-renderer/cjs/react-test-renderer.development.js:11801:19
      at runWithFiberInDEV (node_modules/react-test-renderer/cjs/react-test-renderer.development.js:1574:13)
      at warnIfUpdatesNotWrappedWithActDEV (node_modules/react-test-renderer/cjs/react-test-renderer.development.js:11800:9)
      at scheduleUpdateOnFiber (node_modules/react-test-renderer/cjs/react-test-renderer.development.js:10326:9)
      at dispatchSetStateInternal (node_modules/react-test-renderer/cjs/react-test-renderer.development.js:4148:13)
      at dispatchSetState (node_modules/react-test-renderer/cjs/react-test-renderer.development.js:4107:7)
      at setParty (src/screens/PartyDrawRestrictions/PartyDrawRestrictionsViewModel.ts:46:11)
      at asyncGeneratorStep (node_modules/@babel/runtime/helpers/asyncToGenerator.js:3:17)
      at _next (node_modules/@babel/runtime/helpers/asyncToGenerator.js:17:9)

    console.error
      An update to HookContainer inside a test was not wrapped in act(...).
      
      When testing, code that causes React state updates should be wrapped into act(...):
      
      act(() => {
        /* fire events that update state */
      });
      /* assert on the output */
      
      This ensures that you're testing the behavior the user would see in the browser. Learn more at https://react.dev/link/wrap-tests-with-act

      101 |         });
      102 |
    > 103 |         setRestrictionsList(formattedRestrictions);
          |         ^
      104 |       } catch (error) {
      105 |         console.error("Erro ao carregar restrições da nuvem:", error);
      106 |       }

      at node_modules/react-test-renderer/cjs/react-test-renderer.development.js:11801:19
      at runWithFiberInDEV (node_modules/react-test-renderer/cjs/react-test-renderer.development.js:1574:13)
      at warnIfUpdatesNotWrappedWithActDEV (node_modules/react-test-renderer/cjs/react-test-renderer.development.js:11800:9)
      at scheduleUpdateOnFiber (node_modules/react-test-renderer/cjs/react-test-renderer.development.js:10326:9)
      at dispatchSetStateInternal (node_modules/react-test-renderer/cjs/react-test-renderer.development.js:4148:13)
      at dispatchSetState (node_modules/react-test-renderer/cjs/react-test-renderer.development.js:4107:7)
      at setRestrictionsList (src/screens/PartyDrawRestrictions/PartyDrawRestrictionsViewModel.ts:103:9)
      at asyncGeneratorStep (node_modules/@babel/runtime/helpers/asyncToGenerator.js:3:17)
      at _next (node_modules/@babel/runtime/helpers/asyncToGenerator.js:17:9)

PASS src/screens/PerfilSorteado/components/PerfilSorteadoHeader/PerfilSorteadoHeader.test.tsx
PASS src/components/AppHeader/AppHeaderViewModel.test.ts
PASS src/components/AppFooter/AppFooter.test.tsx
PASS src/components/Input/Input.test.tsx
PASS src/components/Tag/Tag.test.tsx
PASS src/components/PartyCard/PartyCard.test.tsx
PASS src/components/AppHeader/AppHeader.test.tsx
PASS src/components/PartyCard/PartyCardViewModel.test.ts
PASS src/components/Button/Button.test.tsx
PASS src/components/ParticipanteCard/ParticipanteCardViewModel.test.ts
PASS src/components/SettingsOption/SettingsOption.test.tsx
PASS src/components/SettingsOption/SettingsOptionViewModel.test.ts
PASS src/components/IconButton/IconButton.test.tsx
PASS src/components/Card/Card.test.tsx
PASS src/screens/PartyAdmin/PartyAdminViewModel.test.ts
  ● Console

    console.warn
      Festa com o ID mock-party-123 não foi encontrada no banco.

      28 |                     setParty(cloudParty);
      29 |                 } else {
    > 30 |                     console.warn(`Festa com o ID ${partyId} não foi encontrada no banco.`);
         |                             ^
      31 |                 }
      32 |             } catch (error) {
      33 |                 console.error("Erro ao buscar a festa no Firestore:", error);

      at warn (src/screens/PartyAdmin/PartyAdminViewModel.ts:30:29)
      at asyncGeneratorStep (node_modules/@babel/runtime/helpers/asyncToGenerator.js:3:17)
      at _next (node_modules/@babel/runtime/helpers/asyncToGenerator.js:17:9)

    console.error
      An update to HookContainer inside a test was not wrapped in act(...).
      
      When testing, code that causes React state updates should be wrapped into act(...):
      
      act(() => {
        /* fire events that update state */
      });
      /* assert on the output */
      
      This ensures that you're testing the behavior the user would see in the browser. Learn more at https://react.dev/link/wrap-tests-with-act

      26 |                 const cloudParty = await getPartyFromCloud(partyId);
      27 |                 if (cloudParty) {
    > 28 |                     setParty(cloudParty);
         |                     ^
      29 |                 } else {
      30 |                     console.warn(`Festa com o ID ${partyId} não foi encontrada no banco.`);
      31 |                 }

      at node_modules/react-test-renderer/cjs/react-test-renderer.development.js:11801:19
      at runWithFiberInDEV (node_modules/react-test-renderer/cjs/react-test-renderer.development.js:1574:13)
      at warnIfUpdatesNotWrappedWithActDEV (node_modules/react-test-renderer/cjs/react-test-renderer.development.js:11800:9)
      at scheduleUpdateOnFiber (node_modules/react-test-renderer/cjs/react-test-renderer.development.js:10326:9)
      at dispatchSetStateInternal (node_modules/react-test-renderer/cjs/react-test-renderer.development.js:4148:13)
      at dispatchSetState (node_modules/react-test-renderer/cjs/react-test-renderer.development.js:4107:7)
      at setParty (src/screens/PartyAdmin/PartyAdminViewModel.ts:28:21)
      at asyncGeneratorStep (node_modules/@babel/runtime/helpers/asyncToGenerator.js:3:17)
      at _next (node_modules/@babel/runtime/helpers/asyncToGenerator.js:17:9)

    console.error
      An update to HookContainer inside a test was not wrapped in act(...).
      
      When testing, code that causes React state updates should be wrapped into act(...):
      
      act(() => {
        /* fire events that update state */
      });
      /* assert on the output */
      
      This ensures that you're testing the behavior the user would see in the browser. Learn more at https://react.dev/link/wrap-tests-with-act

      26 |                 const cloudParty = await getPartyFromCloud(partyId);
      27 |                 if (cloudParty) {
    > 28 |                     setParty(cloudParty);
         |                     ^
      29 |                 } else {
      30 |                     console.warn(`Festa com o ID ${partyId} não foi encontrada no banco.`);
      31 |                 }

      at node_modules/react-test-renderer/cjs/react-test-renderer.development.js:11801:19
      at runWithFiberInDEV (node_modules/react-test-renderer/cjs/react-test-renderer.development.js:1574:13)
      at warnIfUpdatesNotWrappedWithActDEV (node_modules/react-test-renderer/cjs/react-test-renderer.development.js:11800:9)
      at scheduleUpdateOnFiber (node_modules/react-test-renderer/cjs/react-test-renderer.development.js:10326:9)
      at dispatchSetStateInternal (node_modules/react-test-renderer/cjs/react-test-renderer.development.js:4148:13)
      at dispatchSetState (node_modules/react-test-renderer/cjs/react-test-renderer.development.js:4107:7)
      at setParty (src/screens/PartyAdmin/PartyAdminViewModel.ts:28:21)
      at asyncGeneratorStep (node_modules/@babel/runtime/helpers/asyncToGenerator.js:3:17)
      at _next (node_modules/@babel/runtime/helpers/asyncToGenerator.js:17:9)

    console.error
      An update to HookContainer inside a test was not wrapped in act(...).
      
      When testing, code that causes React state updates should be wrapped into act(...):
      
      act(() => {
        /* fire events that update state */
      });
      /* assert on the output */
      
      This ensures that you're testing the behavior the user would see in the browser. Learn more at https://react.dev/link/wrap-tests-with-act

      26 |                 const cloudParty = await getPartyFromCloud(partyId);
      27 |                 if (cloudParty) {
    > 28 |                     setParty(cloudParty);
         |                     ^
      29 |                 } else {
      30 |                     console.warn(`Festa com o ID ${partyId} não foi encontrada no banco.`);
      31 |                 }

      at node_modules/react-test-renderer/cjs/react-test-renderer.development.js:11801:19
      at runWithFiberInDEV (node_modules/react-test-renderer/cjs/react-test-renderer.development.js:1574:13)
      at warnIfUpdatesNotWrappedWithActDEV (node_modules/react-test-renderer/cjs/react-test-renderer.development.js:11800:9)
      at scheduleUpdateOnFiber (node_modules/react-test-renderer/cjs/react-test-renderer.development.js:10326:9)
      at dispatchSetStateInternal (node_modules/react-test-renderer/cjs/react-test-renderer.development.js:4148:13)
      at dispatchSetState (node_modules/react-test-renderer/cjs/react-test-renderer.development.js:4107:7)
      at setParty (src/screens/PartyAdmin/PartyAdminViewModel.ts:28:21)
      at asyncGeneratorStep (node_modules/@babel/runtime/helpers/asyncToGenerator.js:3:17)
      at _next (node_modules/@babel/runtime/helpers/asyncToGenerator.js:17:9)

    console.error
      An update to HookContainer inside a test was not wrapped in act(...).
      
      When testing, code that causes React state updates should be wrapped into act(...):
      
      act(() => {
        /* fire events that update state */
      });
      /* assert on the output */
      
      This ensures that you're testing the behavior the user would see in the browser. Learn more at https://react.dev/link/wrap-tests-with-act

      26 |                 const cloudParty = await getPartyFromCloud(partyId);
      27 |                 if (cloudParty) {
    > 28 |                     setParty(cloudParty);
         |                     ^
      29 |                 } else {
      30 |                     console.warn(`Festa com o ID ${partyId} não foi encontrada no banco.`);
      31 |                 }

      at node_modules/react-test-renderer/cjs/react-test-renderer.development.js:11801:19
      at runWithFiberInDEV (node_modules/react-test-renderer/cjs/react-test-renderer.development.js:1574:13)
      at warnIfUpdatesNotWrappedWithActDEV (node_modules/react-test-renderer/cjs/react-test-renderer.development.js:11800:9)
      at scheduleUpdateOnFiber (node_modules/react-test-renderer/cjs/react-test-renderer.development.js:10326:9)
      at dispatchSetStateInternal (node_modules/react-test-renderer/cjs/react-test-renderer.development.js:4148:13)
      at dispatchSetState (node_modules/react-test-renderer/cjs/react-test-renderer.development.js:4107:7)
      at setParty (src/screens/PartyAdmin/PartyAdminViewModel.ts:28:21)
      at asyncGeneratorStep (node_modules/@babel/runtime/helpers/asyncToGenerator.js:3:17)
      at _next (node_modules/@babel/runtime/helpers/asyncToGenerator.js:17:9)

PASS src/screens/Home/HomeViewModel.test.ts
PASS src/components/PartyQRCode/PartyQRCode.test.tsx
PASS src/services/cloud/Wishlist/WishlistDb.test.ts
PASS src/components/ParticipanteCard/ParticipanteCard.test.tsx
PASS src/components/CurrencyInput/CurrencyInput.test.tsx
PASS src/components/RestrictionCard/RestrictionCardViewModel.test.ts
PASS src/components/SelectInput/SelectInput.test.tsx
PASS src/components/DateInput/DateInputViewModel.test.ts
PASS src/services/cloud/Party/PartyDb.test.ts
PASS src/components/CurrencyInput/CurrencyInputViewModel.test.ts
PASS src/screens/PerfilSorteado/components/PerfilSorteadoHeader/PerfilSorteadoHeaderViewModel.test.ts
PASS src/screens/Settings/SettingsViewModel.test.ts
PASS src/components/SelectInput/SelectInputViewModel.test.ts
PASS src/utils/Formatting/formatCurrency.test.ts
PASS src/utils/Formatting/formatDate.test.ts
PASS src/screens/Welcome/WelcomeViewModel.test.ts
PASS src/components/ImagePicker/ImagePickerViewModel.test.tsx
PASS src/services/cloud/DrawRestriction/DrawRestrictionDb.test.ts
PASS src/services/cloud/User/UserDb.test.ts
  ● Console

    console.log
      Populando banco com usuários mock...

      at log (src/services/cloud/User/UserDb.ts:30:17)

PASS src/services/cloud/Dependent/DependentDb.test.ts
PASS src/components/PartyQRCode/PartyQRCodeViewModel.test.ts
PASS src/components/Tag/TagViewModel.test.ts
PASS src/screens/PerfilSorteado/components/PerfilSorteadoContent/PerfilSorteadoContentViewModel.test.ts
PASS src/services/cloud/PartyParticipant/ParticipantDb.test.ts
PASS src/components/PopupModal/PopupModalViewModel.test.ts
PASS src/utils/PartyCode/gerarPartyCode.test.ts
PASS src/utils/Usuario/calcularIdade.test.ts
PASS src/screens/PartyCreated/PartyCreatedViewModel.test.ts
PASS src/utils/Formatting/isValidEmail.test.ts
---------------------------------------------------------|---------|----------|---------|---------|-----------------------------------------------------------------------------
File                                                     | % Stmts | % Branch | % Funcs | % Lines | Uncovered Line #s                                                           
---------------------------------------------------------|---------|----------|---------|---------|-----------------------------------------------------------------------------
All files                                                |   81.36 |    67.71 |   75.68 |   84.39 |                                                                             
 components/AppFooter                                    |   81.81 |    36.36 |     100 |   85.71 |                                                                             
  index.tsx                                              |   81.81 |    36.36 |     100 |   85.71 | 22-23,32                                                                    
 components/AppHeader                                    |   61.11 |       60 |      60 |   58.82 |                                                                             
  AppHeaderViewModel.ts                                  |   46.15 |    33.33 |      50 |   41.66 | 16-24,29                                                                    
  index.tsx                                              |     100 |      100 |     100 |     100 |                                                                             
 components/Button                                       |     100 |     90.9 |     100 |     100 |                                                                             
  ButtonViewModel.ts                                     |     100 |      100 |     100 |     100 |                                                                             
  index.tsx                                              |     100 |       50 |     100 |     100 | 18                                                                          
 components/Card                                         |     100 |      100 |     100 |     100 |                                                                             
  index.tsx                                              |     100 |      100 |     100 |     100 |                                                                             
 components/CurrencyInput                                |     100 |      100 |     100 |     100 |                                                                             
  CurrencyInputViewModel.ts                              |     100 |      100 |     100 |     100 |                                                                             
  index.tsx                                              |     100 |      100 |     100 |     100 |                                                                             
 components/DateInput                                    |     100 |      100 |     100 |     100 |                                                                             
  DateInputViewModel.ts                                  |     100 |      100 |     100 |     100 |                                                                             
  index.tsx                                              |     100 |      100 |     100 |     100 |                                                                             
 components/IconButton                                   |     100 |      100 |     100 |     100 |                                                                             
  IconButtonViewModel.ts                                 |     100 |      100 |     100 |     100 |                                                                             
  index.tsx                                              |     100 |      100 |     100 |     100 |                                                                             
 components/ImagePicker                                  |      90 |     90.9 |     100 |      90 |                                                                             
  ImagePickerViewModel.tsx                               |   86.66 |    88.88 |     100 |   86.66 | 42-43                                                                       
  index.tsx                                              |     100 |      100 |     100 |     100 |                                                                             
 components/Input                                        |    92.3 |       90 |   66.66 |     100 |                                                                             
  InputViewModel.ts                                      |    87.5 |      100 |      50 |     100 |                                                                             
  index.tsx                                              |     100 |    83.33 |     100 |     100 | 40                                                                          
 components/LoadingScreen                                |       0 |      100 |       0 |       0 |                                                                             
  index.tsx                                              |       0 |      100 |       0 |       0 | 8-29                                                                        
 components/ParticipanteCard                             |     100 |      100 |     100 |     100 |                                                                             
  ParticipanteCardViewModel.ts                           |     100 |      100 |     100 |     100 |                                                                             
  index.tsx                                              |     100 |      100 |     100 |     100 |                                                                             
 components/PartyCard                                    |     100 |      100 |     100 |     100 |                                                                             
  PartyCardViewModel.ts                                  |     100 |      100 |     100 |     100 |                                                                             
  index.tsx                                              |     100 |      100 |     100 |     100 |                                                                             
 components/PartyQRCode                                  |     100 |      100 |     100 |     100 |                                                                             
  PartyQRCodeViewModel.ts                                |     100 |      100 |     100 |     100 |                                                                             
  index.tsx                                              |     100 |      100 |     100 |     100 |                                                                             
 components/PopupModal                                   |     100 |      100 |     100 |     100 |                                                                             
  PopupModalViewModel.ts                                 |     100 |      100 |     100 |     100 |                                                                             
  index.tsx                                              |     100 |      100 |     100 |     100 |                                                                             
 components/RestrictionCard                              |     100 |      100 |     100 |     100 |                                                                             
  RestrictionCardViewModel.ts                            |     100 |      100 |     100 |     100 |                                                                             
  index.tsx                                              |     100 |      100 |     100 |     100 |                                                                             
 components/ScratchCard                                  |       5 |        0 |       0 |    5.26 |                                                                             
  index.tsx                                              |       5 |        0 |       0 |    5.26 | 13-61                                                                       
 components/SelectInput                                  |     100 |    83.33 |     100 |     100 |                                                                             
  SelectInputViewModel.ts                                |     100 |      100 |     100 |     100 |                                                                             
  index.tsx                                              |     100 |       75 |     100 |     100 | 17                                                                          
 components/SettingsOption                               |     100 |      100 |     100 |     100 |                                                                             
  SettingsOptionViewModel.ts                             |     100 |      100 |     100 |     100 |                                                                             
  index.tsx                                              |     100 |      100 |     100 |     100 |                                                                             
 components/Tag                                          |     100 |      100 |     100 |     100 |                                                                             
  TagViewModel.ts                                        |     100 |      100 |     100 |     100 |                                                                             
  index.tsx                                              |     100 |      100 |     100 |     100 |                                                                             
 config                                                  |     100 |       25 |     100 |     100 |                                                                             
  firebase.ts                                            |     100 |       25 |     100 |     100 | 20-21                                                                       
 contexts                                                |       0 |        0 |       0 |       0 |                                                                             
  ThemeContext.tsx                                       |       0 |        0 |       0 |       0 | 13-71                                                                       
 contexts/AuthContext                                    |   92.85 |    66.66 |      75 |      96 |                                                                             
  AuthContext.tsx                                        |   92.85 |    66.66 |      75 |      96 | 21                                                                          
 dto/DrawRestriction                                     |       0 |        0 |       0 |       0 |                                                                             
  DrawRestrictionCreationDTO.ts                          |       0 |        0 |       0 |       0 |                                                                             
  DrawRestrictionResponseDTO.ts                          |       0 |        0 |       0 |       0 |                                                                             
 dto/Party                                               |       0 |        0 |       0 |       0 |                                                                             
  PartyCreationDTO.ts                                    |       0 |        0 |       0 |       0 |                                                                             
 dto/User                                                |       0 |        0 |       0 |       0 |                                                                             
  UserForgotMyPasswordDTO.ts                             |       0 |        0 |       0 |       0 |                                                                             
  UserLoginDTO.ts                                        |       0 |        0 |       0 |       0 |                                                                             
  UserRegistrationDTO.ts                                 |       0 |        0 |       0 |       0 |                                                                             
 mocks                                                   |     100 |      100 |     100 |     100 |                                                                             
  participantesMock.ts                                   |     100 |      100 |     100 |     100 |                                                                             
  partiesMock.ts                                         |     100 |      100 |     100 |     100 |                                                                             
  perfisMock.ts                                          |     100 |      100 |     100 |     100 |                                                                             
  usuariosMock.ts                                        |     100 |      100 |     100 |     100 |                                                                             
 screens/CreateParty                                     |      30 |    19.56 |   15.78 |   34.61 |                                                                             
  CreatePartyViewModel.ts                                |   25.88 |    11.11 |   11.11 |   30.13 | 18-19,23-24,28-29,33-34,42-54,58-61,66-69,76-80,85-86,90-137                
  index.tsx                                              |     100 |       50 |     100 |     100 | 48-92                                                                       
 screens/ForgotMyPassword                                |     100 |    94.44 |     100 |     100 |                                                                             
  ForgotMyPasswordViewModel.ts                           |     100 |      100 |     100 |     100 |                                                                             
  index.tsx                                              |     100 |    83.33 |     100 |     100 | 24                                                                          
 screens/FormDependente                                  |   67.88 |    56.33 |   40.42 |   81.97 |                                                                             
  FormDependenteViewModel.ts                             |   68.57 |    55.55 |   36.84 |   82.97 | 46-47,49-50,116,122-123,127-128,132,136-139,144,148-151,183-184,220,226,250 
  index.tsx                                              |   65.11 |    57.69 |   55.55 |   77.41 | 65-66,80,202-238                                                            
 screens/GestaoDependentes                               |    78.2 |     57.5 |   68.42 |   79.22 |                                                                             
  GestaoDependentesViewModel.ts                          |   78.84 |       50 |   72.72 |   80.39 | 17-18,34-35,44,65,79-80,87-88                                               
  index.tsx                                              |   76.92 |    59.37 |    62.5 |   76.92 | 40,48,59,64,115-123                                                         
 screens/Home                                            |     100 |       80 |     100 |     100 |                                                                             
  HomeViewModel.ts                                       |     100 |       80 |     100 |     100 | 40                                                                          
  index.tsx                                              |     100 |      100 |     100 |     100 |                                                                             
 screens/Login                                           |     100 |    92.59 |     100 |     100 |                                                                             
  LoginViewModel.ts                                      |     100 |    94.73 |     100 |     100 | 58                                                                          
  index.tsx                                              |     100 |     87.5 |     100 |     100 | 28                                                                          
 screens/MeuPerfil                                       |   87.89 |    61.19 |    85.1 |   89.02 |                                                                             
  MeuPerfilViewModel.ts                                  |    92.2 |     68.6 |   96.96 |   93.79 | 68-71,103-104,151,196                                                       
  index.tsx                                              |   69.44 |    47.91 |   57.14 |   71.42 | 37-46,260,294-352                                                           
 screens/ParticipantLobby                                |   93.33 |      100 |   83.33 |   92.85 |                                                                             
  ParticipantLobbyViewModel.ts                           |    87.5 |      100 |   66.66 |   85.71 | 8                                                                           
  index.tsx                                              |     100 |      100 |     100 |     100 |                                                                             
 screens/PartyAdmin                                      |   96.87 |     87.5 |     100 |   96.77 |                                                                             
  PartyAdminViewModel.ts                                 |      96 |     87.5 |     100 |   95.83 | 33                                                                          
  index.tsx                                              |     100 |      100 |     100 |     100 |                                                                             
 screens/PartyCreated                                    |     100 |      100 |     100 |     100 |                                                                             
  PartyCreatedViewModel.ts                               |     100 |      100 |     100 |     100 |                                                                             
  index.tsx                                              |     100 |      100 |     100 |     100 |                                                                             
 screens/PartyDrawRestrictions                           |   89.01 |    77.77 |   92.59 |   90.24 |                                                                             
  PartyDrawRestrictionsViewModel.ts                      |   87.95 |    78.12 |    91.3 |   89.18 | 48-51,99,105,142,150,159,184                                                
  index.tsx                                              |     100 |       75 |     100 |     100 | 61                                                                          
 screens/PartyPreview                                    |     100 |      100 |     100 |     100 |                                                                             
  PartyPreviewViewModel.ts                               |     100 |      100 |     100 |     100 |                                                                             
  index.tsx                                              |     100 |      100 |     100 |     100 |                                                                             
 screens/PerfilSorteado                                  |   87.87 |       70 |   66.66 |   87.87 |                                                                             
  PerfilSorteadoViewModel.ts                             |     100 |      100 |     100 |     100 |                                                                             
  index.tsx                                              |      75 |     62.5 |      50 |      75 | 23,32,58-59                                                                 
 screens/PerfilSorteado/components/PerfilSorteadoContent |     100 |      100 |     100 |     100 |                                                                             
  PerfilSorteadoContentViewModel.ts                      |     100 |      100 |     100 |     100 |                                                                             
  index.tsx                                              |     100 |      100 |     100 |     100 |                                                                             
 screens/PerfilSorteado/components/PerfilSorteadoHeader  |     100 |      100 |     100 |     100 |                                                                             
  PerfilSorteadoHeaderViewModel.ts                       |     100 |      100 |     100 |     100 |                                                                             
  index.tsx                                              |     100 |      100 |     100 |     100 |                                                                             
 screens/Registration                                    |   91.81 |    82.81 |   85.18 |   94.68 |                                                                             
  RegistrationViewModel.ts                               |   93.13 |    82.92 |    91.3 |   96.51 | 98,165-166                                                                  
  index.tsx                                              |      75 |     82.6 |      50 |      75 | 132-138                                                                     
 screens/Scan                                            |   70.37 |     64.7 |   42.85 |   73.07 |                                                                             
  index.tsx                                              |   70.37 |     64.7 |   42.85 |   73.07 | 74-123                                                                      
 screens/Settings                                        |     100 |    83.33 |     100 |     100 |                                                                             
  SettingsViewModel.ts                                   |     100 |    83.33 |     100 |     100 | 45                                                                          
  index.tsx                                              |     100 |    83.33 |     100 |     100 | 51                                                                          
 screens/ShakeReveal                                     |    92.3 |    72.72 |   81.81 |   94.59 |                                                                             
  ShakeRevealViewModel.ts                                |   93.75 |    71.42 |   88.88 |   96.66 | 76                                                                          
  index.tsx                                              |   85.71 |       75 |      50 |   85.71 | 22                                                                          
 screens/Welcome                                         |     100 |      100 |     100 |     100 |                                                                             
  WelcomeViewModel.ts                                    |     100 |      100 |     100 |     100 |                                                                             
  index.tsx                                              |     100 |      100 |     100 |     100 |                                                                             
 services                                                |    5.55 |        0 |       0 |    5.55 |                                                                             
  storageService.ts                                      |      20 |        0 |       0 |      20 | 5-14                                                                        
  testFirebase.ts                                        |       0 |        0 |       0 |       0 | 4-20                                                                        
 services/cloud/Dependent                                |   94.11 |       60 |     100 |     100 |                                                                             
  DependentDb.ts                                         |   94.11 |       60 |     100 |     100 | 19-21,86                                                                    
 services/cloud/DrawRestriction                          |     100 |      100 |     100 |     100 |                                                                             
  DrawRestrictionDb.ts                                   |     100 |      100 |     100 |     100 |                                                                             
 services/cloud/Party                                    |     100 |      100 |     100 |     100 |                                                                             
  PartyDb.ts                                             |     100 |      100 |     100 |     100 |                                                                             
 services/cloud/PartyParticipant                         |     100 |      100 |     100 |     100 |                                                                             
  PartyParticipantDb.ts                                  |     100 |      100 |     100 |     100 |                                                                             
 services/cloud/User                                     |    93.1 |     87.5 |   88.88 |    93.1 |                                                                             
  UserDb.ts                                              |    93.1 |     87.5 |   88.88 |    93.1 | 102-103                                                                     
 services/cloud/Wishlist                                 |      90 |       75 |     100 |     100 |                                                                             
  WishlistDb.ts                                          |      90 |       75 |     100 |     100 | 49-67                                                                       
 styles                                                  |     100 |      100 |     100 |     100 |                                                                             
  theme.ts                                               |     100 |      100 |     100 |     100 |                                                                             
 types                                                   |       0 |        0 |       0 |       0 |                                                                             
  Dependent.ts                                           |       0 |        0 |       0 |       0 |                                                                             
  DrawRestriction.ts                                     |       0 |        0 |       0 |       0 |                                                                             
  Participante.ts                                        |       0 |        0 |       0 |       0 |                                                                             
  Party.ts                                               |       0 |        0 |       0 |       0 |                                                                             
  Perfil.ts                                              |       0 |        0 |       0 |       0 |                                                                             
  Usuario.ts                                             |       0 |        0 |       0 |       0 |                                                                             
  Wishlist.ts                                            |       0 |        0 |       0 |       0 |                                                                             
 utils/Formatting                                        |     100 |      100 |     100 |     100 |                                                                             
  formatCurrency.ts                                      |     100 |      100 |     100 |     100 |                                                                             
  formatDate.ts                                          |     100 |      100 |     100 |     100 |                                                                             
  isValidEmail.ts                                        |     100 |      100 |     100 |     100 |                                                                             
 utils/PartyCode                                         |     100 |      100 |     100 |     100 |                                                                             
  gerarPartyCode.ts                                      |     100 |      100 |     100 |     100 |                                                                             
 utils/Usuario                                           |     100 |      100 |     100 |     100 |                                                                             
  calcularIdade.ts                                       |     100 |      100 |     100 |     100 |                                                                             
---------------------------------------------------------|---------|----------|---------|---------|-----------------------------------------------------------------------------

Summary of all failing tests
FAIL src/screens/PartyDrawRestrictions/PartyDrawRestrictions.test.tsx
  ● PartyDrawRestrictionsScreen › deve renderizar a tela corretamente com os elementos iniciais

    Unable to find an element with text: Impedir que Titulares e seus Dependentes se tirem

    [
      [36m<View[39m
        [33mtestID[39m=[32m"mock-header"[39m
      [36m>[39m
        [36m<Text>[39m
          [0mRegras de Sorteio[0m
        [36m</Text>[39m
      [36m</View>[39m,
      [36m<RCTScrollView>[39m
        [36m<View>[39m
          [36m<View>[39m
            [36m<View>[39m
              [36m<View>[39m
                [36m<View>[39m
                  [36m<Text>[39m
                    [0mEvite que pessoas específicas se tirem no sorteio (ex: casais).[0m
                  [36m</Text>[39m
                  [36m<View>[39m
                    [36m<Text>[39m
                      [0mPessoa A[0m
                    [36m</Text>[39m
                    [36m<View>[39m
                      [36m<View[39m
                        [33mpointerEvents[39m=[32m"none"[39m
                      [36m>[39m
                        [36m<Text>[39m
                          [0mSelecione...[0m
                        [36m</Text>[39m
                        [36m<Feather />[39m
                      [36m</View>[39m
                      [36m<View>[39m
                        [36m<RNCPicker />[39m
                      [36m</View>[39m
                    [36m</View>[39m
                  [36m</View>[39m
                  [36m<View>[39m
                    [36m<View[39m
                      [33maccessibilityState[39m=[32m{
                        {
                          "disabled": false,
                        }
                      }[39m
                      [33maccessible[39m=[32m{true}[39m
                    [36m>[39m
                      [36m<Text>[39m
                        [0mNão pode tirar[0m
                      [36m</Text>[39m
                    [36m</View>[39m
                    [36m<View>[39m
                      [36m<Feather />[39m
                    [36m</View>[39m
                  [36m</View>[39m
                  [36m<View>[39m
                    [36m<Text>[39m
                      [0mPessoa B[0m
                    [36m</Text>[39m
                    [36m<View>[39m
                      [36m<View[39m
                        [33mpointerEvents[39m=[32m"none"[39m
                      [36m>[39m
                        [36m<Text>[39m
                          [0mSelecione...[0m
                        [36m</Text>[39m
                        [36m<Feather />[39m
                      [36m</View>[39m
                      [36m<View>[39m
                        [36m<RNCPicker />[39m
                      [36m</View>[39m
                    [36m</View>[39m
                  [36m</View>[39m
                  [36m<View[39m
                    [33maccessibilityState[39m=[32m{
                      {
                        "disabled": false,
                      }
                    }[39m
                    [33maccessible[39m=[32m{true}[39m
                  [36m>[39m
                    [36m<Text>[39m
                      [0m+ Adicionar Regra[0m
                    [36m</Text>[39m
                  [36m</View>[39m
                [36m</View>[39m
                [36m<View>[39m
                  [36m<Text>[39m
                    [0mImpedir que titulares e dependentes se tirem no sorteio[0m
                  [36m</Text>[39m
                  [36m<RCTSwitch[39m
                    [33maccessibilityRole[39m=[32m"switch"[39m
                    [33mvalue[39m=[32m{false}[39m
                  [36m/>[39m
                [36m</View>[39m
              [36m</View>[39m
              [36m<View>[39m
                [36m<Text>[39m
                  [0mRegras Ativas[0m
                [36m</Text>[39m
              [36m</View>[39m
            [36m</View>[39m
          [36m</View>[39m
        [36m</View>[39m
      [36m</RCTScrollView>[39m,
    ]

      72 |     expect(getByText("Não pode tirar")).toBeTruthy();
      73 |     expect(getByText("+ Adicionar Regra")).toBeTruthy();
    > 74 |     expect(getByText("Impedir que Titulares e seus Dependentes se tirem")).toBeTruthy();
         |            ^
      75 |     expect(getByText("Regras Ativas")).toBeTruthy();
      76 |
      77 |     expect(queryByText("Titulares e dependentes não podem se tirar")).toBeNull();

      at Object.getByText (src/screens/PartyDrawRestrictions/PartyDrawRestrictions.test.tsx:74:12)

  ● PartyDrawRestrictionsScreen › deve chamar handleToggleBlockDependentDraw ao clicar no botão de bloqueio de dependentes

    Unable to find an element with text: Impedir que Titulares e seus Dependentes se tirem

    [
      [36m<View[39m
        [33mtestID[39m=[32m"mock-header"[39m
      [36m>[39m
        [36m<Text>[39m
          [0mRegras de Sorteio[0m
        [36m</Text>[39m
      [36m</View>[39m,
      [36m<RCTScrollView>[39m
        [36m<View>[39m
          [36m<View>[39m
            [36m<View>[39m
              [36m<View>[39m
                [36m<View>[39m
                  [36m<Text>[39m
                    [0mEvite que pessoas específicas se tirem no sorteio (ex: casais).[0m
                  [36m</Text>[39m
                  [36m<View>[39m
                    [36m<Text>[39m
                      [0mPessoa A[0m
                    [36m</Text>[39m
                    [36m<View>[39m
                      [36m<View[39m
                        [33mpointerEvents[39m=[32m"none"[39m
                      [36m>[39m
                        [36m<Text>[39m
                          [0mSelecione...[0m
                        [36m</Text>[39m
                        [36m<Feather />[39m
                      [36m</View>[39m
                      [36m<View>[39m
                        [36m<RNCPicker />[39m
                      [36m</View>[39m
                    [36m</View>[39m
                  [36m</View>[39m
                  [36m<View>[39m
                    [36m<View[39m
                      [33maccessibilityState[39m=[32m{
                        {
                          "disabled": false,
                        }
                      }[39m
                      [33maccessible[39m=[32m{true}[39m
                    [36m>[39m
                      [36m<Text>[39m
                        [0mNão pode tirar[0m
                      [36m</Text>[39m
                    [36m</View>[39m
                    [36m<View>[39m
                      [36m<Feather />[39m
                    [36m</View>[39m
                  [36m</View>[39m
                  [36m<View>[39m
                    [36m<Text>[39m
                      [0mPessoa B[0m
                    [36m</Text>[39m
                    [36m<View>[39m
                      [36m<View[39m
                        [33mpointerEvents[39m=[32m"none"[39m
                      [36m>[39m
                        [36m<Text>[39m
                          [0mSelecione...[0m
                        [36m</Text>[39m
                        [36m<Feather />[39m
                      [36m</View>[39m
                      [36m<View>[39m
                        [36m<RNCPicker />[39m
                      [36m</View>[39m
                    [36m</View>[39m
                  [36m</View>[39m
                  [36m<View[39m
                    [33maccessibilityState[39m=[32m{
                      {
                        "disabled": false,
                      }
                    }[39m
                    [33maccessible[39m=[32m{true}[39m
                  [36m>[39m
                    [36m<Text>[39m
                      [0m+ Adicionar Regra[0m
                    [36m</Text>[39m
                  [36m</View>[39m
                [36m</View>[39m
                [36m<View>[39m
                  [36m<Text>[39m
                    [0mImpedir que titulares e dependentes se tirem no sorteio[0m
                  [36m</Text>[39m
                  [36m<RCTSwitch[39m
                    [33maccessibilityRole[39m=[32m"switch"[39m
                    [33mvalue[39m=[32m{false}[39m
                  [36m/>[39m
                [36m</View>[39m
              [36m</View>[39m
              [36m<View>[39m
                [36m<Text>[39m
                  [0mRegras Ativas[0m
                [36m</Text>[39m
              [36m</View>[39m
            [36m</View>[39m
          [36m</View>[39m
        [36m</View>[39m
      [36m</RCTScrollView>[39m,
    ]

       99 |     const { getByText } = render(<PartyDrawRestrictionsScreen />);
      100 |     
    > 101 |     const toggleButton = getByText("Impedir que Titulares e seus Dependentes se tirem");
          |                          ^
      102 |     fireEvent.press(toggleButton);
      103 |
      104 |     expect(defaultViewModelMock.handleToggleBlockDependentDraw).toHaveBeenCalledTimes(1);

      at Object.getByText (src/screens/PartyDrawRestrictions/PartyDrawRestrictions.test.tsx:101:26)

FAIL src/screens/PerfilSorteado/PerfilSorteado.test.tsx
  ● Screen: PerfilSorteado › deve renderizar corretamente e passar as props para os componentes filhos

    TypeError: subscription.remove is not a function

      25 |
      26 |         return () => {
    > 27 |             subscription.remove();
         |                          ^
      28 |         };
      29 |     }, []);
      30 |

      at remove (src/screens/PerfilSorteado/index.tsx:27:26)
      at Object.react-stack-bottom-frame (node_modules/react-test-renderer/cjs/react-test-renderer.development.js:14074:13)
      at runWithFiberInDEV (node_modules/react-test-renderer/cjs/react-test-renderer.development.js:1574:13)
      at commitHookEffectListUnmount (node_modules/react-test-renderer/cjs/react-test-renderer.development.js:8443:17)
      at commitHookPassiveUnmountEffects (node_modules/react-test-renderer/cjs/react-test-renderer.development.js:8474:11)
      at commitPassiveUnmountEffectsInsideOfDeletedTree_begin (node_modules/react-test-renderer/cjs/react-test-renderer.development.js:10199:13)
      at recursivelyTraversePassiveUnmountEffects (node_modules/react-test-renderer/cjs/react-test-renderer.development.js:10098:13)
      at commitPassiveUnmountOnFiber (node_modules/react-test-renderer/cjs/react-test-renderer.development.js:10125:11)
      at flushPendingEffects (node_modules/react-test-renderer/cjs/react-test-renderer.development.js:11527:11)
      at performWorkOnRootViaSchedulerTask (node_modules/react-test-renderer/cjs/react-test-renderer.development.js:2082:11)
      at flushActQueue (node_modules/react/cjs/react.development.js:566:34)
      at node_modules/react/cjs/react.development.js:822:21

FAIL src/screens/CreateParty/CreateParty.test.tsx
  ● Tela CreateParty › deve validar os campos vazios, exibir erros vermelhos e não navegar

    TypeError: navigation.addListener is not a function

      38 |
      39 |   useEffect(() => {
    > 40 |     const unsubscribe = navigation.addListener('beforeRemove', (e: any) => {
         |                                    ^
      41 |       // If we don't have unsaved changes, don't intercept
      42 |       if (!hasChanges) {
      43 |         return;

      at addListener (src/screens/CreateParty/CreatePartyViewModel.ts:40:36)
      at Object.react-stack-bottom-frame (node_modules/react-test-renderer/cjs/react-test-renderer.development.js:14062:20)
      at runWithFiberInDEV (node_modules/react-test-renderer/cjs/react-test-renderer.development.js:1574:13)
      at commitHookEffectListMount (node_modules/react-test-renderer/cjs/react-test-renderer.development.js:8376:29)
      at commitHookPassiveMountEffects (node_modules/react-test-renderer/cjs/react-test-renderer.development.js:8463:11)
      at commitPassiveMountOnFiber (node_modules/react-test-renderer/cjs/react-test-renderer.development.js:9782:13)
      at recursivelyTraversePassiveMountEffects (node_modules/react-test-renderer/cjs/react-test-renderer.development.js:9756:11)
      at commitPassiveMountOnFiber (node_modules/react-test-renderer/cjs/react-test-renderer.development.js:9794:11)
      at flushPendingEffects (node_modules/react-test-renderer/cjs/react-test-renderer.development.js:11528:11)
      at performSyncWorkOnRoot (node_modules/react-test-renderer/cjs/react-test-renderer.development.js:2106:11)
      at flushSyncWorkAcrossRoots_impl (node_modules/react-test-renderer/cjs/react-test-renderer.development.js:1954:21)
      at flushSpawnedWork (node_modules/react-test-renderer/cjs/react-test-renderer.development.js:11467:9)
      at commitRoot (node_modules/react-test-renderer/cjs/react-test-renderer.development.js:11311:9)
      at performWorkOnRoot (node_modules/react-test-renderer/cjs/react-test-renderer.development.js:10445:15)
      at performWorkOnRootViaSchedulerTask (node_modules/react-test-renderer/cjs/react-test-renderer.development.js:2094:7)
      at flushActQueue (node_modules/react/cjs/react.development.js:566:34)
      at Object.<anonymous>.process.env.NODE_ENV.exports.act (node_modules/react/cjs/react.development.js:859:10)
      at actImplementation (node_modules/@testing-library/react-native/src/act.ts:30:25)
      at renderWithAct (node_modules/@testing-library/react-native/src/render-act.ts:13:11)
      at renderInternal (node_modules/@testing-library/react-native/src/render.tsx:69:33)
      at renderInternal (node_modules/@testing-library/react-native/src/render.tsx:44:10)
      at Object.<anonymous> (src/screens/CreateParty/CreateParty.test.tsx:87:55)
      at asyncGeneratorStep (node_modules/@babel/runtime/helpers/asyncToGenerator.js:3:17)
      at _next (node_modules/@babel/runtime/helpers/asyncToGenerator.js:17:9)
      at node_modules/@babel/runtime/helpers/asyncToGenerator.js:22:7
      at Object.<anonymous> (node_modules/@babel/runtime/helpers/asyncToGenerator.js:14:12)

  ● Tela CreateParty › deve instanciar o objeto Party e navegar com sucesso se tudo estiver correto

    TypeError: navigation.addListener is not a function

      38 |
      39 |   useEffect(() => {
    > 40 |     const unsubscribe = navigation.addListener('beforeRemove', (e: any) => {
         |                                    ^
      41 |       // If we don't have unsaved changes, don't intercept
      42 |       if (!hasChanges) {
      43 |         return;

      at addListener (src/screens/CreateParty/CreatePartyViewModel.ts:40:36)
      at Object.react-stack-bottom-frame (node_modules/react-test-renderer/cjs/react-test-renderer.development.js:14062:20)
      at runWithFiberInDEV (node_modules/react-test-renderer/cjs/react-test-renderer.development.js:1574:13)
      at commitHookEffectListMount (node_modules/react-test-renderer/cjs/react-test-renderer.development.js:8376:29)
      at commitHookPassiveMountEffects (node_modules/react-test-renderer/cjs/react-test-renderer.development.js:8463:11)
      at commitPassiveMountOnFiber (node_modules/react-test-renderer/cjs/react-test-renderer.development.js:9782:13)
      at recursivelyTraversePassiveMountEffects (node_modules/react-test-renderer/cjs/react-test-renderer.development.js:9756:11)
      at commitPassiveMountOnFiber (node_modules/react-test-renderer/cjs/react-test-renderer.development.js:9794:11)
      at flushPendingEffects (node_modules/react-test-renderer/cjs/react-test-renderer.development.js:11528:11)
      at performSyncWorkOnRoot (node_modules/react-test-renderer/cjs/react-test-renderer.development.js:2106:11)
      at flushSyncWorkAcrossRoots_impl (node_modules/react-test-renderer/cjs/react-test-renderer.development.js:1954:21)
      at flushSpawnedWork (node_modules/react-test-renderer/cjs/react-test-renderer.development.js:11467:9)
      at commitRoot (node_modules/react-test-renderer/cjs/react-test-renderer.development.js:11311:9)
      at performWorkOnRoot (node_modules/react-test-renderer/cjs/react-test-renderer.development.js:10445:15)
      at performWorkOnRootViaSchedulerTask (node_modules/react-test-renderer/cjs/react-test-renderer.development.js:2094:7)
      at flushActQueue (node_modules/react/cjs/react.development.js:566:34)
      at Object.<anonymous>.process.env.NODE_ENV.exports.act (node_modules/react/cjs/react.development.js:859:10)
      at actImplementation (node_modules/@testing-library/react-native/src/act.ts:30:25)
      at renderWithAct (node_modules/@testing-library/react-native/src/render-act.ts:13:11)
      at renderInternal (node_modules/@testing-library/react-native/src/render.tsx:69:33)
      at renderInternal (node_modules/@testing-library/react-native/src/render.tsx:44:10)
      at Object.<anonymous> (src/screens/CreateParty/CreateParty.test.tsx:104:68)
      at asyncGeneratorStep (node_modules/@babel/runtime/helpers/asyncToGenerator.js:3:17)
      at _next (node_modules/@babel/runtime/helpers/asyncToGenerator.js:17:9)
      at node_modules/@babel/runtime/helpers/asyncToGenerator.js:22:7
      at Object.<anonymous> (node_modules/@babel/runtime/helpers/asyncToGenerator.js:14:12)

  ● Tela CreateParty › não deve criar party se usuarioAtual for null

    TypeError: navigation.addListener is not a function

      38 |
      39 |   useEffect(() => {
    > 40 |     const unsubscribe = navigation.addListener('beforeRemove', (e: any) => {
         |                                    ^
      41 |       // If we don't have unsaved changes, don't intercept
      42 |       if (!hasChanges) {
      43 |         return;

      at addListener (src/screens/CreateParty/CreatePartyViewModel.ts:40:36)
      at Object.react-stack-bottom-frame (node_modules/react-test-renderer/cjs/react-test-renderer.development.js:14062:20)
      at runWithFiberInDEV (node_modules/react-test-renderer/cjs/react-test-renderer.development.js:1574:13)
      at commitHookEffectListMount (node_modules/react-test-renderer/cjs/react-test-renderer.development.js:8376:29)
      at commitHookPassiveMountEffects (node_modules/react-test-renderer/cjs/react-test-renderer.development.js:8463:11)
      at commitPassiveMountOnFiber (node_modules/react-test-renderer/cjs/react-test-renderer.development.js:9782:13)
      at recursivelyTraversePassiveMountEffects (node_modules/react-test-renderer/cjs/react-test-renderer.development.js:9756:11)
      at commitPassiveMountOnFiber (node_modules/react-test-renderer/cjs/react-test-renderer.development.js:9794:11)
      at flushPendingEffects (node_modules/react-test-renderer/cjs/react-test-renderer.development.js:11528:11)
      at performSyncWorkOnRoot (node_modules/react-test-renderer/cjs/react-test-renderer.development.js:2106:11)
      at flushSyncWorkAcrossRoots_impl (node_modules/react-test-renderer/cjs/react-test-renderer.development.js:1954:21)
      at flushSpawnedWork (node_modules/react-test-renderer/cjs/react-test-renderer.development.js:11467:9)
      at commitRoot (node_modules/react-test-renderer/cjs/react-test-renderer.development.js:11311:9)
      at performWorkOnRoot (node_modules/react-test-renderer/cjs/react-test-renderer.development.js:10445:15)
      at performWorkOnRootViaSchedulerTask (node_modules/react-test-renderer/cjs/react-test-renderer.development.js:2094:7)
      at flushActQueue (node_modules/react/cjs/react.development.js:566:34)
      at Object.<anonymous>.process.env.NODE_ENV.exports.act (node_modules/react/cjs/react.development.js:859:10)
      at actImplementation (node_modules/@testing-library/react-native/src/act.ts:30:25)
      at renderWithAct (node_modules/@testing-library/react-native/src/render-act.ts:13:11)
      at renderInternal (node_modules/@testing-library/react-native/src/render.tsx:69:33)
      at renderInternal (node_modules/@testing-library/react-native/src/render.tsx:44:10)
      at Object.<anonymous> (src/screens/CreateParty/CreateParty.test.tsx:136:68)
      at asyncGeneratorStep (node_modules/@babel/runtime/helpers/asyncToGenerator.js:3:17)
      at _next (node_modules/@babel/runtime/helpers/asyncToGenerator.js:17:9)
      at node_modules/@babel/runtime/helpers/asyncToGenerator.js:22:7
      at Object.<anonymous> (node_modules/@babel/runtime/helpers/asyncToGenerator.js:14:12)

  ● Tela CreateParty › deve voltar à tela anterior ao confirmar a saída no modal

    TypeError: navigation.addListener is not a function

      38 |
      39 |   useEffect(() => {
    > 40 |     const unsubscribe = navigation.addListener('beforeRemove', (e: any) => {
         |                                    ^
      41 |       // If we don't have unsaved changes, don't intercept
      42 |       if (!hasChanges) {
      43 |         return;

      at addListener (src/screens/CreateParty/CreatePartyViewModel.ts:40:36)
      at Object.react-stack-bottom-frame (node_modules/react-test-renderer/cjs/react-test-renderer.development.js:14062:20)
      at runWithFiberInDEV (node_modules/react-test-renderer/cjs/react-test-renderer.development.js:1574:13)
      at commitHookEffectListMount (node_modules/react-test-renderer/cjs/react-test-renderer.development.js:8376:29)
      at commitHookPassiveMountEffects (node_modules/react-test-renderer/cjs/react-test-renderer.development.js:8463:11)
      at commitPassiveMountOnFiber (node_modules/react-test-renderer/cjs/react-test-renderer.development.js:9782:13)
      at recursivelyTraversePassiveMountEffects (node_modules/react-test-renderer/cjs/react-test-renderer.development.js:9756:11)
      at commitPassiveMountOnFiber (node_modules/react-test-renderer/cjs/react-test-renderer.development.js:9794:11)
      at flushPendingEffects (node_modules/react-test-renderer/cjs/react-test-renderer.development.js:11528:11)
      at performSyncWorkOnRoot (node_modules/react-test-renderer/cjs/react-test-renderer.development.js:2106:11)
      at flushSyncWorkAcrossRoots_impl (node_modules/react-test-renderer/cjs/react-test-renderer.development.js:1954:21)
      at flushSpawnedWork (node_modules/react-test-renderer/cjs/react-test-renderer.development.js:11467:9)
      at commitRoot (node_modules/react-test-renderer/cjs/react-test-renderer.development.js:11311:9)
      at performWorkOnRoot (node_modules/react-test-renderer/cjs/react-test-renderer.development.js:10445:15)
      at performWorkOnRootViaSchedulerTask (node_modules/react-test-renderer/cjs/react-test-renderer.development.js:2094:7)
      at flushActQueue (node_modules/react/cjs/react.development.js:566:34)
      at Object.<anonymous>.process.env.NODE_ENV.exports.act (node_modules/react/cjs/react.development.js:859:10)
      at actImplementation (node_modules/@testing-library/react-native/src/act.ts:30:25)
      at renderWithAct (node_modules/@testing-library/react-native/src/render-act.ts:13:11)
      at renderInternal (node_modules/@testing-library/react-native/src/render.tsx:69:33)
      at renderInternal (node_modules/@testing-library/react-native/src/render.tsx:44:10)
      at Object.<anonymous> (src/screens/CreateParty/CreateParty.test.tsx:155:68)
      at asyncGeneratorStep (node_modules/@babel/runtime/helpers/asyncToGenerator.js:3:17)
      at _next (node_modules/@babel/runtime/helpers/asyncToGenerator.js:17:9)
      at node_modules/@babel/runtime/helpers/asyncToGenerator.js:22:7
      at Object.<anonymous> (node_modules/@babel/runtime/helpers/asyncToGenerator.js:14:12)

  ● Tela CreateParty › deve navegar silenciosamente se não houver alterações

    TypeError: navigation.addListener is not a function

      38 |
      39 |   useEffect(() => {
    > 40 |     const unsubscribe = navigation.addListener('beforeRemove', (e: any) => {
         |                                    ^
      41 |       // If we don't have unsaved changes, don't intercept
      42 |       if (!hasChanges) {
      43 |         return;

      at addListener (src/screens/CreateParty/CreatePartyViewModel.ts:40:36)
      at Object.react-stack-bottom-frame (node_modules/react-test-renderer/cjs/react-test-renderer.development.js:14062:20)
      at runWithFiberInDEV (node_modules/react-test-renderer/cjs/react-test-renderer.development.js:1574:13)
      at commitHookEffectListMount (node_modules/react-test-renderer/cjs/react-test-renderer.development.js:8376:29)
      at commitHookPassiveMountEffects (node_modules/react-test-renderer/cjs/react-test-renderer.development.js:8463:11)
      at commitPassiveMountOnFiber (node_modules/react-test-renderer/cjs/react-test-renderer.development.js:9782:13)
      at recursivelyTraversePassiveMountEffects (node_modules/react-test-renderer/cjs/react-test-renderer.development.js:9756:11)
      at commitPassiveMountOnFiber (node_modules/react-test-renderer/cjs/react-test-renderer.development.js:9794:11)
      at flushPendingEffects (node_modules/react-test-renderer/cjs/react-test-renderer.development.js:11528:11)
      at performSyncWorkOnRoot (node_modules/react-test-renderer/cjs/react-test-renderer.development.js:2106:11)
      at flushSyncWorkAcrossRoots_impl (node_modules/react-test-renderer/cjs/react-test-renderer.development.js:1954:21)
      at flushSpawnedWork (node_modules/react-test-renderer/cjs/react-test-renderer.development.js:11467:9)
      at commitRoot (node_modules/react-test-renderer/cjs/react-test-renderer.development.js:11311:9)
      at performWorkOnRoot (node_modules/react-test-renderer/cjs/react-test-renderer.development.js:10445:15)
      at performWorkOnRootViaSchedulerTask (node_modules/react-test-renderer/cjs/react-test-renderer.development.js:2094:7)
      at flushActQueue (node_modules/react/cjs/react.development.js:566:34)
      at Object.<anonymous>.process.env.NODE_ENV.exports.act (node_modules/react/cjs/react.development.js:859:10)
      at actImplementation (node_modules/@testing-library/react-native/src/act.ts:30:25)
      at renderWithAct (node_modules/@testing-library/react-native/src/render-act.ts:13:11)
      at renderInternal (node_modules/@testing-library/react-native/src/render.tsx:69:33)
      at renderInternal (node_modules/@testing-library/react-native/src/render.tsx:44:10)
      at Object.<anonymous> (src/screens/CreateParty/CreateParty.test.tsx:171:35)

  ● Tela CreateParty › deve interceptar navegação do footer e exibir modal se houver alterações

    TypeError: navigation.addListener is not a function

      38 |
      39 |   useEffect(() => {
    > 40 |     const unsubscribe = navigation.addListener('beforeRemove', (e: any) => {
         |                                    ^
      41 |       // If we don't have unsaved changes, don't intercept
      42 |       if (!hasChanges) {
      43 |         return;

      at addListener (src/screens/CreateParty/CreatePartyViewModel.ts:40:36)
      at Object.react-stack-bottom-frame (node_modules/react-test-renderer/cjs/react-test-renderer.development.js:14062:20)
      at runWithFiberInDEV (node_modules/react-test-renderer/cjs/react-test-renderer.development.js:1574:13)
      at commitHookEffectListMount (node_modules/react-test-renderer/cjs/react-test-renderer.development.js:8376:29)
      at commitHookPassiveMountEffects (node_modules/react-test-renderer/cjs/react-test-renderer.development.js:8463:11)
      at commitPassiveMountOnFiber (node_modules/react-test-renderer/cjs/react-test-renderer.development.js:9782:13)
      at recursivelyTraversePassiveMountEffects (node_modules/react-test-renderer/cjs/react-test-renderer.development.js:9756:11)
      at commitPassiveMountOnFiber (node_modules/react-test-renderer/cjs/react-test-renderer.development.js:9794:11)
      at flushPendingEffects (node_modules/react-test-renderer/cjs/react-test-renderer.development.js:11528:11)
      at performSyncWorkOnRoot (node_modules/react-test-renderer/cjs/react-test-renderer.development.js:2106:11)
      at flushSyncWorkAcrossRoots_impl (node_modules/react-test-renderer/cjs/react-test-renderer.development.js:1954:21)
      at flushSpawnedWork (node_modules/react-test-renderer/cjs/react-test-renderer.development.js:11467:9)
      at commitRoot (node_modules/react-test-renderer/cjs/react-test-renderer.development.js:11311:9)
      at performWorkOnRoot (node_modules/react-test-renderer/cjs/react-test-renderer.development.js:10445:15)
      at performWorkOnRootViaSchedulerTask (node_modules/react-test-renderer/cjs/react-test-renderer.development.js:2094:7)
      at flushActQueue (node_modules/react/cjs/react.development.js:566:34)
      at Object.<anonymous>.process.env.NODE_ENV.exports.act (node_modules/react/cjs/react.development.js:859:10)
      at actImplementation (node_modules/@testing-library/react-native/src/act.ts:30:25)
      at renderWithAct (node_modules/@testing-library/react-native/src/render-act.ts:13:11)
      at renderInternal (node_modules/@testing-library/react-native/src/render.tsx:69:33)
      at renderInternal (node_modules/@testing-library/react-native/src/render.tsx:44:10)
      at Object.<anonymous> (src/screens/CreateParty/CreateParty.test.tsx:181:55)
      at asyncGeneratorStep (node_modules/@babel/runtime/helpers/asyncToGenerator.js:3:17)
      at _next (node_modules/@babel/runtime/helpers/asyncToGenerator.js:17:9)
      at node_modules/@babel/runtime/helpers/asyncToGenerator.js:22:7
      at Object.<anonymous> (node_modules/@babel/runtime/helpers/asyncToGenerator.js:14:12)

FAIL src/components/IconButton/IconButtonViewModel.test.ts
  ● useIconButtonViewModel › deve retornar valores padrão quando o variant é 'transparent'

    TypeError: (0 , _styles.createStyles) is not a function

      14 | export function useIconButtonViewModel({ iconName, variant = "transparent", color, size, style, ...touchableOpacityProps }: Props) {
      15 |     const { theme } = useAppTheme();
    > 16 |     const styles = createStyles(theme);
         |                                ^
      17 |     const defaultColor = variant === "fab" ? theme.colors.surface : theme.colors.text;
      18 |
      19 |     const defaultSize = variant === "fab" ? 32 : 24;

      at useIconButtonViewModel (src/components/IconButton/IconButtonViewModel.ts:16:32)
      at src/components/IconButton/IconButtonViewModel.test.ts:19:63
      at hookToRender (node_modules/@testing-library/react-native/src/render-hook.tsx:46:26)
      at Object.react-stack-bottom-frame (node_modules/react-test-renderer/cjs/react-test-renderer.development.js:13976:20)
      at renderWithHooks (node_modules/react-test-renderer/cjs/react-test-renderer.development.js:2866:22)
      at updateFunctionComponent (node_modules/react-test-renderer/cjs/react-test-renderer.development.js:6006:19)
      at beginWork (node_modules/react-test-renderer/cjs/react-test-renderer.development.js:7474:18)
      at runWithFiberInDEV (node_modules/react-test-renderer/cjs/react-test-renderer.development.js:1574:13)
      at performUnitOfWork (node_modules/react-test-renderer/cjs/react-test-renderer.development.js:10972:22)
      at workLoopSync (node_modules/react-test-renderer/cjs/react-test-renderer.development.js:10816:41)
      at renderRootSync (node_modules/react-test-renderer/cjs/react-test-renderer.development.js:10797:11)
      at performWorkOnRoot (node_modules/react-test-renderer/cjs/react-test-renderer.development.js:10384:39)
      at performWorkOnRootViaSchedulerTask (node_modules/react-test-renderer/cjs/react-test-renderer.development.js:2094:7)
      at flushActQueue (node_modules/react/cjs/react.development.js:566:34)
      at Object.<anonymous>.process.env.NODE_ENV.exports.act (node_modules/react/cjs/react.development.js:859:10)
      at actImplementation (node_modules/@testing-library/react-native/src/act.ts:30:25)
      at renderWithAct (node_modules/@testing-library/react-native/src/render-act.ts:13:11)
      at renderInternal (node_modules/@testing-library/react-native/src/render.tsx:69:33)
      at renderInternal (node_modules/@testing-library/react-native/src/render.tsx:44:10)
      at renderHook (node_modules/@testing-library/react-native/src/render-hook.tsx:55:58)
      at Object.<anonymous> (src/components/IconButton/IconButtonViewModel.test.ts:19:34)

  ● useIconButtonViewModel › deve retornar valores específicos quando o variant é 'fab'

    TypeError: (0 , _styles.createStyles) is not a function

      14 | export function useIconButtonViewModel({ iconName, variant = "transparent", color, size, style, ...touchableOpacityProps }: Props) {
      15 |     const { theme } = useAppTheme();
    > 16 |     const styles = createStyles(theme);
         |                                ^
      17 |     const defaultColor = variant === "fab" ? theme.colors.surface : theme.colors.text;
      18 |
      19 |     const defaultSize = variant === "fab" ? 32 : 24;

      at useIconButtonViewModel (src/components/IconButton/IconButtonViewModel.ts:16:32)
      at src/components/IconButton/IconButtonViewModel.test.ts:28:29
      at hookToRender (node_modules/@testing-library/react-native/src/render-hook.tsx:46:26)
      at Object.react-stack-bottom-frame (node_modules/react-test-renderer/cjs/react-test-renderer.development.js:13976:20)
      at renderWithHooks (node_modules/react-test-renderer/cjs/react-test-renderer.development.js:2866:22)
      at updateFunctionComponent (node_modules/react-test-renderer/cjs/react-test-renderer.development.js:6006:19)
      at beginWork (node_modules/react-test-renderer/cjs/react-test-renderer.development.js:7474:18)
      at runWithFiberInDEV (node_modules/react-test-renderer/cjs/react-test-renderer.development.js:1574:13)
      at performUnitOfWork (node_modules/react-test-renderer/cjs/react-test-renderer.development.js:10972:22)
      at workLoopSync (node_modules/react-test-renderer/cjs/react-test-renderer.development.js:10816:41)
      at renderRootSync (node_modules/react-test-renderer/cjs/react-test-renderer.development.js:10797:11)
      at performWorkOnRoot (node_modules/react-test-renderer/cjs/react-test-renderer.development.js:10384:39)
      at performWorkOnRootViaSchedulerTask (node_modules/react-test-renderer/cjs/react-test-renderer.development.js:2094:7)
      at flushActQueue (node_modules/react/cjs/react.development.js:566:34)
      at Object.<anonymous>.process.env.NODE_ENV.exports.act (node_modules/react/cjs/react.development.js:859:10)
      at actImplementation (node_modules/@testing-library/react-native/src/act.ts:30:25)
      at renderWithAct (node_modules/@testing-library/react-native/src/render-act.ts:13:11)
      at renderInternal (node_modules/@testing-library/react-native/src/render.tsx:69:33)
      at renderInternal (node_modules/@testing-library/react-native/src/render.tsx:44:10)
      at renderHook (node_modules/@testing-library/react-native/src/render-hook.tsx:55:58)
      at Object.<anonymous> (src/components/IconButton/IconButtonViewModel.test.ts:27:34)

  ● useIconButtonViewModel › deve priorizar a cor e o tamanho passados via props

    TypeError: (0 , _styles.createStyles) is not a function

      14 | export function useIconButtonViewModel({ iconName, variant = "transparent", color, size, style, ...touchableOpacityProps }: Props) {
      15 |     const { theme } = useAppTheme();
    > 16 |     const styles = createStyles(theme);
         |                                ^
      17 |     const defaultColor = variant === "fab" ? theme.colors.surface : theme.colors.text;
      18 |
      19 |     const defaultSize = variant === "fab" ? 32 : 24;

      at useIconButtonViewModel (src/components/IconButton/IconButtonViewModel.ts:16:32)
      at src/components/IconButton/IconButtonViewModel.test.ts:42:63
      at hookToRender (node_modules/@testing-library/react-native/src/render-hook.tsx:46:26)
      at Object.react-stack-bottom-frame (node_modules/react-test-renderer/cjs/react-test-renderer.development.js:13976:20)
      at renderWithHooks (node_modules/react-test-renderer/cjs/react-test-renderer.development.js:2866:22)
      at updateFunctionComponent (node_modules/react-test-renderer/cjs/react-test-renderer.development.js:6006:19)
      at beginWork (node_modules/react-test-renderer/cjs/react-test-renderer.development.js:7474:18)
      at runWithFiberInDEV (node_modules/react-test-renderer/cjs/react-test-renderer.development.js:1574:13)
      at performUnitOfWork (node_modules/react-test-renderer/cjs/react-test-renderer.development.js:10972:22)
      at workLoopSync (node_modules/react-test-renderer/cjs/react-test-renderer.development.js:10816:41)
      at renderRootSync (node_modules/react-test-renderer/cjs/react-test-renderer.development.js:10797:11)
      at performWorkOnRoot (node_modules/react-test-renderer/cjs/react-test-renderer.development.js:10384:39)
      at performWorkOnRootViaSchedulerTask (node_modules/react-test-renderer/cjs/react-test-renderer.development.js:2094:7)
      at flushActQueue (node_modules/react/cjs/react.development.js:566:34)
      at Object.<anonymous>.process.env.NODE_ENV.exports.act (node_modules/react/cjs/react.development.js:859:10)
      at actImplementation (node_modules/@testing-library/react-native/src/act.ts:30:25)
      at renderWithAct (node_modules/@testing-library/react-native/src/render-act.ts:13:11)
      at renderInternal (node_modules/@testing-library/react-native/src/render.tsx:69:33)
      at renderInternal (node_modules/@testing-library/react-native/src/render.tsx:44:10)
      at renderHook (node_modules/@testing-library/react-native/src/render-hook.tsx:55:58)
      at Object.<anonymous> (src/components/IconButton/IconButtonViewModel.test.ts:42:34)

  ● useIconButtonViewModel › deve compor os estilos corretamente baseado no variant

    TypeError: (0 , _styles.createStyles) is not a function

      14 | export function useIconButtonViewModel({ iconName, variant = "transparent", color, size, style, ...touchableOpacityProps }: Props) {
      15 |     const { theme } = useAppTheme();
    > 16 |     const styles = createStyles(theme);
         |                                ^
      17 |     const defaultColor = variant === "fab" ? theme.colors.surface : theme.colors.text;
      18 |
      19 |     const defaultSize = variant === "fab" ? 32 : 24;

      at useIconButtonViewModel (src/components/IconButton/IconButtonViewModel.ts:16:32)
      at src/components/IconButton/IconButtonViewModel.test.ts:50:29
      at hookToRender (node_modules/@testing-library/react-native/src/render-hook.tsx:46:26)
      at Object.react-stack-bottom-frame (node_modules/react-test-renderer/cjs/react-test-renderer.development.js:13976:20)
      at renderWithHooks (node_modules/react-test-renderer/cjs/react-test-renderer.development.js:2866:22)
      at updateFunctionComponent (node_modules/react-test-renderer/cjs/react-test-renderer.development.js:6006:19)
      at beginWork (node_modules/react-test-renderer/cjs/react-test-renderer.development.js:7474:18)
      at runWithFiberInDEV (node_modules/react-test-renderer/cjs/react-test-renderer.development.js:1574:13)
      at performUnitOfWork (node_modules/react-test-renderer/cjs/react-test-renderer.development.js:10972:22)
      at workLoopSync (node_modules/react-test-renderer/cjs/react-test-renderer.development.js:10816:41)
      at renderRootSync (node_modules/react-test-renderer/cjs/react-test-renderer.development.js:10797:11)
      at performWorkOnRoot (node_modules/react-test-renderer/cjs/react-test-renderer.development.js:10384:39)
      at performWorkOnRootViaSchedulerTask (node_modules/react-test-renderer/cjs/react-test-renderer.development.js:2094:7)
      at flushActQueue (node_modules/react/cjs/react.development.js:566:34)
      at Object.<anonymous>.process.env.NODE_ENV.exports.act (node_modules/react/cjs/react.development.js:859:10)
      at actImplementation (node_modules/@testing-library/react-native/src/act.ts:30:25)
      at renderWithAct (node_modules/@testing-library/react-native/src/render-act.ts:13:11)
      at renderInternal (node_modules/@testing-library/react-native/src/render.tsx:69:33)
      at renderInternal (node_modules/@testing-library/react-native/src/render.tsx:44:10)
      at renderHook (node_modules/@testing-library/react-native/src/render-hook.tsx:55:58)
      at Object.<anonymous> (src/components/IconButton/IconButtonViewModel.test.ts:49:34)

  ● useIconButtonViewModel › deve repassar as demais propriedades do TouchableOpacity

    TypeError: (0 , _styles.createStyles) is not a function

      14 | export function useIconButtonViewModel({ iconName, variant = "transparent", color, size, style, ...touchableOpacityProps }: Props) {
      15 |     const { theme } = useAppTheme();
    > 16 |     const styles = createStyles(theme);
         |                                ^
      17 |     const defaultColor = variant === "fab" ? theme.colors.surface : theme.colors.text;
      18 |
      19 |     const defaultSize = variant === "fab" ? 32 : 24;

      at useIconButtonViewModel (src/components/IconButton/IconButtonViewModel.ts:16:32)
      at src/components/IconButton/IconButtonViewModel.test.ts:60:29
      at hookToRender (node_modules/@testing-library/react-native/src/render-hook.tsx:46:26)
      at Object.react-stack-bottom-frame (node_modules/react-test-renderer/cjs/react-test-renderer.development.js:13976:20)
      at renderWithHooks (node_modules/react-test-renderer/cjs/react-test-renderer.development.js:2866:22)
      at updateFunctionComponent (node_modules/react-test-renderer/cjs/react-test-renderer.development.js:6006:19)
      at beginWork (node_modules/react-test-renderer/cjs/react-test-renderer.development.js:7474:18)
      at runWithFiberInDEV (node_modules/react-test-renderer/cjs/react-test-renderer.development.js:1574:13)
      at performUnitOfWork (node_modules/react-test-renderer/cjs/react-test-renderer.development.js:10972:22)
      at workLoopSync (node_modules/react-test-renderer/cjs/react-test-renderer.development.js:10816:41)
      at renderRootSync (node_modules/react-test-renderer/cjs/react-test-renderer.development.js:10797:11)
      at performWorkOnRoot (node_modules/react-test-renderer/cjs/react-test-renderer.development.js:10384:39)
      at performWorkOnRootViaSchedulerTask (node_modules/react-test-renderer/cjs/react-test-renderer.development.js:2094:7)
      at flushActQueue (node_modules/react/cjs/react.development.js:566:34)
      at Object.<anonymous>.process.env.NODE_ENV.exports.act (node_modules/react/cjs/react.development.js:859:10)
      at actImplementation (node_modules/@testing-library/react-native/src/act.ts:30:25)
      at renderWithAct (node_modules/@testing-library/react-native/src/render-act.ts:13:11)
      at renderInternal (node_modules/@testing-library/react-native/src/render.tsx:69:33)
      at renderInternal (node_modules/@testing-library/react-native/src/render.tsx:44:10)
      at renderHook (node_modules/@testing-library/react-native/src/render-hook.tsx:55:58)
      at Object.<anonymous> (src/components/IconButton/IconButtonViewModel.test.ts:59:34)

FAIL src/components/Input/InputViewModel.test.ts
  ● useInputViewModel › deve retornar o label corretamente

    TypeError: (0 , _styles.createStyles) is not a function

      13 | export function useInputViewModel({ label, containerStyle, inputContainerStyle, style, isPassword, secureTextEntry, ...textInputProps }: Props) {
      14 |     const { theme } = useAppTheme();
    > 15 |     const styles = createStyles(theme);
         |                                ^
      16 |     const [isPasswordVisible, setIsPasswordVisible] = useState(false);
      17 |     const textInputStyle = [styles.input, style];
      18 |     

      at useInputViewModel (src/components/Input/InputViewModel.ts:15:32)
      at src/components/Input/InputViewModel.test.ts:20:58
      at hookToRender (node_modules/@testing-library/react-native/src/render-hook.tsx:46:26)
      at Object.react-stack-bottom-frame (node_modules/react-test-renderer/cjs/react-test-renderer.development.js:13976:20)
      at renderWithHooks (node_modules/react-test-renderer/cjs/react-test-renderer.development.js:2866:22)
      at updateFunctionComponent (node_modules/react-test-renderer/cjs/react-test-renderer.development.js:6006:19)
      at beginWork (node_modules/react-test-renderer/cjs/react-test-renderer.development.js:7474:18)
      at runWithFiberInDEV (node_modules/react-test-renderer/cjs/react-test-renderer.development.js:1574:13)
      at performUnitOfWork (node_modules/react-test-renderer/cjs/react-test-renderer.development.js:10972:22)
      at workLoopSync (node_modules/react-test-renderer/cjs/react-test-renderer.development.js:10816:41)
      at renderRootSync (node_modules/react-test-renderer/cjs/react-test-renderer.development.js:10797:11)
      at performWorkOnRoot (node_modules/react-test-renderer/cjs/react-test-renderer.development.js:10384:39)
      at performWorkOnRootViaSchedulerTask (node_modules/react-test-renderer/cjs/react-test-renderer.development.js:2094:7)
      at flushActQueue (node_modules/react/cjs/react.development.js:566:34)
      at Object.<anonymous>.process.env.NODE_ENV.exports.act (node_modules/react/cjs/react.development.js:859:10)
      at actImplementation (node_modules/@testing-library/react-native/src/act.ts:30:25)
      at renderWithAct (node_modules/@testing-library/react-native/src/render-act.ts:13:11)
      at renderInternal (node_modules/@testing-library/react-native/src/render.tsx:69:33)
      at renderInternal (node_modules/@testing-library/react-native/src/render.tsx:44:10)
      at renderHook (node_modules/@testing-library/react-native/src/render-hook.tsx:55:58)
      at Object.<anonymous> (src/components/Input/InputViewModel.test.ts:20:34)

  ● useInputViewModel › deve compor o array de estilos do TextInput com o estilo base e o estilo customizado

    TypeError: (0 , _styles.createStyles) is not a function

      13 | export function useInputViewModel({ label, containerStyle, inputContainerStyle, style, isPassword, secureTextEntry, ...textInputProps }: Props) {
      14 |     const { theme } = useAppTheme();
    > 15 |     const styles = createStyles(theme);
         |                                ^
      16 |     const [isPasswordVisible, setIsPasswordVisible] = useState(false);
      17 |     const textInputStyle = [styles.input, style];
      18 |     

      at useInputViewModel (src/components/Input/InputViewModel.ts:15:32)
      at src/components/Input/InputViewModel.test.ts:28:24
      at hookToRender (node_modules/@testing-library/react-native/src/render-hook.tsx:46:26)
      at Object.react-stack-bottom-frame (node_modules/react-test-renderer/cjs/react-test-renderer.development.js:13976:20)
      at renderWithHooks (node_modules/react-test-renderer/cjs/react-test-renderer.development.js:2866:22)
      at updateFunctionComponent (node_modules/react-test-renderer/cjs/react-test-renderer.development.js:6006:19)
      at beginWork (node_modules/react-test-renderer/cjs/react-test-renderer.development.js:7474:18)
      at runWithFiberInDEV (node_modules/react-test-renderer/cjs/react-test-renderer.development.js:1574:13)
      at performUnitOfWork (node_modules/react-test-renderer/cjs/react-test-renderer.development.js:10972:22)
      at workLoopSync (node_modules/react-test-renderer/cjs/react-test-renderer.development.js:10816:41)
      at renderRootSync (node_modules/react-test-renderer/cjs/react-test-renderer.development.js:10797:11)
      at performWorkOnRoot (node_modules/react-test-renderer/cjs/react-test-renderer.development.js:10384:39)
      at performWorkOnRootViaSchedulerTask (node_modules/react-test-renderer/cjs/react-test-renderer.development.js:2094:7)
      at flushActQueue (node_modules/react/cjs/react.development.js:566:34)
      at Object.<anonymous>.process.env.NODE_ENV.exports.act (node_modules/react/cjs/react.development.js:859:10)
      at actImplementation (node_modules/@testing-library/react-native/src/act.ts:30:25)
      at renderWithAct (node_modules/@testing-library/react-native/src/render-act.ts:13:11)
      at renderInternal (node_modules/@testing-library/react-native/src/render.tsx:69:33)
      at renderInternal (node_modules/@testing-library/react-native/src/render.tsx:44:10)
      at renderHook (node_modules/@testing-library/react-native/src/render-hook.tsx:55:58)
      at Object.<anonymous> (src/components/Input/InputViewModel.test.ts:27:34)

  ● useInputViewModel › deve retornar o containerStyle quando fornecido

    TypeError: (0 , _styles.createStyles) is not a function

      13 | export function useInputViewModel({ label, containerStyle, inputContainerStyle, style, isPassword, secureTextEntry, ...textInputProps }: Props) {
      14 |     const { theme } = useAppTheme();
    > 15 |     const styles = createStyles(theme);
         |                                ^
      16 |     const [isPasswordVisible, setIsPasswordVisible] = useState(false);
      17 |     const textInputStyle = [styles.input, style];
      18 |     

      at useInputViewModel (src/components/Input/InputViewModel.ts:15:32)
      at src/components/Input/InputViewModel.test.ts:43:24
      at hookToRender (node_modules/@testing-library/react-native/src/render-hook.tsx:46:26)
      at Object.react-stack-bottom-frame (node_modules/react-test-renderer/cjs/react-test-renderer.development.js:13976:20)
      at renderWithHooks (node_modules/react-test-renderer/cjs/react-test-renderer.development.js:2866:22)
      at updateFunctionComponent (node_modules/react-test-renderer/cjs/react-test-renderer.development.js:6006:19)
      at beginWork (node_modules/react-test-renderer/cjs/react-test-renderer.development.js:7474:18)
      at runWithFiberInDEV (node_modules/react-test-renderer/cjs/react-test-renderer.development.js:1574:13)
      at performUnitOfWork (node_modules/react-test-renderer/cjs/react-test-renderer.development.js:10972:22)
      at workLoopSync (node_modules/react-test-renderer/cjs/react-test-renderer.development.js:10816:41)
      at renderRootSync (node_modules/react-test-renderer/cjs/react-test-renderer.development.js:10797:11)
      at performWorkOnRoot (node_modules/react-test-renderer/cjs/react-test-renderer.development.js:10384:39)
      at performWorkOnRootViaSchedulerTask (node_modules/react-test-renderer/cjs/react-test-renderer.development.js:2094:7)
      at flushActQueue (node_modules/react/cjs/react.development.js:566:34)
      at Object.<anonymous>.process.env.NODE_ENV.exports.act (node_modules/react/cjs/react.development.js:859:10)
      at actImplementation (node_modules/@testing-library/react-native/src/act.ts:30:25)
      at renderWithAct (node_modules/@testing-library/react-native/src/render-act.ts:13:11)
      at renderInternal (node_modules/@testing-library/react-native/src/render.tsx:69:33)
      at renderInternal (node_modules/@testing-library/react-native/src/render.tsx:44:10)
      at renderHook (node_modules/@testing-library/react-native/src/render-hook.tsx:55:58)
      at Object.<anonymous> (src/components/Input/InputViewModel.test.ts:42:34)

  ● useInputViewModel › deve repassar as demais propriedades do TextInput (rest props)

    TypeError: (0 , _styles.createStyles) is not a function

      13 | export function useInputViewModel({ label, containerStyle, inputContainerStyle, style, isPassword, secureTextEntry, ...textInputProps }: Props) {
      14 |     const { theme } = useAppTheme();
    > 15 |     const styles = createStyles(theme);
         |                                ^
      16 |     const [isPasswordVisible, setIsPasswordVisible] = useState(false);
      17 |     const textInputStyle = [styles.input, style];
      18 |     

      at useInputViewModel (src/components/Input/InputViewModel.ts:15:32)
      at src/components/Input/InputViewModel.test.ts:51:24
      at hookToRender (node_modules/@testing-library/react-native/src/render-hook.tsx:46:26)
      at Object.react-stack-bottom-frame (node_modules/react-test-renderer/cjs/react-test-renderer.development.js:13976:20)
      at renderWithHooks (node_modules/react-test-renderer/cjs/react-test-renderer.development.js:2866:22)
      at updateFunctionComponent (node_modules/react-test-renderer/cjs/react-test-renderer.development.js:6006:19)
      at beginWork (node_modules/react-test-renderer/cjs/react-test-renderer.development.js:7474:18)
      at runWithFiberInDEV (node_modules/react-test-renderer/cjs/react-test-renderer.development.js:1574:13)
      at performUnitOfWork (node_modules/react-test-renderer/cjs/react-test-renderer.development.js:10972:22)
      at workLoopSync (node_modules/react-test-renderer/cjs/react-test-renderer.development.js:10816:41)
      at renderRootSync (node_modules/react-test-renderer/cjs/react-test-renderer.development.js:10797:11)
      at performWorkOnRoot (node_modules/react-test-renderer/cjs/react-test-renderer.development.js:10384:39)
      at performWorkOnRootViaSchedulerTask (node_modules/react-test-renderer/cjs/react-test-renderer.development.js:2094:7)
      at flushActQueue (node_modules/react/cjs/react.development.js:566:34)
      at Object.<anonymous>.process.env.NODE_ENV.exports.act (node_modules/react/cjs/react.development.js:859:10)
      at actImplementation (node_modules/@testing-library/react-native/src/act.ts:30:25)
      at renderWithAct (node_modules/@testing-library/react-native/src/render-act.ts:13:11)
      at renderInternal (node_modules/@testing-library/react-native/src/render.tsx:69:33)
      at renderInternal (node_modules/@testing-library/react-native/src/render.tsx:44:10)
      at renderHook (node_modules/@testing-library/react-native/src/render-hook.tsx:55:58)
      at Object.<anonymous> (src/components/Input/InputViewModel.test.ts:50:34)

  ● useInputViewModel › deve manter a referência de funções passadas via props

    TypeError: (0 , _styles.createStyles) is not a function

      13 | export function useInputViewModel({ label, containerStyle, inputContainerStyle, style, isPassword, secureTextEntry, ...textInputProps }: Props) {
      14 |     const { theme } = useAppTheme();
    > 15 |     const styles = createStyles(theme);
         |                                ^
      16 |     const [isPasswordVisible, setIsPasswordVisible] = useState(false);
      17 |     const textInputStyle = [styles.input, style];
      18 |     

      at useInputViewModel (src/components/Input/InputViewModel.ts:15:32)
      at src/components/Input/InputViewModel.test.ts:67:24
      at hookToRender (node_modules/@testing-library/react-native/src/render-hook.tsx:46:26)
      at Object.react-stack-bottom-frame (node_modules/react-test-renderer/cjs/react-test-renderer.development.js:13976:20)
      at renderWithHooks (node_modules/react-test-renderer/cjs/react-test-renderer.development.js:2866:22)
      at updateFunctionComponent (node_modules/react-test-renderer/cjs/react-test-renderer.development.js:6006:19)
      at beginWork (node_modules/react-test-renderer/cjs/react-test-renderer.development.js:7474:18)
      at runWithFiberInDEV (node_modules/react-test-renderer/cjs/react-test-renderer.development.js:1574:13)
      at performUnitOfWork (node_modules/react-test-renderer/cjs/react-test-renderer.development.js:10972:22)
      at workLoopSync (node_modules/react-test-renderer/cjs/react-test-renderer.development.js:10816:41)
      at renderRootSync (node_modules/react-test-renderer/cjs/react-test-renderer.development.js:10797:11)
      at performWorkOnRoot (node_modules/react-test-renderer/cjs/react-test-renderer.development.js:10384:39)
      at performWorkOnRootViaSchedulerTask (node_modules/react-test-renderer/cjs/react-test-renderer.development.js:2094:7)
      at flushActQueue (node_modules/react/cjs/react.development.js:566:34)
      at Object.<anonymous>.process.env.NODE_ENV.exports.act (node_modules/react/cjs/react.development.js:859:10)
      at actImplementation (node_modules/@testing-library/react-native/src/act.ts:30:25)
      at renderWithAct (node_modules/@testing-library/react-native/src/render-act.ts:13:11)
      at renderInternal (node_modules/@testing-library/react-native/src/render.tsx:69:33)
      at renderInternal (node_modules/@testing-library/react-native/src/render.tsx:44:10)
      at renderHook (node_modules/@testing-library/react-native/src/render-hook.tsx:55:58)
      at Object.<anonymous> (src/components/Input/InputViewModel.test.ts:66:34)

FAIL src/screens/Scan/ScanScreen.test.tsx
  ● Tela Scan › deve renderizar a CameraView caso a permissão seja concedida

    Unable to find an element with text: Aponte a câmera para o QR Code para entrar na Party

    [
      [36m<Text[39m
        [33mtestID[39m=[32m"app-header"[39m
      [36m>[39m
        [0mEscanear Party[0m
      [36m</Text>[39m,
      [36m<View>[39m
        [36m<View[39m
          [33mtestID[39m=[32m"camera-view"[39m
        [36m/>[39m
        [36m<View[39m
          [33mpointerEvents[39m=[32m"box-none"[39m
        [36m>[39m
          [36m<View[39m
            [33mpointerEvents[39m=[32m"box-none"[39m
          [36m>[39m
            [36m<Text>[39m
              [0mAponte a câmera para o QR Code[0m
            [36m</Text>[39m
          [36m</View>[39m
          [36m<View[39m
            [33mpointerEvents[39m=[32m"none"[39m
          [36m>[39m
            [36m<View />[39m
          [36m</View>[39m
          [36m<View[39m
            [33mpointerEvents[39m=[32m"box-none"[39m
          [36m>[39m
            [36m<View[39m
              [33maccessibilityState[39m=[32m{
                {
                  "disabled": false,
                }
              }[39m
              [33maccessible[39m=[32m{true}[39m
            [36m>[39m
              [36m<Text>[39m
                [0mDigitar Código Manualmente[0m
              [36m</Text>[39m
            [36m</View>[39m
          [36m</View>[39m
        [36m</View>[39m
      [36m</View>[39m,
      [36m<View[39m
        [33mtestID[39m=[32m"app-footer"[39m
      [36m/>[39m,
    ]

      81 |     expect(getByTestId('camera-view')).toBeTruthy();
      82 |
    > 83 |     expect(getByText('Aponte a câmera para o QR Code para entrar na Party')).toBeTruthy();
         |            ^
      84 |     
      85 |     expect(queryByText('Acesso à Câmera Necessário')).toBeNull();
      86 |   });

      at Object.getByText (src/screens/Scan/ScanScreen.test.tsx:83:12)

FAIL src/components/Button/ButtonViewModel.test.ts
  ● useButtonViewModel › deve compor os estilos corretamente baseados na variante

    expect(received).toContain(expected) // indexOf

    Expected value: {"alignItems": "center", "borderRadius": 8, "height": 50, "justifyContent": "center", "paddingHorizontal": 20, "width": "100%"}
    Received array: [{"alignItems": "center", "borderRadius": 8, "height": 50, "justifyContent": "center", "paddingHorizontal": 20, "width": "100%"}, {"backgroundColor": "#FFCA3A"}, undefined]

    Looks like you wanted to test for object/array equality with the stricter `toContain` matcher. You probably need to use `toContainEqual` instead.

      45 |     );
      46 |
    > 47 |     expect(result.current.touchableOpacityStyles).toContain(styles.base);
         |                                                   ^
      48 |     expect(result.current.touchableOpacityStyles).toContain(styles.accent);
      49 |     
      50 |     expect(result.current.textStyles).toContain(styles.textBase);

      at Object.toContain (src/components/Button/ButtonViewModel.test.ts:47:51)


Test Suites: 7 failed, 70 passed, 77 total
Tests:       21 failed, 335 passed, 356 total
Snapshots:   0 total
Time:        12.589 s, estimated 16 s
Ran all test suites.
